#1 [internal] load local bake definitions
#1 reading from stdin 733B done
#1 DONE 0.0s

#2 [internal] load build definition from Dockerfile
#2 transferring dockerfile: 3.89kB done
#2 DONE 0.0s

#3 [internal] load metadata for docker.io/library/ubuntu:22.04
#3 DONE 1.8s

#4 [internal] load .dockerignore
#4 transferring context: 2B done
#4 DONE 0.0s

#5 [ 1/14] FROM docker.io/library/ubuntu:22.04@sha256:104ae83764a5119017b8e8d6218fa0832b09df65aae7d5a6de29a85d813da2fb
#5 resolve docker.io/library/ubuntu:22.04@sha256:104ae83764a5119017b8e8d6218fa0832b09df65aae7d5a6de29a85d813da2fb 0.0s done
#5 DONE 0.0s

#6 [ 2/14] WORKDIR /var/www/html
#6 CACHED

#7 [internal] load build context
#7 transferring context: 99B done
#7 DONE 0.0s

#8 [ 3/14] RUN ln -snf /usr/share/zoneinfo/UTC /etc/localtime && echo UTC > /etc/timezone
#8 DONE 0.2s

#9 [ 4/14] RUN echo "Acquire::http::Pipeline-Depth 0;" > /etc/apt/apt.conf.d/99custom &&     echo "Acquire::http::No-Cache true;" >> /etc/apt/apt.conf.d/99custom &&     echo "Acquire::BrokenProxy    true;" >> /etc/apt/apt.conf.d/99custom
#9 DONE 0.2s

#10 [ 5/14] RUN apt-get update && apt-get upgrade -y     && mkdir -p /etc/apt/keyrings     && apt-get install -y gnupg gosu curl ca-certificates zip unzip git supervisor sqlite3 libcap2-bin libpng-dev python3 dnsutils librsvg2-bin fswatch ffmpeg nano      && curl -sS 'https://keyserver.ubuntu.com/pks/lookup?op=get&search=0xb8dc7e53946656efbce4c1dd71daeaab4ad4cab6' | gpg --dearmor | tee /etc/apt/keyrings/ppa_ondrej_php.gpg > /dev/null     && echo "deb [signed-by=/etc/apt/keyrings/ppa_ondrej_php.gpg] https://ppa.launchpadcontent.net/ondrej/php/ubuntu jammy main" > /etc/apt/sources.list.d/ppa_ondrej_php.list     && apt-get update     && apt-get install -y     libgd3     php8.5-cli     php8.5-dev     php8.5-pgsql     php8.5-sqlite3     php8.5-gd     php8.5-curl     php8.5-mongodb     php8.5-imap     php8.5-mysql     php8.5-mbstring     php8.5-xml     php8.5-zip     php8.5-bcmath     php8.5-soap     php8.5-intl     php8.5-readline     php8.5-ldap     php8.5-msgpack     php8.5-igbinary     php8.5-redis     php8.5-memcached     php8.5-pcov     php8.5-imagick     php8.5-xdebug     && curl -sLS https://getcomposer.org/installer | php -- --install-dir=/usr/bin/ --filename=composer     && curl -fsSL https://deb.nodesource.com/gpgkey/nodesource-repo.gpg.key | gpg --dearmor -o /etc/apt/keyrings/nodesource.gpg     && echo "deb [signed-by=/etc/apt/keyrings/nodesource.gpg] https://deb.nodesource.com/node_24.x nodistro main" > /etc/apt/sources.list.d/nodesource.list     && apt-get update     && apt-get install -y nodejs     && npm install -g npm     && npm install -g pnpm     && npm install -g bun     && npx playwright install-deps     && curl -sS https://dl.yarnpkg.com/debian/pubkey.gpg | gpg --dearmor | tee /etc/apt/keyrings/yarn.gpg >/dev/null     && echo "deb [signed-by=/etc/apt/keyrings/yarn.gpg] https://dl.yarnpkg.com/debian/ stable main" > /etc/apt/sources.list.d/yarn.list     && curl -sS https://www.postgresql.org/media/keys/ACCC4CF8.asc | gpg --dearmor | tee /etc/apt/keyrings/pgdg.gpg >/dev/null     && echo "deb [signed-by=/etc/apt/keyrings/pgdg.gpg] http://apt.postgresql.org/pub/repos/apt jammy-pgdg main" > /etc/apt/sources.list.d/pgdg.list     && apt-get update     && apt-get install -y yarn     && apt-get install -y mysql-client     && apt-get install -y postgresql-client-18     && apt-get -y autoremove     && apt-get clean     && rm -rf /var/lib/apt/lists/* /tmp/* /var/tmp/*
#10 2.026 Get:1 http://security.ubuntu.com/ubuntu jammy-security InRelease [129 kB]
#10 2.329 Get:2 http://archive.ubuntu.com/ubuntu jammy InRelease [270 kB]
#10 3.429 Get:3 http://security.ubuntu.com/ubuntu jammy-security/restricted amd64 Packages [6205 kB]
#10 4.480 Get:4 http://archive.ubuntu.com/ubuntu jammy-updates InRelease [128 kB]
#10 5.192 Get:5 http://archive.ubuntu.com/ubuntu jammy-backports InRelease [127 kB]
#10 5.883 Get:6 http://archive.ubuntu.com/ubuntu jammy/restricted amd64 Packages [164 kB]
#10 9.261 Get:7 http://archive.ubuntu.com/ubuntu jammy/main amd64 Packages [1792 kB]
#10 13.71 Get:8 http://archive.ubuntu.com/ubuntu jammy/multiverse amd64 Packages [266 kB]
#10 13.97 Get:9 http://security.ubuntu.com/ubuntu jammy-security/multiverse amd64 Packages [60.9 kB]
#10 14.45 Get:10 http://security.ubuntu.com/ubuntu jammy-security/universe amd64 Packages [1287 kB]
#10 14.91 Get:11 http://archive.ubuntu.com/ubuntu jammy/universe amd64 Packages [17.5 MB]
#10 18.43 Get:12 http://security.ubuntu.com/ubuntu jammy-security/main amd64 Packages [3633 kB]
#10 43.68 Get:13 http://archive.ubuntu.com/ubuntu jammy-updates/multiverse amd64 Packages [69.2 kB]
#10 44.29 Get:14 http://archive.ubuntu.com/ubuntu jammy-updates/restricted amd64 Packages [6411 kB]
#10 50.79 Get:15 http://archive.ubuntu.com/ubuntu jammy-updates/main amd64 Packages [3966 kB]
#10 54.38 Get:16 http://archive.ubuntu.com/ubuntu jammy-updates/universe amd64 Packages [1598 kB]
#10 57.33 Get:17 http://archive.ubuntu.com/ubuntu jammy-backports/universe amd64 Packages [37.2 kB]
#10 57.62 Get:18 http://archive.ubuntu.com/ubuntu jammy-backports/main amd64 Packages [83.9 kB]
#10 57.71 Fetched 43.7 MB in 57s (761 kB/s)
#10 57.71 Reading package lists...
#10 58.68 Reading package lists...
#10 59.69 Building dependency tree...
#10 59.91 Reading state information...
#10 59.96 Calculating upgrade...
#10 60.23 0 upgraded, 0 newly installed, 0 to remove and 0 not upgraded.
#10 60.26 Reading package lists...
#10 61.30 Building dependency tree...
#10 61.52 Reading state information...
#10 61.89 The following additional packages will be installed:
#10 61.89   alsa-topology-conf alsa-ucm-conf bind9-dnsutils bind9-host bind9-libs dbus
#10 61.89   dirmngr fontconfig fontconfig-config fonts-dejavu-core git-man gnupg-l10n
#10 61.89   gnupg-utils gpg gpg-agent gpg-wks-client gpg-wks-server gpgconf gpgsm
#10 61.89   i965-va-driver intel-media-va-driver less libaacs0 libaom3 libapparmor1
#10 61.89   libasound2 libasound2-data libass9 libassuan0 libasyncns0 libavc1394-0
#10 61.89   libavcodec58 libavdevice58 libavfilter7 libavformat58 libavutil56 libbdplus0
#10 61.89   libblas3 libbluray2 libbrotli1 libbs2b0 libbsd0 libc-dev-bin libc-devtools
#10 61.89   libc6-dev libcaca0 libcairo-gobject2 libcairo2 libcbor0.8 libcdio-cdda2
#10 61.89   libcdio-paranoia2 libcdio19 libchromaprint1 libcodec2-1.0 libcrypt-dev
#10 61.89   libcurl3-gnutls libcurl4 libdatrie1 libdav1d5 libdbus-1-3 libdc1394-25
#10 61.89   libdecor-0-0 libdecor-0-plugin-1-cairo libdeflate0 libdrm-amdgpu1
#10 61.89   libdrm-common libdrm-intel1 libdrm-nouveau2 libdrm-radeon1 libdrm2 libedit2
#10 61.89   libelf1 liberror-perl libexpat1 libfido2-1 libflac8 libflite1 libfontconfig1
#10 61.89   libfreetype6 libfribidi0 libgbm1 libgd3 libgdbm-compat4 libgdbm6
#10 61.89   libgdk-pixbuf-2.0-0 libgdk-pixbuf2.0-bin libgdk-pixbuf2.0-common
#10 61.89   libgfortran5 libgl1 libgl1-amber-dri libgl1-mesa-dri libglapi-mesa
#10 61.89   libglib2.0-0 libglib2.0-data libglvnd0 libglx-mesa0 libglx0 libgme0 libgomp1
#10 61.89   libgraphite2-3 libgsm1 libharfbuzz0b libicu70 libiec61883-0 libigdgmm12
#10 61.89   libjack-jackd2-0 libjbig0 libjpeg-turbo8 libjpeg8 libjson-c5 libksba8
#10 61.89   liblapack3 libldap-2.5-0 libldap-common liblilv-0-0 libllvm15 liblmdb0
#10 61.89   libmaxminddb0 libmd0 libmfx1 libmp3lame0 libmpdec3 libmpg123-0 libmysofa1
#10 61.89   libnghttp2-14 libnorm1 libnpth0 libnsl-dev libnuma1 libogg0 libopenal-data
#10 61.89   libopenal1 libopenjp2-7 libopenmpt0 libopus0 libpam-cap libpango-1.0-0
#10 61.89   libpangocairo-1.0-0 libpangoft2-1.0-0 libpciaccess0 libperl5.34 libpgm-5.3-0
#10 61.89   libpixman-1-0 libpng-tools libpng16-16 libpocketsphinx3 libpostproc55
#10 61.89   libpsl5 libpulse0 libpython3-stdlib libpython3.10-minimal
#10 61.89   libpython3.10-stdlib libquadmath0 librabbitmq4 libraw1394-11 libreadline8
#10 61.89   librsvg2-2 librsvg2-common librtmp1 librubberband2 libsamplerate0 libsasl2-2
#10 61.89   libsasl2-modules libsasl2-modules-db libsdl2-2.0-0 libsensors-config
#10 61.89   libsensors5 libserd-0-0 libshine3 libslang2 libsnappy1v5 libsndfile1
#10 61.89   libsndio7.0 libsodium23 libsord-0-0 libsoxr0 libspeex1 libsphinxbase3
#10 61.89   libsqlite3-0 libsratom-0-0 libsrt1.4-gnutls libssh-4 libssh-gcrypt-4
#10 61.89   libswresample3 libswscale5 libthai-data libthai0 libtheora0 libtiff5
#10 61.89   libtirpc-dev libtwolame0 libudfread0 libusb-1.0-0 libuv1 libva-drm2
#10 61.89   libva-x11-2 libva2 libvdpau1 libvidstab1.1 libvorbis0a libvorbisenc2
#10 61.89   libvorbisfile3 libvpx7 libwayland-client0 libwayland-cursor0 libwayland-egl1
#10 61.89   libwayland-server0 libwebp7 libwebpmux3 libx11-6 libx11-data libx11-xcb1
#10 61.89   libx264-163 libx265-199 libxau6 libxcb-dri2-0 libxcb-dri3-0 libxcb-glx0
#10 61.89   libxcb-present0 libxcb-randr0 libxcb-render0 libxcb-shape0 libxcb-shm0
#10 61.89   libxcb-sync1 libxcb-xfixes0 libxcb1 libxcursor1 libxdmcp6 libxext6
#10 61.89   libxfixes3 libxi6 libxinerama1 libxkbcommon0 libxml2 libxmuu1 libxpm4
#10 61.89   libxrandr2 libxrender1 libxshmfence1 libxss1 libxv1 libxvidcore4 libxxf86vm1
#10 61.89   libzimg2 libzmq5 libzvbi-common libzvbi0 linux-libc-dev manpages
#10 61.89   manpages-dev media-types mesa-va-drivers mesa-vdpau-drivers netbase
#10 61.89   ocl-icd-libopencl1 openssh-client openssl patch perl perl-modules-5.34
#10 61.89   pinentry-curses pocketsphinx-en-us publicsuffix python3-minimal
#10 61.89   python3-pkg-resources python3.10 python3.10-minimal readline-common
#10 61.89   rpcsvc-proto shared-mime-info ucf va-driver-all vdpau-driver-all x11-common
#10 61.89   xauth xdg-user-dirs xkb-data zlib1g-dev
#10 61.89 Suggested packages:
#10 61.89   default-dbus-session-bus | dbus-session-bus dbus-user-session libpam-systemd
#10 61.89   pinentry-gnome3 tor ffmpeg-doc gettext-base git-daemon-run
#10 61.89   | git-daemon-sysvinit git-doc git-email git-gui gitk gitweb git-cvs
#10 61.89   git-mediawiki git-svn parcimonie xloadimage scdaemon i965-va-driver-shaders
#10 61.89   libasound2-plugins alsa-utils libcuda1 libnvcuvid1 libnvidia-encode1
#10 61.89   libbluray-bdj glibc-doc libgd-tools gdbm-l10n jackd2 mmdb-bin libportaudio2
#10 61.89   opus-tools pciutils pulseaudio libraw1394-doc libsasl2-modules-gssapi-mit
#10 61.89   | libsasl2-modules-gssapi-heimdal libsasl2-modules-ldap libsasl2-modules-otp
#10 61.89   libsasl2-modules-sql xdg-utils lm-sensors serdi sndiod sordi speex
#10 61.89   man-browser hunspell opencl-icd keychain libpam-ssh monkeysphere ssh-askpass
#10 61.89   ed diffutils-doc perl-doc libterm-readline-gnu-perl
#10 61.89   | libterm-readline-perl-perl make libtap-harness-archive-perl pinentry-doc
#10 61.89   python3-doc python3-tk python3-venv python3-setuptools python3.10-venv
#10 61.89   python3.10-doc binutils binfmt-support readline-doc sqlite3-doc
#10 61.89   supervisor-doc libvdpau-va-gl1
#10 62.35 The following NEW packages will be installed:
#10 62.35   alsa-topology-conf alsa-ucm-conf bind9-dnsutils bind9-host bind9-libs
#10 62.35   ca-certificates curl dbus dirmngr dnsutils ffmpeg fontconfig
#10 62.35   fontconfig-config fonts-dejavu-core fswatch git git-man gnupg gnupg-l10n
#10 62.35   gnupg-utils gosu gpg gpg-agent gpg-wks-client gpg-wks-server gpgconf gpgsm
#10 62.35   i965-va-driver intel-media-va-driver less libaacs0 libaom3 libapparmor1
#10 62.35   libasound2 libasound2-data libass9 libassuan0 libasyncns0 libavc1394-0
#10 62.35   libavcodec58 libavdevice58 libavfilter7 libavformat58 libavutil56 libbdplus0
#10 62.35   libblas3 libbluray2 libbrotli1 libbs2b0 libbsd0 libc-dev-bin libc-devtools
#10 62.35   libc6-dev libcaca0 libcairo-gobject2 libcairo2 libcap2-bin libcbor0.8
#10 62.35   libcdio-cdda2 libcdio-paranoia2 libcdio19 libchromaprint1 libcodec2-1.0
#10 62.35   libcrypt-dev libcurl3-gnutls libcurl4 libdatrie1 libdav1d5 libdbus-1-3
#10 62.35   libdc1394-25 libdecor-0-0 libdecor-0-plugin-1-cairo libdeflate0
#10 62.35   libdrm-amdgpu1 libdrm-common libdrm-intel1 libdrm-nouveau2 libdrm-radeon1
#10 62.35   libdrm2 libedit2 libelf1 liberror-perl libexpat1 libfido2-1 libflac8
#10 62.35   libflite1 libfontconfig1 libfreetype6 libfribidi0 libgbm1 libgd3
#10 62.35   libgdbm-compat4 libgdbm6 libgdk-pixbuf-2.0-0 libgdk-pixbuf2.0-bin
#10 62.35   libgdk-pixbuf2.0-common libgfortran5 libgl1 libgl1-amber-dri libgl1-mesa-dri
#10 62.35   libglapi-mesa libglib2.0-0 libglib2.0-data libglvnd0 libglx-mesa0 libglx0
#10 62.35   libgme0 libgomp1 libgraphite2-3 libgsm1 libharfbuzz0b libicu70 libiec61883-0
#10 62.35   libigdgmm12 libjack-jackd2-0 libjbig0 libjpeg-turbo8 libjpeg8 libjson-c5
#10 62.35   libksba8 liblapack3 libldap-2.5-0 libldap-common liblilv-0-0 libllvm15
#10 62.35   liblmdb0 libmaxminddb0 libmd0 libmfx1 libmp3lame0 libmpdec3 libmpg123-0
#10 62.35   libmysofa1 libnghttp2-14 libnorm1 libnpth0 libnsl-dev libnuma1 libogg0
#10 62.35   libopenal-data libopenal1 libopenjp2-7 libopenmpt0 libopus0 libpam-cap
#10 62.35   libpango-1.0-0 libpangocairo-1.0-0 libpangoft2-1.0-0 libpciaccess0
#10 62.35   libperl5.34 libpgm-5.3-0 libpixman-1-0 libpng-dev libpng-tools libpng16-16
#10 62.35   libpocketsphinx3 libpostproc55 libpsl5 libpulse0 libpython3-stdlib
#10 62.35   libpython3.10-minimal libpython3.10-stdlib libquadmath0 librabbitmq4
#10 62.35   libraw1394-11 libreadline8 librsvg2-2 librsvg2-bin librsvg2-common librtmp1
#10 62.35   librubberband2 libsamplerate0 libsasl2-2 libsasl2-modules
#10 62.35   libsasl2-modules-db libsdl2-2.0-0 libsensors-config libsensors5 libserd-0-0
#10 62.35   libshine3 libslang2 libsnappy1v5 libsndfile1 libsndio7.0 libsodium23
#10 62.35   libsord-0-0 libsoxr0 libspeex1 libsphinxbase3 libsqlite3-0 libsratom-0-0
#10 62.35   libsrt1.4-gnutls libssh-4 libssh-gcrypt-4 libswresample3 libswscale5
#10 62.35   libthai-data libthai0 libtheora0 libtiff5 libtirpc-dev libtwolame0
#10 62.35   libudfread0 libusb-1.0-0 libuv1 libva-drm2 libva-x11-2 libva2 libvdpau1
#10 62.35   libvidstab1.1 libvorbis0a libvorbisenc2 libvorbisfile3 libvpx7
#10 62.35   libwayland-client0 libwayland-cursor0 libwayland-egl1 libwayland-server0
#10 62.35   libwebp7 libwebpmux3 libx11-6 libx11-data libx11-xcb1 libx264-163
#10 62.35   libx265-199 libxau6 libxcb-dri2-0 libxcb-dri3-0 libxcb-glx0 libxcb-present0
#10 62.35   libxcb-randr0 libxcb-render0 libxcb-shape0 libxcb-shm0 libxcb-sync1
#10 62.35   libxcb-xfixes0 libxcb1 libxcursor1 libxdmcp6 libxext6 libxfixes3 libxi6
#10 62.35   libxinerama1 libxkbcommon0 libxml2 libxmuu1 libxpm4 libxrandr2 libxrender1
#10 62.35   libxshmfence1 libxss1 libxv1 libxvidcore4 libxxf86vm1 libzimg2 libzmq5
#10 62.35   libzvbi-common libzvbi0 linux-libc-dev manpages manpages-dev media-types
#10 62.35   mesa-va-drivers mesa-vdpau-drivers nano netbase ocl-icd-libopencl1
#10 62.35   openssh-client openssl patch perl perl-modules-5.34 pinentry-curses
#10 62.35   pocketsphinx-en-us publicsuffix python3 python3-minimal
#10 62.35   python3-pkg-resources python3.10 python3.10-minimal readline-common
#10 62.35   rpcsvc-proto shared-mime-info sqlite3 supervisor ucf unzip va-driver-all
#10 62.35   vdpau-driver-all x11-common xauth xdg-user-dirs xkb-data zip zlib1g-dev
#10 64.29 0 upgraded, 295 newly installed, 0 to remove and 0 not upgraded.
#10 64.29 Need to get 197 MB of archives.
#10 64.29 After this operation, 655 MB of additional disk space will be used.
#10 64.29 Get:1 http://archive.ubuntu.com/ubuntu jammy-updates/main amd64 libpython3.10-minimal amd64 3.10.12-1~22.04.12 [815 kB]
#10 67.09 Get:2 http://archive.ubuntu.com/ubuntu jammy-updates/main amd64 libexpat1 amd64 2.4.7-1ubuntu0.6 [92.1 kB]
#10 67.54 Get:3 http://archive.ubuntu.com/ubuntu jammy-updates/main amd64 python3.10-minimal amd64 3.10.12-1~22.04.12 [2268 kB]
#10 70.75 Get:4 http://archive.ubuntu.com/ubuntu jammy-updates/main amd64 python3-minimal amd64 3.10.6-1~22.04.1 [24.3 kB]
#10 71.05 Get:5 http://archive.ubuntu.com/ubuntu jammy/main amd64 media-types all 7.0.0 [25.5 kB]
#10 71.40 Get:6 http://archive.ubuntu.com/ubuntu jammy/main amd64 libmpdec3 amd64 2.5.1-2build2 [86.8 kB]
#10 72.07 Get:7 http://archive.ubuntu.com/ubuntu jammy/main amd64 readline-common all 8.1.2-1 [53.5 kB]
#10 72.90 Get:8 http://archive.ubuntu.com/ubuntu jammy/main amd64 libreadline8 amd64 8.1.2-1 [153 kB]
#10 73.46 Get:9 http://archive.ubuntu.com/ubuntu jammy-updates/main amd64 libsqlite3-0 amd64 3.37.2-2ubuntu0.5 [643 kB]
#10 74.90 Get:10 http://archive.ubuntu.com/ubuntu jammy-updates/main amd64 libpython3.10-stdlib amd64 3.10.12-1~22.04.12 [1849 kB]
#10 77.70 Get:11 http://archive.ubuntu.com/ubuntu jammy-updates/main amd64 python3.10 amd64 3.10.12-1~22.04.12 [508 kB]
#10 78.93 Get:12 http://archive.ubuntu.com/ubuntu jammy-updates/main amd64 libpython3-stdlib amd64 3.10.6-1~22.04.1 [6812 B]
#10 79.22 Get:13 http://archive.ubuntu.com/ubuntu jammy-updates/main amd64 python3 amd64 3.10.6-1~22.04.1 [22.8 kB]
#10 79.99 Get:14 http://archive.ubuntu.com/ubuntu jammy-updates/main amd64 perl-modules-5.34 all 5.34.0-3ubuntu1.5 [2977 kB]
#10 84.90 Get:15 http://archive.ubuntu.com/ubuntu jammy/main amd64 libgdbm6 amd64 1.23-1 [33.9 kB]
#10 85.29 Get:16 http://archive.ubuntu.com/ubuntu jammy/main amd64 libgdbm-compat4 amd64 1.23-1 [6606 B]
#10 85.86 Get:17 http://archive.ubuntu.com/ubuntu jammy-updates/main amd64 libperl5.34 amd64 5.34.0-3ubuntu1.5 [4797 kB]
#10 90.23 Get:18 http://archive.ubuntu.com/ubuntu jammy-updates/main amd64 perl amd64 5.34.0-3ubuntu1.5 [232 kB]
#10 90.71 Get:19 http://archive.ubuntu.com/ubuntu jammy-updates/main amd64 python3-pkg-resources all 59.6.0-1.2ubuntu0.22.04.3 [133 kB]
#10 91.15 Get:20 http://archive.ubuntu.com/ubuntu jammy/universe amd64 supervisor all 4.2.1-1ubuntu1 [278 kB]
#10 92.08 Get:21 http://archive.ubuntu.com/ubuntu jammy-updates/main amd64 openssl amd64 3.0.2-0ubuntu1.20 [1185 kB]
#10 93.44 Get:22 http://archive.ubuntu.com/ubuntu jammy-updates/main amd64 ca-certificates all 20240203~22.04.1 [162 kB]
#10 94.34 Get:23 http://archive.ubuntu.com/ubuntu jammy-updates/main amd64 libapparmor1 amd64 3.0.4-2ubuntu2.5 [39.6 kB]
#10 94.72 Get:24 http://archive.ubuntu.com/ubuntu jammy-updates/main amd64 libdbus-1-3 amd64 1.12.20-2ubuntu4.1 [189 kB]
#10 95.13 Get:25 http://archive.ubuntu.com/ubuntu jammy-updates/main amd64 dbus amd64 1.12.20-2ubuntu4.1 [158 kB]
#10 95.52 Get:26 http://archive.ubuntu.com/ubuntu jammy-updates/main amd64 less amd64 590-1ubuntu0.22.04.3 [142 kB]
#10 95.93 Get:27 http://archive.ubuntu.com/ubuntu jammy/main amd64 libmd0 amd64 1.0.4-1build1 [23.0 kB]
#10 96.26 Get:28 http://archive.ubuntu.com/ubuntu jammy/main amd64 libbsd0 amd64 0.11.5-1 [44.8 kB]
#10 96.60 Get:29 http://archive.ubuntu.com/ubuntu jammy-updates/main amd64 libcap2-bin amd64 1:2.44-1ubuntu0.22.04.2 [26.0 kB]
#10 96.93 Get:30 http://archive.ubuntu.com/ubuntu jammy-updates/main amd64 libelf1 amd64 0.186-1ubuntu0.1 [51.1 kB]
#10 97.29 Get:31 http://archive.ubuntu.com/ubuntu jammy-updates/main amd64 libfribidi0 amd64 1.0.8-2ubuntu3.1 [26.1 kB]
#10 97.63 Get:32 http://archive.ubuntu.com/ubuntu jammy-updates/main amd64 libglib2.0-0 amd64 2.72.4-0ubuntu2.6 [1467 kB]
#10 99.30 Get:33 http://archive.ubuntu.com/ubuntu jammy-updates/main amd64 libglib2.0-data all 2.72.4-0ubuntu2.6 [4698 B]
#10 99.61 Get:34 http://archive.ubuntu.com/ubuntu jammy/main amd64 libicu70 amd64 70.1-2 [10.6 MB]
#10 107.7 Get:35 http://archive.ubuntu.com/ubuntu jammy-updates/main amd64 libjson-c5 amd64 0.15-3~ubuntu1.22.04.2 [33.5 kB]
#10 108.0 Get:36 http://archive.ubuntu.com/ubuntu jammy-updates/main amd64 libpam-cap amd64 1:2.44-1ubuntu0.22.04.2 [7930 B]
#10 109.0 Get:37 http://archive.ubuntu.com/ubuntu jammy/main amd64 libslang2 amd64 2.3.2-5build4 [468 kB]
#10 109.3 Get:38 http://archive.ubuntu.com/ubuntu jammy-updates/main amd64 libxml2 amd64 2.9.13+dfsg-1ubuntu0.10 [764 kB]
#10 110.3 Get:39 http://archive.ubuntu.com/ubuntu jammy/main amd64 netbase all 6.3 [12.9 kB]
#10 110.7 Get:40 http://archive.ubuntu.com/ubuntu jammy/main amd64 shared-mime-info amd64 2.1-2 [454 kB]
#10 111.2 Get:41 http://archive.ubuntu.com/ubuntu jammy/main amd64 ucf all 3.0043 [56.1 kB]
#10 111.6 Get:42 http://archive.ubuntu.com/ubuntu jammy/main amd64 xdg-user-dirs amd64 0.17-2ubuntu4 [53.9 kB]
#10 112.0 Get:43 http://archive.ubuntu.com/ubuntu jammy/main amd64 xkb-data all 2.33-1 [394 kB]
#10 113.1 Get:44 http://archive.ubuntu.com/ubuntu jammy/main amd64 libedit2 amd64 3.1-20210910-1build1 [96.8 kB]
#10 113.4 Get:45 http://archive.ubuntu.com/ubuntu jammy/main amd64 liblmdb0 amd64 0.9.24-1build2 [47.6 kB]
#10 113.8 Get:46 http://archive.ubuntu.com/ubuntu jammy/main amd64 libmaxminddb0 amd64 1.5.2-1build2 [24.7 kB]
#10 114.1 Get:47 http://archive.ubuntu.com/ubuntu jammy-updates/main amd64 libnghttp2-14 amd64 1.43.0-1ubuntu0.2 [76.9 kB]
#10 114.4 Get:48 http://archive.ubuntu.com/ubuntu jammy-updates/main amd64 libuv1 amd64 1.43.0-1ubuntu0.1 [92.7 kB]
#10 114.8 Get:49 http://archive.ubuntu.com/ubuntu jammy-updates/main amd64 bind9-libs amd64 1:9.18.39-0ubuntu0.22.04.2 [1262 kB]
#10 116.5 Get:50 http://archive.ubuntu.com/ubuntu jammy-updates/main amd64 bind9-host amd64 1:9.18.39-0ubuntu0.22.04.2 [52.5 kB]
#10 116.8 Get:51 http://archive.ubuntu.com/ubuntu jammy-updates/main amd64 bind9-dnsutils amd64 1:9.18.39-0ubuntu0.22.04.2 [158 kB]
#10 117.2 Get:52 http://archive.ubuntu.com/ubuntu jammy/main amd64 libcbor0.8 amd64 0.8.0-2ubuntu1 [24.6 kB]
#10 118.2 Get:53 http://archive.ubuntu.com/ubuntu jammy-updates/main amd64 libdrm-common all 2.4.113-2~ubuntu0.22.04.1 [5450 B]
#10 118.6 Get:54 http://archive.ubuntu.com/ubuntu jammy-updates/main amd64 libdrm2 amd64 2.4.113-2~ubuntu0.22.04.1 [38.1 kB]
#10 119.0 Get:55 http://archive.ubuntu.com/ubuntu jammy/main amd64 libfido2-1 amd64 1.10.0-1 [82.8 kB]
#10 119.4 Get:56 http://archive.ubuntu.com/ubuntu jammy/main amd64 libnuma1 amd64 2.0.14-3ubuntu2 [22.5 kB]
#10 119.7 Get:57 http://archive.ubuntu.com/ubuntu jammy-updates/main amd64 libpng16-16 amd64 1.6.37-3ubuntu0.1 [191 kB]
#10 120.2 Get:58 http://archive.ubuntu.com/ubuntu jammy/main amd64 libpsl5 amd64 0.21.0-1.2build2 [58.4 kB]
#10 120.6 Get:59 http://archive.ubuntu.com/ubuntu jammy-updates/main amd64 libusb-1.0-0 amd64 2:1.0.25-1ubuntu2 [52.7 kB]
#10 121.1 Get:60 http://archive.ubuntu.com/ubuntu jammy/main amd64 libxau6 amd64 1:1.0.9-1build5 [7634 B]
#10 121.4 Get:61 http://archive.ubuntu.com/ubuntu jammy/main amd64 libxdmcp6 amd64 1:1.1.3-0ubuntu5 [10.9 kB]
#10 121.7 Get:62 http://archive.ubuntu.com/ubuntu jammy/main amd64 libxcb1 amd64 1.14-3ubuntu3 [49.0 kB]
#10 122.1 Get:63 http://archive.ubuntu.com/ubuntu jammy-updates/main amd64 libx11-data all 2:1.7.5-1ubuntu0.3 [120 kB]
#10 124.3 Get:64 http://archive.ubuntu.com/ubuntu jammy-updates/main amd64 libx11-6 amd64 2:1.7.5-1ubuntu0.3 [667 kB]
#10 147.0 Get:65 http://archive.ubuntu.com/ubuntu jammy/main amd64 libxext6 amd64 2:1.3.4-1build1 [31.8 kB]
#10 147.3 Get:66 http://archive.ubuntu.com/ubuntu jammy/main amd64 libxmuu1 amd64 2:1.1.3-3 [10.2 kB]
#10 147.9 Get:67 http://archive.ubuntu.com/ubuntu jammy/main amd64 manpages all 5.10-1ubuntu1 [1375 kB]
#10 153.3 Get:68 http://archive.ubuntu.com/ubuntu jammy-updates/main amd64 nano amd64 6.2-1ubuntu0.1 [280 kB]
#10 154.6 Get:69 http://archive.ubuntu.com/ubuntu jammy-updates/main amd64 openssh-client amd64 1:8.9p1-3ubuntu0.13 [903 kB]
#10 156.8 Get:70 http://archive.ubuntu.com/ubuntu jammy/main amd64 publicsuffix all 20211207.1025-1 [129 kB]
#10 157.4 Get:71 http://archive.ubuntu.com/ubuntu jammy/main amd64 xauth amd64 1:1.1-1build2 [27.5 kB]
#10 157.7 Get:72 http://archive.ubuntu.com/ubuntu jammy/main amd64 alsa-topology-conf all 1.2.5.1-2 [15.5 kB]
#10 158.0 Get:73 http://archive.ubuntu.com/ubuntu jammy/main amd64 libasound2-data all 1.2.6.1-1ubuntu1 [19.1 kB]
#10 158.4 Get:74 http://archive.ubuntu.com/ubuntu jammy/main amd64 libasound2 amd64 1.2.6.1-1ubuntu1 [390 kB]
#10 159.7 Get:75 http://archive.ubuntu.com/ubuntu jammy-updates/main amd64 alsa-ucm-conf all 1.2.6.3-1ubuntu1.12 [43.5 kB]
#10 160.2 Get:76 http://archive.ubuntu.com/ubuntu jammy/main amd64 libbrotli1 amd64 1.0.9-2build6 [315 kB]
#10 160.9 Get:77 http://archive.ubuntu.com/ubuntu jammy-updates/main amd64 libsasl2-modules-db amd64 2.1.27+dfsg2-3ubuntu1.2 [20.5 kB]
#10 161.2 Get:78 http://archive.ubuntu.com/ubuntu jammy-updates/main amd64 libsasl2-2 amd64 2.1.27+dfsg2-3ubuntu1.2 [53.8 kB]
#10 161.7 Get:79 http://archive.ubuntu.com/ubuntu jammy-updates/main amd64 libldap-2.5-0 amd64 2.5.19+dfsg-0ubuntu0.22.04.1 [184 kB]
#10 162.3 Get:80 http://archive.ubuntu.com/ubuntu jammy/main amd64 librtmp1 amd64 2.4+20151223.gitfa8646d.1-2build4 [58.2 kB]
#10 162.7 Get:81 http://archive.ubuntu.com/ubuntu jammy-updates/main amd64 libssh-4 amd64 0.9.6-2ubuntu0.22.04.5 [187 kB]
#10 163.4 Get:82 http://archive.ubuntu.com/ubuntu jammy-updates/main amd64 libcurl4 amd64 7.81.0-1ubuntu1.21 [290 kB]
#10 164.1 Get:83 http://archive.ubuntu.com/ubuntu jammy-updates/main amd64 curl amd64 7.81.0-1ubuntu1.21 [194 kB]
#10 164.8 Get:84 http://archive.ubuntu.com/ubuntu jammy/main amd64 libassuan0 amd64 2.5.5-1build1 [38.2 kB]
#10 165.2 Get:85 http://archive.ubuntu.com/ubuntu jammy-updates/main amd64 gpgconf amd64 2.2.27-3ubuntu2.4 [94.5 kB]
#10 165.6 Get:86 http://archive.ubuntu.com/ubuntu jammy-updates/main amd64 libksba8 amd64 1.6.0-2ubuntu0.2 [119 kB]
#10 166.0 Get:87 http://archive.ubuntu.com/ubuntu jammy/main amd64 libnpth0 amd64 1.6-3build2 [8664 B]
#10 166.3 Get:88 http://archive.ubuntu.com/ubuntu jammy-updates/main amd64 dirmngr amd64 2.2.27-3ubuntu2.4 [293 kB]
#10 167.0 Get:89 http://archive.ubuntu.com/ubuntu jammy-updates/universe amd64 dnsutils all 1:9.18.39-0ubuntu0.22.04.2 [3924 B]
#10 167.4 Get:90 http://archive.ubuntu.com/ubuntu jammy-updates/universe amd64 libaom3 amd64 3.3.0-1ubuntu0.1 [1748 kB]
#10 171.0 Get:91 http://archive.ubuntu.com/ubuntu jammy/universe amd64 libva2 amd64 2.14.0-1 [65.0 kB]
#10 171.6 Get:92 http://archive.ubuntu.com/ubuntu jammy/universe amd64 libmfx1 amd64 22.3.0-1 [3105 kB]
#10 175.5 Get:93 http://archive.ubuntu.com/ubuntu jammy/universe amd64 libva-drm2 amd64 2.14.0-1 [7502 B]
#10 175.8 Get:94 http://archive.ubuntu.com/ubuntu jammy/main amd64 libxfixes3 amd64 1:6.0.0-1 [11.7 kB]
#10 176.1 Get:95 http://archive.ubuntu.com/ubuntu jammy/universe amd64 libva-x11-2 amd64 2.14.0-1 [12.6 kB]
#10 176.4 Get:96 http://archive.ubuntu.com/ubuntu jammy/main amd64 libvdpau1 amd64 1.4-3build2 [27.0 kB]
#10 176.7 Get:97 http://archive.ubuntu.com/ubuntu jammy/universe amd64 ocl-icd-libopencl1 amd64 2.2.14-3 [39.1 kB]
#10 177.0 Get:98 http://archive.ubuntu.com/ubuntu jammy-updates/universe amd64 libavutil56 amd64 7:4.4.2-0ubuntu0.22.04.1 [290 kB]
#10 178.0 Get:99 http://archive.ubuntu.com/ubuntu jammy-updates/main amd64 libfreetype6 amd64 2.11.1+dfsg-1ubuntu0.3 [388 kB]
#10 179.4 Get:100 http://archive.ubuntu.com/ubuntu jammy/main amd64 fonts-dejavu-core all 2.37-2build1 [1041 kB]
#10 180.8 Get:101 http://archive.ubuntu.com/ubuntu jammy/main amd64 fontconfig-config all 2.13.1-4.2ubuntu5 [29.1 kB]
#10 181.3 Get:102 http://archive.ubuntu.com/ubuntu jammy/main amd64 libfontconfig1 amd64 2.13.1-4.2ubuntu5 [131 kB]
#10 181.8 Get:103 http://archive.ubuntu.com/ubuntu jammy-updates/main amd64 libpixman-1-0 amd64 0.40.0-1ubuntu0.22.04.1 [264 kB]
#10 182.3 Get:104 http://archive.ubuntu.com/ubuntu jammy/main amd64 libxcb-render0 amd64 1.14-3ubuntu3 [16.4 kB]
#10 182.6 Get:105 http://archive.ubuntu.com/ubuntu jammy/main amd64 libxcb-shm0 amd64 1.14-3ubuntu3 [5780 B]
#10 182.9 Get:106 http://archive.ubuntu.com/ubuntu jammy/main amd64 libxrender1 amd64 1:0.9.10-1build4 [19.7 kB]
#10 183.2 Get:107 http://archive.ubuntu.com/ubuntu jammy/main amd64 libcairo2 amd64 1.16.0-5ubuntu2 [628 kB]
#10 184.3 Get:108 http://archive.ubuntu.com/ubuntu jammy/universe amd64 libcodec2-1.0 amd64 1.0.1-3 [8435 kB]
#10 194.7 Get:109 http://archive.ubuntu.com/ubuntu jammy/universe amd64 libdav1d5 amd64 0.9.2-1 [463 kB]
#10 196.0 Get:110 http://archive.ubuntu.com/ubuntu jammy/universe amd64 libgsm1 amd64 1.0.19-1 [27.7 kB]
#10 196.5 Get:111 http://archive.ubuntu.com/ubuntu jammy/main amd64 libmp3lame0 amd64 3.100-3build2 [141 kB]
#10 196.9 Get:112 http://archive.ubuntu.com/ubuntu jammy-updates/main amd64 libopenjp2-7 amd64 2.4.0-6ubuntu0.4 [158 kB]
#10 198.0 Get:113 http://archive.ubuntu.com/ubuntu jammy/main amd64 libopus0 amd64 1.3.1-0.1build2 [203 kB]
#10 200.1 Get:114 http://archive.ubuntu.com/ubuntu jammy/main amd64 libcairo-gobject2 amd64 1.16.0-5ubuntu2 [19.4 kB]
#10 201.7 Get:115 http://archive.ubuntu.com/ubuntu jammy-updates/main amd64 libgdk-pixbuf2.0-common all 2.42.8+dfsg-1ubuntu0.4 [5546 B]
#10 202.4 Get:116 http://archive.ubuntu.com/ubuntu jammy/main amd64 libjpeg-turbo8 amd64 2.1.2-0ubuntu1 [134 kB]
#10 203.6 Get:117 http://archive.ubuntu.com/ubuntu jammy/main amd64 libjpeg8 amd64 8c-2ubuntu10 [2264 B]
#10 204.2 Get:118 http://archive.ubuntu.com/ubuntu jammy/main amd64 libdeflate0 amd64 1.10-2 [70.9 kB]
#10 204.8 Get:119 http://archive.ubuntu.com/ubuntu jammy-updates/main amd64 libjbig0 amd64 2.1-3.1ubuntu0.22.04.1 [29.2 kB]
#10 207.6 Get:120 http://archive.ubuntu.com/ubuntu jammy-updates/main amd64 libwebp7 amd64 1.2.2-2ubuntu0.22.04.2 [206 kB]
#10 228.3 Get:121 http://archive.ubuntu.com/ubuntu jammy-updates/main amd64 libtiff5 amd64 4.3.0-6ubuntu0.12 [185 kB]
#10 231.9 Get:122 http://archive.ubuntu.com/ubuntu jammy-updates/main amd64 libgdk-pixbuf-2.0-0 amd64 2.42.8+dfsg-1ubuntu0.4 [148 kB]
#10 235.9 Get:123 http://archive.ubuntu.com/ubuntu jammy/main amd64 fontconfig amd64 2.13.1-4.2ubuntu5 [177 kB]
#10 239.2 Get:124 http://archive.ubuntu.com/ubuntu jammy/main amd64 libgraphite2-3 amd64 1.3.14-1build2 [71.3 kB]
#10 240.2 Get:125 http://archive.ubuntu.com/ubuntu jammy-updates/main amd64 libharfbuzz0b amd64 2.7.4-1ubuntu3.2 [353 kB]
#10 242.3 Get:126 http://archive.ubuntu.com/ubuntu jammy/main amd64 libthai-data all 0.1.29-1build1 [162 kB]
#10 243.2 Get:127 http://archive.ubuntu.com/ubuntu jammy/main amd64 libdatrie1 amd64 0.2.13-2 [19.9 kB]
#10 243.6 Get:128 http://archive.ubuntu.com/ubuntu jammy/main amd64 libthai0 amd64 0.1.29-1build1 [19.2 kB]
#10 244.0 Get:129 http://archive.ubuntu.com/ubuntu jammy-updates/main amd64 libpango-1.0-0 amd64 1.50.6+ds-2ubuntu1 [230 kB]
#10 246.6 Get:130 http://archive.ubuntu.com/ubuntu jammy-updates/main amd64 libpangoft2-1.0-0 amd64 1.50.6+ds-2ubuntu1 [54.0 kB]
#10 247.7 Get:131 http://archive.ubuntu.com/ubuntu jammy-updates/main amd64 libpangocairo-1.0-0 amd64 1.50.6+ds-2ubuntu1 [39.8 kB]
#10 248.6 Get:132 http://archive.ubuntu.com/ubuntu jammy-updates/main amd64 librsvg2-2 amd64 2.52.5+dfsg-3ubuntu0.2 [2974 kB]
#10 270.2 Get:133 http://archive.ubuntu.com/ubuntu jammy/universe amd64 libshine3 amd64 3.1.1-2 [23.2 kB]
#10 271.5 Get:134 http://archive.ubuntu.com/ubuntu jammy/main amd64 libsnappy1v5 amd64 1.1.8-1build3 [17.5 kB]
#10 272.4 Get:135 http://archive.ubuntu.com/ubuntu jammy/main amd64 libspeex1 amd64 1.2~rc1.2-1.1ubuntu3 [57.9 kB]
#10 273.3 Get:136 http://archive.ubuntu.com/ubuntu jammy-updates/main amd64 libgomp1 amd64 12.3.0-1ubuntu1~22.04.2 [127 kB]
#10 274.7 Get:137 http://archive.ubuntu.com/ubuntu jammy/main amd64 libsoxr0 amd64 0.1.3-4build2 [79.8 kB]
#10 275.6 Get:138 http://archive.ubuntu.com/ubuntu jammy-updates/universe amd64 libswresample3 amd64 7:4.4.2-0ubuntu0.22.04.1 [62.2 kB]
#10 276.3 Get:139 http://archive.ubuntu.com/ubuntu jammy/main amd64 libogg0 amd64 1.3.5-0ubuntu3 [22.9 kB]
#10 276.7 Get:140 http://archive.ubuntu.com/ubuntu jammy/main amd64 libtheora0 amd64 1.1.1+dfsg.1-15ubuntu4 [209 kB]
#10 277.4 Get:141 http://archive.ubuntu.com/ubuntu jammy/main amd64 libtwolame0 amd64 0.4.0-2build2 [52.5 kB]
#10 277.7 Get:142 http://archive.ubuntu.com/ubuntu jammy/main amd64 libvorbis0a amd64 1.3.7-1build2 [99.2 kB]
#10 278.2 Get:143 http://archive.ubuntu.com/ubuntu jammy/main amd64 libvorbisenc2 amd64 1.3.7-1build2 [82.6 kB]
#10 278.8 Get:144 http://archive.ubuntu.com/ubuntu jammy-updates/main amd64 libvpx7 amd64 1.11.0-2ubuntu2.4 [1078 kB]
#10 281.7 Get:145 http://archive.ubuntu.com/ubuntu jammy-updates/main amd64 libwebpmux3 amd64 1.2.2-2ubuntu0.22.04.2 [20.5 kB]
#10 282.4 Get:146 http://archive.ubuntu.com/ubuntu jammy/universe amd64 libx264-163 amd64 2:0.163.3060+git5db6aa6-2build1 [591 kB]
#10 283.9 Get:147 http://archive.ubuntu.com/ubuntu jammy/universe amd64 libx265-199 amd64 3.5-2 [1170 kB]
#10 285.8 Get:148 http://archive.ubuntu.com/ubuntu jammy/universe amd64 libxvidcore4 amd64 2:1.3.7-1 [201 kB]
#10 286.8 Get:149 http://archive.ubuntu.com/ubuntu jammy/universe amd64 libzvbi-common all 0.2.35-19 [35.5 kB]
#10 287.1 Get:150 http://archive.ubuntu.com/ubuntu jammy/universe amd64 libzvbi0 amd64 0.2.35-19 [262 kB]
#10 287.6 Get:151 http://archive.ubuntu.com/ubuntu jammy-updates/universe amd64 libavcodec58 amd64 7:4.4.2-0ubuntu0.22.04.1 [5567 kB]
#10 293.4 Get:152 http://archive.ubuntu.com/ubuntu jammy/main amd64 libraw1394-11 amd64 2.1.2-2build2 [27.0 kB]
#10 293.7 Get:153 http://archive.ubuntu.com/ubuntu jammy/main amd64 libavc1394-0 amd64 0.5.4-5build2 [17.0 kB]
#10 294.0 Get:154 http://archive.ubuntu.com/ubuntu jammy/universe amd64 libass9 amd64 1:0.15.2-1 [97.5 kB]
#10 294.3 Get:155 http://archive.ubuntu.com/ubuntu jammy/universe amd64 libudfread0 amd64 1.1.2-1 [16.2 kB]
#10 294.6 Get:156 http://archive.ubuntu.com/ubuntu jammy/universe amd64 libbluray2 amd64 1:1.3.1-1 [159 kB]
#10 295.0 Get:157 http://archive.ubuntu.com/ubuntu jammy/universe amd64 libchromaprint1 amd64 1.5.1-2 [28.4 kB]
#10 295.2 Get:158 http://archive.ubuntu.com/ubuntu jammy/universe amd64 libgme0 amd64 0.6.3-2 [127 kB]
#10 295.6 Get:159 http://archive.ubuntu.com/ubuntu jammy-updates/main amd64 libmpg123-0 amd64 1.29.3-1ubuntu0.1 [172 kB]
#10 296.0 Get:160 http://archive.ubuntu.com/ubuntu jammy/main amd64 libvorbisfile3 amd64 1.3.7-1build2 [17.1 kB]
#10 296.3 Get:161 http://archive.ubuntu.com/ubuntu jammy/universe amd64 libopenmpt0 amd64 0.6.1-1 [592 kB]
#10 297.3 Get:162 http://archive.ubuntu.com/ubuntu jammy/main amd64 librabbitmq4 amd64 0.10.0-1ubuntu2 [39.3 kB]
#10 297.6 Get:163 http://archive.ubuntu.com/ubuntu jammy/universe amd64 libsrt1.4-gnutls amd64 1.4.4-4 [309 kB]
#10 298.1 Get:164 http://archive.ubuntu.com/ubuntu jammy-updates/main amd64 libssh-gcrypt-4 amd64 0.9.6-2ubuntu0.22.04.5 [224 kB]
#10 298.6 Get:165 http://archive.ubuntu.com/ubuntu jammy/universe amd64 libnorm1 amd64 1.5.9+dfsg-2 [221 kB]
#10 299.4 Get:166 http://archive.ubuntu.com/ubuntu jammy/universe amd64 libpgm-5.3-0 amd64 5.3.128~dfsg-2 [161 kB]
#10 299.8 Get:167 http://archive.ubuntu.com/ubuntu jammy/main amd64 libsodium23 amd64 1.0.18-1build2 [164 kB]
#10 300.2 Get:168 http://archive.ubuntu.com/ubuntu jammy/universe amd64 libzmq5 amd64 4.3.4-2 [256 kB]
#10 300.9 Get:169 http://archive.ubuntu.com/ubuntu jammy-updates/universe amd64 libavformat58 amd64 7:4.4.2-0ubuntu0.22.04.1 [1103 kB]
#10 302.5 Get:170 http://archive.ubuntu.com/ubuntu jammy/universe amd64 libbs2b0 amd64 3.1.0+dfsg-2.2build1 [10.2 kB]
#10 302.8 Get:171 http://archive.ubuntu.com/ubuntu jammy/universe amd64 libflite1 amd64 2.2-3 [13.7 MB]
#10 321.1 Get:172 http://archive.ubuntu.com/ubuntu jammy/universe amd64 libserd-0-0 amd64 0.30.10-2 [40.8 kB]
#10 321.4 Get:173 http://archive.ubuntu.com/ubuntu jammy/universe amd64 libsord-0-0 amd64 0.16.8-2 [21.2 kB]
#10 321.7 Get:174 http://archive.ubuntu.com/ubuntu jammy/universe amd64 libsratom-0-0 amd64 0.6.8-1 [17.0 kB]
#10 322.0 Get:175 http://archive.ubuntu.com/ubuntu jammy/universe amd64 liblilv-0-0 amd64 0.24.12-2 [42.8 kB]
#10 322.3 Get:176 http://archive.ubuntu.com/ubuntu jammy/universe amd64 libmysofa1 amd64 1.2.1~dfsg0-1 [1157 kB]
#10 325.5 Get:177 http://archive.ubuntu.com/ubuntu jammy/main amd64 libblas3 amd64 3.10.0-2ubuntu1 [228 kB]
#10 326.1 Get:178 http://archive.ubuntu.com/ubuntu jammy-updates/main amd64 libquadmath0 amd64 12.3.0-1ubuntu1~22.04.2 [154 kB]
#10 327.1 Get:179 http://archive.ubuntu.com/ubuntu jammy-updates/main amd64 libgfortran5 amd64 12.3.0-1ubuntu1~22.04.2 [879 kB]
#10 329.6 Get:180 http://archive.ubuntu.com/ubuntu jammy/main amd64 liblapack3 amd64 3.10.0-2ubuntu1 [2504 kB]
#10 334.7 Get:181 http://archive.ubuntu.com/ubuntu jammy/main amd64 libasyncns0 amd64 0.8-6build2 [12.8 kB]
#10 335.1 Get:182 http://archive.ubuntu.com/ubuntu jammy-updates/main amd64 libflac8 amd64 1.3.3-2ubuntu0.2 [111 kB]
#10 335.7 Get:183 http://archive.ubuntu.com/ubuntu jammy-updates/main amd64 libsndfile1 amd64 1.0.31-2ubuntu0.2 [196 kB]
#10 336.4 Get:184 http://archive.ubuntu.com/ubuntu jammy-updates/main amd64 libx11-xcb1 amd64 2:1.7.5-1ubuntu0.3 [7802 B]
#10 336.7 Get:185 http://archive.ubuntu.com/ubuntu jammy-updates/main amd64 libpulse0 amd64 1:15.99.1+dfsg1-1ubuntu2.2 [298 kB]
#10 337.7 Get:186 http://archive.ubuntu.com/ubuntu jammy/universe amd64 libsphinxbase3 amd64 0.8+5prealpha+1-13build1 [126 kB]
#10 338.5 Get:187 http://archive.ubuntu.com/ubuntu jammy/universe amd64 libpocketsphinx3 amd64 0.8.0+real5prealpha+1-14ubuntu1 [132 kB]
#10 339.1 Get:188 http://archive.ubuntu.com/ubuntu jammy-updates/universe amd64 libpostproc55 amd64 7:4.4.2-0ubuntu0.22.04.1 [60.1 kB]
#10 339.8 Get:189 http://archive.ubuntu.com/ubuntu jammy/main amd64 libsamplerate0 amd64 0.2.2-1build1 [1359 kB]
#10 344.7 Get:190 http://archive.ubuntu.com/ubuntu jammy/universe amd64 librubberband2 amd64 2.0.0-2 [90.0 kB]
#10 347.2 Get:191 http://archive.ubuntu.com/ubuntu jammy-updates/universe amd64 libswscale5 amd64 7:4.4.2-0ubuntu0.22.04.1 [180 kB]
#10 348.2 Get:192 http://archive.ubuntu.com/ubuntu jammy/universe amd64 libvidstab1.1 amd64 1.1.0-2 [35.0 kB]
#10 349.3 Get:193 http://archive.ubuntu.com/ubuntu jammy/universe amd64 libzimg2 amd64 3.0.3+ds1-1 [241 kB]
#10 350.0 Get:194 http://archive.ubuntu.com/ubuntu jammy-updates/universe amd64 libavfilter7 amd64 7:4.4.2-0ubuntu0.22.04.1 [1496 kB]
#10 354.8 Get:195 http://archive.ubuntu.com/ubuntu jammy/main amd64 libcaca0 amd64 0.99.beta19-2.2ubuntu4 [224 kB]
#10 355.8 Get:196 http://archive.ubuntu.com/ubuntu jammy-updates/main amd64 libcdio19 amd64 2.1.0-3ubuntu0.2 [63.6 kB]
#10 356.7 Get:197 http://archive.ubuntu.com/ubuntu jammy/main amd64 libcdio-cdda2 amd64 10.2+2.0.0-1build3 [16.7 kB]
#10 357.2 Get:198 http://archive.ubuntu.com/ubuntu jammy/main amd64 libcdio-paranoia2 amd64 10.2+2.0.0-1build3 [15.9 kB]
#10 357.6 Get:199 http://archive.ubuntu.com/ubuntu jammy/universe amd64 libdc1394-25 amd64 2.2.6-4 [88.8 kB]
#10 358.5 Get:200 http://archive.ubuntu.com/ubuntu jammy/main amd64 libglvnd0 amd64 1.4.0-1 [73.6 kB]
#10 359.0 Get:201 http://archive.ubuntu.com/ubuntu jammy-updates/main amd64 libglapi-mesa amd64 23.2.1-1ubuntu3.1~22.04.3 [35.4 kB]
#10 359.4 Get:202 http://archive.ubuntu.com/ubuntu jammy/main amd64 libxcb-dri2-0 amd64 1.14-3ubuntu3 [7206 B]
#10 359.6 Get:203 http://archive.ubuntu.com/ubuntu jammy/main amd64 libxcb-dri3-0 amd64 1.14-3ubuntu3 [6968 B]
#10 359.9 Get:204 http://archive.ubuntu.com/ubuntu jammy/main amd64 libxcb-glx0 amd64 1.14-3ubuntu3 [25.9 kB]
#10 360.2 Get:205 http://archive.ubuntu.com/ubuntu jammy/main amd64 libxcb-present0 amd64 1.14-3ubuntu3 [5734 B]
#10 360.6 Get:206 http://archive.ubuntu.com/ubuntu jammy/main amd64 libxcb-randr0 amd64 1.14-3ubuntu3 [18.3 kB]
#10 360.9 Get:207 http://archive.ubuntu.com/ubuntu jammy/main amd64 libxcb-sync1 amd64 1.14-3ubuntu3 [9416 B]
#10 361.2 Get:208 http://archive.ubuntu.com/ubuntu jammy/main amd64 libxcb-xfixes0 amd64 1.14-3ubuntu3 [9996 B]
#10 361.5 Get:209 http://archive.ubuntu.com/ubuntu jammy/main amd64 libxshmfence1 amd64 1.3-1build4 [5394 B]
#10 361.7 Get:210 http://archive.ubuntu.com/ubuntu jammy/main amd64 libxxf86vm1 amd64 1:1.1.4-1build3 [10.4 kB]
#10 362.0 Get:211 http://archive.ubuntu.com/ubuntu jammy-updates/main amd64 libdrm-amdgpu1 amd64 2.4.113-2~ubuntu0.22.04.1 [19.9 kB]
#10 362.4 Get:212 http://archive.ubuntu.com/ubuntu jammy/main amd64 libpciaccess0 amd64 0.16-3 [19.1 kB]
#10 364.3 Get:213 http://archive.ubuntu.com/ubuntu jammy-updates/main amd64 libdrm-intel1 amd64 2.4.113-2~ubuntu0.22.04.1 [66.7 kB]
#10 378.5 Get:214 http://archive.ubuntu.com/ubuntu jammy-updates/main amd64 libdrm-nouveau2 amd64 2.4.113-2~ubuntu0.22.04.1 [17.5 kB]
#10 380.4 Get:215 http://archive.ubuntu.com/ubuntu jammy-updates/main amd64 libdrm-radeon1 amd64 2.4.113-2~ubuntu0.22.04.1 [21.6 kB]
#10 381.1 Get:216 http://archive.ubuntu.com/ubuntu jammy-updates/main amd64 libllvm15 amd64 1:15.0.7-0ubuntu0.22.04.3 [25.4 MB]
#10 425.2 Get:217 http://archive.ubuntu.com/ubuntu jammy/main amd64 libsensors-config all 1:3.6.0-7ubuntu1 [5274 B]
#10 425.9 Get:218 http://archive.ubuntu.com/ubuntu jammy/main amd64 libsensors5 amd64 1:3.6.0-7ubuntu1 [26.3 kB]
#10 426.5 Get:219 http://archive.ubuntu.com/ubuntu jammy-updates/main amd64 libgl1-mesa-dri amd64 23.2.1-1ubuntu3.1~22.04.3 [8860 kB]
#10 442.1 Get:220 http://archive.ubuntu.com/ubuntu jammy-updates/main amd64 libglx-mesa0 amd64 23.2.1-1ubuntu3.1~22.04.3 [158 kB]
#10 443.2 Get:221 http://archive.ubuntu.com/ubuntu jammy/main amd64 libglx0 amd64 1.4.0-1 [41.0 kB]
#10 443.6 Get:222 http://archive.ubuntu.com/ubuntu jammy/main amd64 libgl1 amd64 1.4.0-1 [110 kB]
#10 444.1 Get:223 http://archive.ubuntu.com/ubuntu jammy/main amd64 libiec61883-0 amd64 1.2.0-4build3 [25.9 kB]
#10 444.5 Get:224 http://archive.ubuntu.com/ubuntu jammy/main amd64 libjack-jackd2-0 amd64 1.9.20~dfsg-1 [293 kB]
#10 445.2 Get:225 http://archive.ubuntu.com/ubuntu jammy/universe amd64 libopenal-data all 1:1.19.1-2build3 [164 kB]
#10 445.8 Get:226 http://archive.ubuntu.com/ubuntu jammy/universe amd64 libsndio7.0 amd64 1.8.1-1.1 [29.3 kB]
#10 446.1 Get:227 http://archive.ubuntu.com/ubuntu jammy/universe amd64 libopenal1 amd64 1:1.19.1-2build3 [535 kB]
#10 446.9 Get:228 http://archive.ubuntu.com/ubuntu jammy-updates/main amd64 libwayland-client0 amd64 1.20.0-1ubuntu0.1 [25.9 kB]
#10 447.2 Get:229 http://archive.ubuntu.com/ubuntu jammy/main amd64 libdecor-0-0 amd64 0.1.0-3build1 [15.1 kB]
#10 447.5 Get:230 http://archive.ubuntu.com/ubuntu jammy-updates/main amd64 libwayland-server0 amd64 1.20.0-1ubuntu0.1 [34.3 kB]
#10 447.8 Get:231 http://archive.ubuntu.com/ubuntu jammy-updates/main amd64 libgbm1 amd64 23.2.1-1ubuntu3.1~22.04.3 [33.5 kB]
#10 448.1 Get:232 http://archive.ubuntu.com/ubuntu jammy-updates/main amd64 libwayland-cursor0 amd64 1.20.0-1ubuntu0.1 [10.7 kB]
#10 448.3 Get:233 http://archive.ubuntu.com/ubuntu jammy-updates/main amd64 libwayland-egl1 amd64 1.20.0-1ubuntu0.1 [5582 B]
#10 448.6 Get:234 http://archive.ubuntu.com/ubuntu jammy/main amd64 libxcursor1 amd64 1:1.2.0-2build4 [20.9 kB]
#10 448.9 Get:235 http://archive.ubuntu.com/ubuntu jammy/main amd64 libxi6 amd64 2:1.8-1build1 [32.6 kB]
#10 449.2 Get:236 http://archive.ubuntu.com/ubuntu jammy/main amd64 libxinerama1 amd64 2:1.1.4-3 [7382 B]
#10 449.4 Get:237 http://archive.ubuntu.com/ubuntu jammy/main amd64 libxkbcommon0 amd64 1.4.0-1 [125 kB]
#10 449.8 Get:238 http://archive.ubuntu.com/ubuntu jammy/main amd64 libxrandr2 amd64 2:1.5.2-1build1 [20.4 kB]
#10 450.2 Get:239 http://archive.ubuntu.com/ubuntu jammy/main amd64 x11-common all 1:7.7+23ubuntu2 [23.4 kB]
#10 450.5 Get:240 http://archive.ubuntu.com/ubuntu jammy/main amd64 libxss1 amd64 1:1.2.3-1build2 [8476 B]
#10 450.8 Get:241 http://archive.ubuntu.com/ubuntu jammy-updates/main amd64 libsdl2-2.0-0 amd64 2.0.20+dfsg-2ubuntu1.22.04.1 [582 kB]
#10 452.0 Get:242 http://archive.ubuntu.com/ubuntu jammy/main amd64 libxcb-shape0 amd64 1.14-3ubuntu3 [6158 B]
#10 452.2 Get:243 http://archive.ubuntu.com/ubuntu jammy/main amd64 libxv1 amd64 2:1.0.11-1build2 [11.2 kB]
#10 452.6 Get:244 http://archive.ubuntu.com/ubuntu jammy-updates/universe amd64 libavdevice58 amd64 7:4.4.2-0ubuntu0.22.04.1 [87.5 kB]
#10 453.0 Get:245 http://archive.ubuntu.com/ubuntu jammy-updates/universe amd64 ffmpeg amd64 7:4.4.2-0ubuntu0.22.04.1 [1696 kB]
#10 455.5 Get:246 http://archive.ubuntu.com/ubuntu jammy/universe amd64 fswatch amd64 1.14.0+repack-13.1 [168 kB]
#10 456.3 Get:247 http://archive.ubuntu.com/ubuntu jammy-updates/main amd64 libcurl3-gnutls amd64 7.81.0-1ubuntu1.21 [284 kB]
#10 457.2 Get:248 http://archive.ubuntu.com/ubuntu jammy/main amd64 liberror-perl all 0.17029-1 [26.5 kB]
#10 458.2 Get:249 http://archive.ubuntu.com/ubuntu jammy-updates/main amd64 git-man all 1:2.34.1-1ubuntu1.15 [955 kB]
#10 459.8 Get:250 http://archive.ubuntu.com/ubuntu jammy-updates/main amd64 git amd64 1:2.34.1-1ubuntu1.15 [3166 kB]
#10 466.0 Get:251 http://archive.ubuntu.com/ubuntu jammy-updates/main amd64 gnupg-l10n all 2.2.27-3ubuntu2.4 [54.7 kB]
#10 466.5 Get:252 http://archive.ubuntu.com/ubuntu jammy-updates/main amd64 gnupg-utils amd64 2.2.27-3ubuntu2.4 [309 kB]
#10 467.6 Get:253 http://archive.ubuntu.com/ubuntu jammy-updates/main amd64 gpg amd64 2.2.27-3ubuntu2.4 [518 kB]
#10 468.6 Get:254 http://archive.ubuntu.com/ubuntu jammy/main amd64 pinentry-curses amd64 1.1.1-1build2 [34.4 kB]
#10 469.0 Get:255 http://archive.ubuntu.com/ubuntu jammy-updates/main amd64 gpg-agent amd64 2.2.27-3ubuntu2.4 [209 kB]
#10 469.7 Get:256 http://archive.ubuntu.com/ubuntu jammy-updates/main amd64 gpg-wks-client amd64 2.2.27-3ubuntu2.4 [62.7 kB]
#10 470.1 Get:257 http://archive.ubuntu.com/ubuntu jammy-updates/main amd64 gpg-wks-server amd64 2.2.27-3ubuntu2.4 [57.5 kB]
#10 470.5 Get:258 http://archive.ubuntu.com/ubuntu jammy-updates/main amd64 gpgsm amd64 2.2.27-3ubuntu2.4 [197 kB]
#10 471.1 Get:259 http://archive.ubuntu.com/ubuntu jammy-updates/main amd64 gnupg all 2.2.27-3ubuntu2.4 [315 kB]
#10 471.8 Get:260 http://archive.ubuntu.com/ubuntu jammy/universe amd64 libigdgmm12 amd64 22.1.2+ds1-1 [139 kB]
#10 472.2 Get:261 http://archive.ubuntu.com/ubuntu jammy-updates/universe amd64 intel-media-va-driver amd64 22.3.1+dfsg1-1ubuntu2 [2283 kB]
#10 476.2 Get:262 http://archive.ubuntu.com/ubuntu jammy/universe amd64 libaacs0 amd64 0.11.1-1 [64.1 kB]
#10 476.5 Get:263 http://archive.ubuntu.com/ubuntu jammy/universe amd64 libbdplus0 amd64 0.2.0-1 [52.2 kB]
#10 476.9 Get:264 http://archive.ubuntu.com/ubuntu jammy-updates/main amd64 libc-dev-bin amd64 2.35-0ubuntu3.11 [20.3 kB]
#10 477.1 Get:265 http://archive.ubuntu.com/ubuntu jammy-updates/main amd64 libxpm4 amd64 1:3.5.12-1ubuntu0.22.04.2 [36.7 kB]
#10 478.1 Get:266 http://archive.ubuntu.com/ubuntu jammy-updates/main amd64 libgd3 amd64 2.3.0-2ubuntu2.3 [129 kB]
#10 478.8 Get:267 http://archive.ubuntu.com/ubuntu jammy-updates/main amd64 libc-devtools amd64 2.35-0ubuntu3.11 [29.0 kB]
#10 479.1 Get:268 http://archive.ubuntu.com/ubuntu jammy-updates/main amd64 linux-libc-dev amd64 5.15.0-164.174 [1325 kB]
#10 481.2 Get:269 http://archive.ubuntu.com/ubuntu jammy/main amd64 libcrypt-dev amd64 1:4.4.27-1 [112 kB]
#10 481.6 Get:270 http://archive.ubuntu.com/ubuntu jammy/main amd64 rpcsvc-proto amd64 1.4.2-0ubuntu6 [68.5 kB]
#10 481.9 Get:271 http://archive.ubuntu.com/ubuntu jammy-updates/main amd64 libtirpc-dev amd64 1.3.2-2ubuntu0.1 [192 kB]
#10 482.9 Get:272 http://archive.ubuntu.com/ubuntu jammy/main amd64 libnsl-dev amd64 1.3.0-2build2 [71.3 kB]
#10 483.3 Get:273 http://archive.ubuntu.com/ubuntu jammy-updates/main amd64 libc6-dev amd64 2.35-0ubuntu3.11 [2100 kB]
#10 486.0 Get:274 http://archive.ubuntu.com/ubuntu jammy/main amd64 libdecor-0-plugin-1-cairo amd64 0.1.0-3build1 [20.4 kB]
#10 486.6 Get:275 http://archive.ubuntu.com/ubuntu jammy-updates/main amd64 libgdk-pixbuf2.0-bin amd64 2.42.8+dfsg-1ubuntu0.4 [14.1 kB]
#10 486.9 Get:276 http://archive.ubuntu.com/ubuntu jammy-updates/main amd64 libgl1-amber-dri amd64 21.3.9-0ubuntu1~22.04.1 [4218 kB]
#10 492.3 Get:277 http://archive.ubuntu.com/ubuntu jammy-updates/main amd64 libldap-common all 2.5.19+dfsg-0ubuntu0.22.04.1 [16.1 kB]
#10 492.6 Get:278 http://archive.ubuntu.com/ubuntu jammy-updates/main amd64 zlib1g-dev amd64 1:1.2.11.dfsg-2ubuntu9.2 [164 kB]
#10 493.8 Get:279 http://archive.ubuntu.com/ubuntu jammy-updates/main amd64 libpng-dev amd64 1.6.37-3ubuntu0.1 [192 kB]
#10 494.3 Get:280 http://archive.ubuntu.com/ubuntu jammy-updates/main amd64 libpng-tools amd64 1.6.37-3ubuntu0.1 [28.7 kB]
#10 494.7 Get:281 http://archive.ubuntu.com/ubuntu jammy-updates/universe amd64 librsvg2-bin amd64 2.52.5+dfsg-3ubuntu0.2 [1871 kB]
#10 497.5 Get:282 http://archive.ubuntu.com/ubuntu jammy-updates/main amd64 librsvg2-common amd64 2.52.5+dfsg-3ubuntu0.2 [17.7 kB]
#10 497.8 Get:283 http://archive.ubuntu.com/ubuntu jammy-updates/main amd64 libsasl2-modules amd64 2.1.27+dfsg2-3ubuntu1.2 [68.8 kB]
#10 498.1 Get:284 http://archive.ubuntu.com/ubuntu jammy/main amd64 manpages-dev all 5.10-1ubuntu1 [2309 kB]
#10 500.6 Get:285 http://archive.ubuntu.com/ubuntu jammy-updates/universe amd64 mesa-va-drivers amd64 23.2.1-1ubuntu3.1~22.04.3 [4100 kB]
#10 507.0 Get:286 http://archive.ubuntu.com/ubuntu jammy-updates/main amd64 mesa-vdpau-drivers amd64 23.2.1-1ubuntu3.1~22.04.3 [3820 kB]
#10 513.6 Get:287 http://archive.ubuntu.com/ubuntu jammy/main amd64 patch amd64 2.7.6-7build2 [109 kB]
#10 514.0 Get:288 http://archive.ubuntu.com/ubuntu jammy-updates/main amd64 sqlite3 amd64 3.37.2-2ubuntu0.5 [769 kB]
#10 515.3 Get:289 http://archive.ubuntu.com/ubuntu jammy-updates/main amd64 unzip amd64 6.0-26ubuntu3.2 [175 kB]
#10 515.9 Get:290 http://archive.ubuntu.com/ubuntu jammy/universe amd64 i965-va-driver amd64 2.4.1+dfsg1-1 [302 kB]
#10 517.4 Get:291 http://archive.ubuntu.com/ubuntu jammy/universe amd64 va-driver-all amd64 2.14.0-1 [3984 B]
#10 517.7 Get:292 http://archive.ubuntu.com/ubuntu jammy/main amd64 vdpau-driver-all amd64 1.4-3build2 [4510 B]
#10 517.9 Get:293 http://archive.ubuntu.com/ubuntu jammy/main amd64 zip amd64 3.0-12build2 [176 kB]
#10 518.6 Get:294 http://archive.ubuntu.com/ubuntu jammy-updates/universe amd64 gosu amd64 1.14-1ubuntu0.1 [818 kB]
#10 519.7 Get:295 http://archive.ubuntu.com/ubuntu jammy/universe amd64 pocketsphinx-en-us all 0.8.0+real5prealpha+1-14ubuntu1 [27.6 MB]
#10 546.8 debconf: delaying package configuration, since apt-utils is not installed
#10 546.9 Fetched 197 MB in 8min 4s (407 kB/s)
#10 546.9 Selecting previously unselected package libpython3.10-minimal:amd64.
#10 546.9 (Reading database ... 
(Reading database ... 5%
(Reading database ... 10%
(Reading database ... 15%
(Reading database ... 20%
(Reading database ... 25%
(Reading database ... 30%
(Reading database ... 35%
(Reading database ... 40%
(Reading database ... 45%
(Reading database ... 50%
(Reading database ... 55%
(Reading database ... 60%
(Reading database ... 65%
(Reading database ... 70%
(Reading database ... 75%
(Reading database ... 80%
(Reading database ... 85%
(Reading database ... 90%
(Reading database ... 95%
(Reading database ... 100%
(Reading database ... 4393 files and directories currently installed.)
#10 546.9 Preparing to unpack .../libpython3.10-minimal_3.10.12-1~22.04.12_amd64.deb ...
#10 546.9 Unpacking libpython3.10-minimal:amd64 (3.10.12-1~22.04.12) ...
#10 547.0 Selecting previously unselected package libexpat1:amd64.
#10 547.0 Preparing to unpack .../libexpat1_2.4.7-1ubuntu0.6_amd64.deb ...
#10 547.0 Unpacking libexpat1:amd64 (2.4.7-1ubuntu0.6) ...
#10 547.0 Selecting previously unselected package python3.10-minimal.
#10 547.0 Preparing to unpack .../python3.10-minimal_3.10.12-1~22.04.12_amd64.deb ...
#10 547.0 Unpacking python3.10-minimal (3.10.12-1~22.04.12) ...
#10 547.1 Setting up libpython3.10-minimal:amd64 (3.10.12-1~22.04.12) ...
#10 547.1 Setting up libexpat1:amd64 (2.4.7-1ubuntu0.6) ...
#10 547.1 Setting up python3.10-minimal (3.10.12-1~22.04.12) ...
#10 547.7 Selecting previously unselected package python3-minimal.
#10 547.7 (Reading database ... 
(Reading database ... 5%
(Reading database ... 10%
(Reading database ... 15%
(Reading database ... 20%
(Reading database ... 25%
(Reading database ... 30%
(Reading database ... 35%
(Reading database ... 40%
(Reading database ... 45%
(Reading database ... 50%
(Reading database ... 55%
(Reading database ... 60%
(Reading database ... 65%
(Reading database ... 70%
(Reading database ... 75%
(Reading database ... 80%
(Reading database ... 85%
(Reading database ... 90%
(Reading database ... 95%
(Reading database ... 100%
(Reading database ... 4697 files and directories currently installed.)
#10 547.7 Preparing to unpack .../0-python3-minimal_3.10.6-1~22.04.1_amd64.deb ...
#10 547.7 Unpacking python3-minimal (3.10.6-1~22.04.1) ...
#10 547.7 Selecting previously unselected package media-types.
#10 547.7 Preparing to unpack .../1-media-types_7.0.0_all.deb ...
#10 547.8 Unpacking media-types (7.0.0) ...
#10 547.8 Selecting previously unselected package libmpdec3:amd64.
#10 547.8 Preparing to unpack .../2-libmpdec3_2.5.1-2build2_amd64.deb ...
#10 547.8 Unpacking libmpdec3:amd64 (2.5.1-2build2) ...
#10 547.8 Selecting previously unselected package readline-common.
#10 547.8 Preparing to unpack .../3-readline-common_8.1.2-1_all.deb ...
#10 547.8 Unpacking readline-common (8.1.2-1) ...
#10 547.9 Selecting previously unselected package libreadline8:amd64.
#10 547.9 Preparing to unpack .../4-libreadline8_8.1.2-1_amd64.deb ...
#10 547.9 Unpacking libreadline8:amd64 (8.1.2-1) ...
#10 547.9 Selecting previously unselected package libsqlite3-0:amd64.
#10 547.9 Preparing to unpack .../5-libsqlite3-0_3.37.2-2ubuntu0.5_amd64.deb ...
#10 547.9 Unpacking libsqlite3-0:amd64 (3.37.2-2ubuntu0.5) ...
#10 547.9 Selecting previously unselected package libpython3.10-stdlib:amd64.
#10 547.9 Preparing to unpack .../6-libpython3.10-stdlib_3.10.12-1~22.04.12_amd64.deb ...
#10 547.9 Unpacking libpython3.10-stdlib:amd64 (3.10.12-1~22.04.12) ...
#10 548.0 Selecting previously unselected package python3.10.
#10 548.0 Preparing to unpack .../7-python3.10_3.10.12-1~22.04.12_amd64.deb ...
#10 548.0 Unpacking python3.10 (3.10.12-1~22.04.12) ...
#10 548.1 Selecting previously unselected package libpython3-stdlib:amd64.
#10 548.1 Preparing to unpack .../8-libpython3-stdlib_3.10.6-1~22.04.1_amd64.deb ...
#10 548.1 Unpacking libpython3-stdlib:amd64 (3.10.6-1~22.04.1) ...
#10 548.1 Setting up python3-minimal (3.10.6-1~22.04.1) ...
#10 548.3 Selecting previously unselected package python3.
#10 548.3 (Reading database ... 
(Reading database ... 5%
(Reading database ... 10%
(Reading database ... 15%
(Reading database ... 20%
(Reading database ... 25%
(Reading database ... 30%
(Reading database ... 35%
(Reading database ... 40%
(Reading database ... 45%
(Reading database ... 50%
(Reading database ... 55%
(Reading database ... 60%
(Reading database ... 65%
(Reading database ... 70%
(Reading database ... 75%
(Reading database ... 80%
(Reading database ... 85%
(Reading database ... 90%
(Reading database ... 95%
(Reading database ... 100%
(Reading database ... 5127 files and directories currently installed.)
#10 548.3 Preparing to unpack .../000-python3_3.10.6-1~22.04.1_amd64.deb ...
#10 548.3 Unpacking python3 (3.10.6-1~22.04.1) ...
#10 548.3 Selecting previously unselected package perl-modules-5.34.
#10 548.3 Preparing to unpack .../001-perl-modules-5.34_5.34.0-3ubuntu1.5_all.deb ...
#10 548.3 Unpacking perl-modules-5.34 (5.34.0-3ubuntu1.5) ...
#10 548.6 Selecting previously unselected package libgdbm6:amd64.
#10 548.6 Preparing to unpack .../002-libgdbm6_1.23-1_amd64.deb ...
#10 548.6 Unpacking libgdbm6:amd64 (1.23-1) ...
#10 548.6 Selecting previously unselected package libgdbm-compat4:amd64.
#10 548.6 Preparing to unpack .../003-libgdbm-compat4_1.23-1_amd64.deb ...
#10 548.6 Unpacking libgdbm-compat4:amd64 (1.23-1) ...
#10 548.7 Selecting previously unselected package libperl5.34:amd64.
#10 548.7 Preparing to unpack .../004-libperl5.34_5.34.0-3ubuntu1.5_amd64.deb ...
#10 548.7 Unpacking libperl5.34:amd64 (5.34.0-3ubuntu1.5) ...
#10 548.9 Selecting previously unselected package perl.
#10 548.9 Preparing to unpack .../005-perl_5.34.0-3ubuntu1.5_amd64.deb ...
#10 548.9 Unpacking perl (5.34.0-3ubuntu1.5) ...
#10 548.9 Selecting previously unselected package python3-pkg-resources.
#10 548.9 Preparing to unpack .../006-python3-pkg-resources_59.6.0-1.2ubuntu0.22.04.3_all.deb ...
#10 548.9 Unpacking python3-pkg-resources (59.6.0-1.2ubuntu0.22.04.3) ...
#10 549.0 Selecting previously unselected package supervisor.
#10 549.0 Preparing to unpack .../007-supervisor_4.2.1-1ubuntu1_all.deb ...
#10 549.0 Unpacking supervisor (4.2.1-1ubuntu1) ...
#10 549.0 Selecting previously unselected package openssl.
#10 549.0 Preparing to unpack .../008-openssl_3.0.2-0ubuntu1.20_amd64.deb ...
#10 549.0 Unpacking openssl (3.0.2-0ubuntu1.20) ...
#10 549.1 Selecting previously unselected package ca-certificates.
#10 549.1 Preparing to unpack .../009-ca-certificates_20240203~22.04.1_all.deb ...
#10 549.1 Unpacking ca-certificates (20240203~22.04.1) ...
#10 549.2 Selecting previously unselected package libapparmor1:amd64.
#10 549.2 Preparing to unpack .../010-libapparmor1_3.0.4-2ubuntu2.5_amd64.deb ...
#10 549.2 Unpacking libapparmor1:amd64 (3.0.4-2ubuntu2.5) ...
#10 549.2 Selecting previously unselected package libdbus-1-3:amd64.
#10 549.2 Preparing to unpack .../011-libdbus-1-3_1.12.20-2ubuntu4.1_amd64.deb ...
#10 549.2 Unpacking libdbus-1-3:amd64 (1.12.20-2ubuntu4.1) ...
#10 549.2 Selecting previously unselected package dbus.
#10 549.2 Preparing to unpack .../012-dbus_1.12.20-2ubuntu4.1_amd64.deb ...
#10 549.2 Unpacking dbus (1.12.20-2ubuntu4.1) ...
#10 549.3 Selecting previously unselected package less.
#10 549.3 Preparing to unpack .../013-less_590-1ubuntu0.22.04.3_amd64.deb ...
#10 549.3 Unpacking less (590-1ubuntu0.22.04.3) ...
#10 549.3 Selecting previously unselected package libmd0:amd64.
#10 549.3 Preparing to unpack .../014-libmd0_1.0.4-1build1_amd64.deb ...
#10 549.3 Unpacking libmd0:amd64 (1.0.4-1build1) ...
#10 549.4 Selecting previously unselected package libbsd0:amd64.
#10 549.4 Preparing to unpack .../015-libbsd0_0.11.5-1_amd64.deb ...
#10 549.4 Unpacking libbsd0:amd64 (0.11.5-1) ...
#10 549.4 Selecting previously unselected package libcap2-bin.
#10 549.4 Preparing to unpack .../016-libcap2-bin_1%3a2.44-1ubuntu0.22.04.2_amd64.deb ...
#10 549.4 Unpacking libcap2-bin (1:2.44-1ubuntu0.22.04.2) ...
#10 549.4 Selecting previously unselected package libelf1:amd64.
#10 549.4 Preparing to unpack .../017-libelf1_0.186-1ubuntu0.1_amd64.deb ...
#10 549.4 Unpacking libelf1:amd64 (0.186-1ubuntu0.1) ...
#10 549.5 Selecting previously unselected package libfribidi0:amd64.
#10 549.5 Preparing to unpack .../018-libfribidi0_1.0.8-2ubuntu3.1_amd64.deb ...
#10 549.5 Unpacking libfribidi0:amd64 (1.0.8-2ubuntu3.1) ...
#10 549.5 Selecting previously unselected package libglib2.0-0:amd64.
#10 549.5 Preparing to unpack .../019-libglib2.0-0_2.72.4-0ubuntu2.6_amd64.deb ...
#10 549.5 Unpacking libglib2.0-0:amd64 (2.72.4-0ubuntu2.6) ...
#10 549.6 Selecting previously unselected package libglib2.0-data.
#10 549.6 Preparing to unpack .../020-libglib2.0-data_2.72.4-0ubuntu2.6_all.deb ...
#10 549.6 Unpacking libglib2.0-data (2.72.4-0ubuntu2.6) ...
#10 549.6 Selecting previously unselected package libicu70:amd64.
#10 549.6 Preparing to unpack .../021-libicu70_70.1-2_amd64.deb ...
#10 549.6 Unpacking libicu70:amd64 (70.1-2) ...
#10 549.8 Selecting previously unselected package libjson-c5:amd64.
#10 549.8 Preparing to unpack .../022-libjson-c5_0.15-3~ubuntu1.22.04.2_amd64.deb ...
#10 549.8 Unpacking libjson-c5:amd64 (0.15-3~ubuntu1.22.04.2) ...
#10 549.8 Selecting previously unselected package libpam-cap:amd64.
#10 549.8 Preparing to unpack .../023-libpam-cap_1%3a2.44-1ubuntu0.22.04.2_amd64.deb ...
#10 549.8 Unpacking libpam-cap:amd64 (1:2.44-1ubuntu0.22.04.2) ...
#10 549.9 Selecting previously unselected package libslang2:amd64.
#10 549.9 Preparing to unpack .../024-libslang2_2.3.2-5build4_amd64.deb ...
#10 549.9 Unpacking libslang2:amd64 (2.3.2-5build4) ...
#10 549.9 Selecting previously unselected package libxml2:amd64.
#10 549.9 Preparing to unpack .../025-libxml2_2.9.13+dfsg-1ubuntu0.10_amd64.deb ...
#10 549.9 Unpacking libxml2:amd64 (2.9.13+dfsg-1ubuntu0.10) ...
#10 550.0 Selecting previously unselected package netbase.
#10 550.0 Preparing to unpack .../026-netbase_6.3_all.deb ...
#10 550.0 Unpacking netbase (6.3) ...
#10 550.0 Selecting previously unselected package shared-mime-info.
#10 550.0 Preparing to unpack .../027-shared-mime-info_2.1-2_amd64.deb ...
#10 550.0 Unpacking shared-mime-info (2.1-2) ...
#10 550.1 Selecting previously unselected package ucf.
#10 550.1 Preparing to unpack .../028-ucf_3.0043_all.deb ...
#10 550.1 Moving old data out of the way
#10 550.1 Unpacking ucf (3.0043) ...
#10 550.1 Selecting previously unselected package xdg-user-dirs.
#10 550.1 Preparing to unpack .../029-xdg-user-dirs_0.17-2ubuntu4_amd64.deb ...
#10 550.1 Unpacking xdg-user-dirs (0.17-2ubuntu4) ...
#10 550.2 Selecting previously unselected package xkb-data.
#10 550.2 Preparing to unpack .../030-xkb-data_2.33-1_all.deb ...
#10 550.2 Unpacking xkb-data (2.33-1) ...
#10 550.3 Selecting previously unselected package libedit2:amd64.
#10 550.3 Preparing to unpack .../031-libedit2_3.1-20210910-1build1_amd64.deb ...
#10 550.3 Unpacking libedit2:amd64 (3.1-20210910-1build1) ...
#10 550.4 Selecting previously unselected package liblmdb0:amd64.
#10 550.4 Preparing to unpack .../032-liblmdb0_0.9.24-1build2_amd64.deb ...
#10 550.4 Unpacking liblmdb0:amd64 (0.9.24-1build2) ...
#10 550.4 Selecting previously unselected package libmaxminddb0:amd64.
#10 550.4 Preparing to unpack .../033-libmaxminddb0_1.5.2-1build2_amd64.deb ...
#10 550.4 Unpacking libmaxminddb0:amd64 (1.5.2-1build2) ...
#10 550.4 Selecting previously unselected package libnghttp2-14:amd64.
#10 550.4 Preparing to unpack .../034-libnghttp2-14_1.43.0-1ubuntu0.2_amd64.deb ...
#10 550.5 Unpacking libnghttp2-14:amd64 (1.43.0-1ubuntu0.2) ...
#10 550.5 Selecting previously unselected package libuv1:amd64.
#10 550.5 Preparing to unpack .../035-libuv1_1.43.0-1ubuntu0.1_amd64.deb ...
#10 550.5 Unpacking libuv1:amd64 (1.43.0-1ubuntu0.1) ...
#10 550.5 Selecting previously unselected package bind9-libs:amd64.
#10 550.5 Preparing to unpack .../036-bind9-libs_1%3a9.18.39-0ubuntu0.22.04.2_amd64.deb ...
#10 550.5 Unpacking bind9-libs:amd64 (1:9.18.39-0ubuntu0.22.04.2) ...
#10 550.6 Selecting previously unselected package bind9-host.
#10 550.6 Preparing to unpack .../037-bind9-host_1%3a9.18.39-0ubuntu0.22.04.2_amd64.deb ...
#10 550.6 Unpacking bind9-host (1:9.18.39-0ubuntu0.22.04.2) ...
#10 550.6 Selecting previously unselected package bind9-dnsutils.
#10 550.6 Preparing to unpack .../038-bind9-dnsutils_1%3a9.18.39-0ubuntu0.22.04.2_amd64.deb ...
#10 550.6 Unpacking bind9-dnsutils (1:9.18.39-0ubuntu0.22.04.2) ...
#10 550.7 Selecting previously unselected package libcbor0.8:amd64.
#10 550.7 Preparing to unpack .../039-libcbor0.8_0.8.0-2ubuntu1_amd64.deb ...
#10 550.7 Unpacking libcbor0.8:amd64 (0.8.0-2ubuntu1) ...
#10 550.7 Selecting previously unselected package libdrm-common.
#10 550.7 Preparing to unpack .../040-libdrm-common_2.4.113-2~ubuntu0.22.04.1_all.deb ...
#10 550.7 Unpacking libdrm-common (2.4.113-2~ubuntu0.22.04.1) ...
#10 550.7 Selecting previously unselected package libdrm2:amd64.
#10 550.7 Preparing to unpack .../041-libdrm2_2.4.113-2~ubuntu0.22.04.1_amd64.deb ...
#10 550.7 Unpacking libdrm2:amd64 (2.4.113-2~ubuntu0.22.04.1) ...
#10 550.8 Selecting previously unselected package libfido2-1:amd64.
#10 550.8 Preparing to unpack .../042-libfido2-1_1.10.0-1_amd64.deb ...
#10 550.8 Unpacking libfido2-1:amd64 (1.10.0-1) ...
#10 550.8 Selecting previously unselected package libnuma1:amd64.
#10 550.8 Preparing to unpack .../043-libnuma1_2.0.14-3ubuntu2_amd64.deb ...
#10 550.8 Unpacking libnuma1:amd64 (2.0.14-3ubuntu2) ...
#10 550.8 Selecting previously unselected package libpng16-16:amd64.
#10 550.8 Preparing to unpack .../044-libpng16-16_1.6.37-3ubuntu0.1_amd64.deb ...
#10 550.9 Unpacking libpng16-16:amd64 (1.6.37-3ubuntu0.1) ...
#10 550.9 Selecting previously unselected package libpsl5:amd64.
#10 550.9 Preparing to unpack .../045-libpsl5_0.21.0-1.2build2_amd64.deb ...
#10 550.9 Unpacking libpsl5:amd64 (0.21.0-1.2build2) ...
#10 550.9 Selecting previously unselected package libusb-1.0-0:amd64.
#10 550.9 Preparing to unpack .../046-libusb-1.0-0_2%3a1.0.25-1ubuntu2_amd64.deb ...
#10 550.9 Unpacking libusb-1.0-0:amd64 (2:1.0.25-1ubuntu2) ...
#10 551.0 Selecting previously unselected package libxau6:amd64.
#10 551.0 Preparing to unpack .../047-libxau6_1%3a1.0.9-1build5_amd64.deb ...
#10 551.0 Unpacking libxau6:amd64 (1:1.0.9-1build5) ...
#10 551.0 Selecting previously unselected package libxdmcp6:amd64.
#10 551.0 Preparing to unpack .../048-libxdmcp6_1%3a1.1.3-0ubuntu5_amd64.deb ...
#10 551.0 Unpacking libxdmcp6:amd64 (1:1.1.3-0ubuntu5) ...
#10 551.0 Selecting previously unselected package libxcb1:amd64.
#10 551.0 Preparing to unpack .../049-libxcb1_1.14-3ubuntu3_amd64.deb ...
#10 551.1 Unpacking libxcb1:amd64 (1.14-3ubuntu3) ...
#10 551.1 Selecting previously unselected package libx11-data.
#10 551.1 Preparing to unpack .../050-libx11-data_2%3a1.7.5-1ubuntu0.3_all.deb ...
#10 551.1 Unpacking libx11-data (2:1.7.5-1ubuntu0.3) ...
#10 551.2 Selecting previously unselected package libx11-6:amd64.
#10 551.2 Preparing to unpack .../051-libx11-6_2%3a1.7.5-1ubuntu0.3_amd64.deb ...
#10 551.2 Unpacking libx11-6:amd64 (2:1.7.5-1ubuntu0.3) ...
#10 551.2 Selecting previously unselected package libxext6:amd64.
#10 551.2 Preparing to unpack .../052-libxext6_2%3a1.3.4-1build1_amd64.deb ...
#10 551.2 Unpacking libxext6:amd64 (2:1.3.4-1build1) ...
#10 551.3 Selecting previously unselected package libxmuu1:amd64.
#10 551.3 Preparing to unpack .../053-libxmuu1_2%3a1.1.3-3_amd64.deb ...
#10 551.3 Unpacking libxmuu1:amd64 (2:1.1.3-3) ...
#10 551.3 Selecting previously unselected package manpages.
#10 551.3 Preparing to unpack .../054-manpages_5.10-1ubuntu1_all.deb ...
#10 551.3 Unpacking manpages (5.10-1ubuntu1) ...
#10 551.4 Selecting previously unselected package nano.
#10 551.4 Preparing to unpack .../055-nano_6.2-1ubuntu0.1_amd64.deb ...
#10 551.4 Unpacking nano (6.2-1ubuntu0.1) ...
#10 551.5 Selecting previously unselected package openssh-client.
#10 551.5 Preparing to unpack .../056-openssh-client_1%3a8.9p1-3ubuntu0.13_amd64.deb ...
#10 551.5 Unpacking openssh-client (1:8.9p1-3ubuntu0.13) ...
#10 551.5 Selecting previously unselected package publicsuffix.
#10 551.5 Preparing to unpack .../057-publicsuffix_20211207.1025-1_all.deb ...
#10 551.5 Unpacking publicsuffix (20211207.1025-1) ...
#10 551.6 Selecting previously unselected package xauth.
#10 551.6 Preparing to unpack .../058-xauth_1%3a1.1-1build2_amd64.deb ...
#10 551.6 Unpacking xauth (1:1.1-1build2) ...
#10 551.6 Selecting previously unselected package alsa-topology-conf.
#10 551.6 Preparing to unpack .../059-alsa-topology-conf_1.2.5.1-2_all.deb ...
#10 551.6 Unpacking alsa-topology-conf (1.2.5.1-2) ...
#10 551.6 Selecting previously unselected package libasound2-data.
#10 551.6 Preparing to unpack .../060-libasound2-data_1.2.6.1-1ubuntu1_all.deb ...
#10 551.6 Unpacking libasound2-data (1.2.6.1-1ubuntu1) ...
#10 551.7 Selecting previously unselected package libasound2:amd64.
#10 551.7 Preparing to unpack .../061-libasound2_1.2.6.1-1ubuntu1_amd64.deb ...
#10 551.7 Unpacking libasound2:amd64 (1.2.6.1-1ubuntu1) ...
#10 551.7 Selecting previously unselected package alsa-ucm-conf.
#10 551.7 Preparing to unpack .../062-alsa-ucm-conf_1.2.6.3-1ubuntu1.12_all.deb ...
#10 551.7 Unpacking alsa-ucm-conf (1.2.6.3-1ubuntu1.12) ...
#10 551.8 Selecting previously unselected package libbrotli1:amd64.
#10 551.8 Preparing to unpack .../063-libbrotli1_1.0.9-2build6_amd64.deb ...
#10 551.8 Unpacking libbrotli1:amd64 (1.0.9-2build6) ...
#10 551.9 Selecting previously unselected package libsasl2-modules-db:amd64.
#10 551.9 Preparing to unpack .../064-libsasl2-modules-db_2.1.27+dfsg2-3ubuntu1.2_amd64.deb ...
#10 551.9 Unpacking libsasl2-modules-db:amd64 (2.1.27+dfsg2-3ubuntu1.2) ...
#10 551.9 Selecting previously unselected package libsasl2-2:amd64.
#10 551.9 Preparing to unpack .../065-libsasl2-2_2.1.27+dfsg2-3ubuntu1.2_amd64.deb ...
#10 551.9 Unpacking libsasl2-2:amd64 (2.1.27+dfsg2-3ubuntu1.2) ...
#10 551.9 Selecting previously unselected package libldap-2.5-0:amd64.
#10 551.9 Preparing to unpack .../066-libldap-2.5-0_2.5.19+dfsg-0ubuntu0.22.04.1_amd64.deb ...
#10 551.9 Unpacking libldap-2.5-0:amd64 (2.5.19+dfsg-0ubuntu0.22.04.1) ...
#10 552.0 Selecting previously unselected package librtmp1:amd64.
#10 552.0 Preparing to unpack .../067-librtmp1_2.4+20151223.gitfa8646d.1-2build4_amd64.deb ...
#10 552.0 Unpacking librtmp1:amd64 (2.4+20151223.gitfa8646d.1-2build4) ...
#10 552.0 Selecting previously unselected package libssh-4:amd64.
#10 552.0 Preparing to unpack .../068-libssh-4_0.9.6-2ubuntu0.22.04.5_amd64.deb ...
#10 552.0 Unpacking libssh-4:amd64 (0.9.6-2ubuntu0.22.04.5) ...
#10 552.1 Selecting previously unselected package libcurl4:amd64.
#10 552.1 Preparing to unpack .../069-libcurl4_7.81.0-1ubuntu1.21_amd64.deb ...
#10 552.1 Unpacking libcurl4:amd64 (7.81.0-1ubuntu1.21) ...
#10 552.1 Selecting previously unselected package curl.
#10 552.1 Preparing to unpack .../070-curl_7.81.0-1ubuntu1.21_amd64.deb ...
#10 552.1 Unpacking curl (7.81.0-1ubuntu1.21) ...
#10 552.2 Selecting previously unselected package libassuan0:amd64.
#10 552.2 Preparing to unpack .../071-libassuan0_2.5.5-1build1_amd64.deb ...
#10 552.2 Unpacking libassuan0:amd64 (2.5.5-1build1) ...
#10 552.2 Selecting previously unselected package gpgconf.
#10 552.2 Preparing to unpack .../072-gpgconf_2.2.27-3ubuntu2.4_amd64.deb ...
#10 552.2 Unpacking gpgconf (2.2.27-3ubuntu2.4) ...
#10 552.2 Selecting previously unselected package libksba8:amd64.
#10 552.2 Preparing to unpack .../073-libksba8_1.6.0-2ubuntu0.2_amd64.deb ...
#10 552.2 Unpacking libksba8:amd64 (1.6.0-2ubuntu0.2) ...
#10 552.3 Selecting previously unselected package libnpth0:amd64.
#10 552.3 Preparing to unpack .../074-libnpth0_1.6-3build2_amd64.deb ...
#10 552.3 Unpacking libnpth0:amd64 (1.6-3build2) ...
#10 552.3 Selecting previously unselected package dirmngr.
#10 552.3 Preparing to unpack .../075-dirmngr_2.2.27-3ubuntu2.4_amd64.deb ...
#10 552.3 Unpacking dirmngr (2.2.27-3ubuntu2.4) ...
#10 552.4 Selecting previously unselected package dnsutils.
#10 552.4 Preparing to unpack .../076-dnsutils_1%3a9.18.39-0ubuntu0.22.04.2_all.deb ...
#10 552.4 Unpacking dnsutils (1:9.18.39-0ubuntu0.22.04.2) ...
#10 552.4 Selecting previously unselected package libaom3:amd64.
#10 552.4 Preparing to unpack .../077-libaom3_3.3.0-1ubuntu0.1_amd64.deb ...
#10 552.4 Unpacking libaom3:amd64 (3.3.0-1ubuntu0.1) ...
#10 552.5 Selecting previously unselected package libva2:amd64.
#10 552.5 Preparing to unpack .../078-libva2_2.14.0-1_amd64.deb ...
#10 552.5 Unpacking libva2:amd64 (2.14.0-1) ...
#10 552.5 Selecting previously unselected package libmfx1:amd64.
#10 552.5 Preparing to unpack .../079-libmfx1_22.3.0-1_amd64.deb ...
#10 552.5 Unpacking libmfx1:amd64 (22.3.0-1) ...
#10 552.6 Selecting previously unselected package libva-drm2:amd64.
#10 552.6 Preparing to unpack .../080-libva-drm2_2.14.0-1_amd64.deb ...
#10 552.6 Unpacking libva-drm2:amd64 (2.14.0-1) ...
#10 552.7 Selecting previously unselected package libxfixes3:amd64.
#10 552.7 Preparing to unpack .../081-libxfixes3_1%3a6.0.0-1_amd64.deb ...
#10 552.7 Unpacking libxfixes3:amd64 (1:6.0.0-1) ...
#10 552.7 Selecting previously unselected package libva-x11-2:amd64.
#10 552.7 Preparing to unpack .../082-libva-x11-2_2.14.0-1_amd64.deb ...
#10 552.7 Unpacking libva-x11-2:amd64 (2.14.0-1) ...
#10 552.7 Selecting previously unselected package libvdpau1:amd64.
#10 552.7 Preparing to unpack .../083-libvdpau1_1.4-3build2_amd64.deb ...
#10 552.8 Unpacking libvdpau1:amd64 (1.4-3build2) ...
#10 552.8 Selecting previously unselected package ocl-icd-libopencl1:amd64.
#10 552.8 Preparing to unpack .../084-ocl-icd-libopencl1_2.2.14-3_amd64.deb ...
#10 552.8 Unpacking ocl-icd-libopencl1:amd64 (2.2.14-3) ...
#10 552.8 Selecting previously unselected package libavutil56:amd64.
#10 552.8 Preparing to unpack .../085-libavutil56_7%3a4.4.2-0ubuntu0.22.04.1_amd64.deb ...
#10 552.8 Unpacking libavutil56:amd64 (7:4.4.2-0ubuntu0.22.04.1) ...
#10 552.9 Selecting previously unselected package libfreetype6:amd64.
#10 552.9 Preparing to unpack .../086-libfreetype6_2.11.1+dfsg-1ubuntu0.3_amd64.deb ...
#10 552.9 Unpacking libfreetype6:amd64 (2.11.1+dfsg-1ubuntu0.3) ...
#10 552.9 Selecting previously unselected package fonts-dejavu-core.
#10 552.9 Preparing to unpack .../087-fonts-dejavu-core_2.37-2build1_all.deb ...
#10 552.9 Unpacking fonts-dejavu-core (2.37-2build1) ...
#10 553.0 Selecting previously unselected package fontconfig-config.
#10 553.0 Preparing to unpack .../088-fontconfig-config_2.13.1-4.2ubuntu5_all.deb ...
#10 553.0 Unpacking fontconfig-config (2.13.1-4.2ubuntu5) ...
#10 553.1 Selecting previously unselected package libfontconfig1:amd64.
#10 553.1 Preparing to unpack .../089-libfontconfig1_2.13.1-4.2ubuntu5_amd64.deb ...
#10 553.1 Unpacking libfontconfig1:amd64 (2.13.1-4.2ubuntu5) ...
#10 553.1 Selecting previously unselected package libpixman-1-0:amd64.
#10 553.1 Preparing to unpack .../090-libpixman-1-0_0.40.0-1ubuntu0.22.04.1_amd64.deb ...
#10 553.1 Unpacking libpixman-1-0:amd64 (0.40.0-1ubuntu0.22.04.1) ...
#10 553.2 Selecting previously unselected package libxcb-render0:amd64.
#10 553.2 Preparing to unpack .../091-libxcb-render0_1.14-3ubuntu3_amd64.deb ...
#10 553.2 Unpacking libxcb-render0:amd64 (1.14-3ubuntu3) ...
#10 553.2 Selecting previously unselected package libxcb-shm0:amd64.
#10 553.2 Preparing to unpack .../092-libxcb-shm0_1.14-3ubuntu3_amd64.deb ...
#10 553.2 Unpacking libxcb-shm0:amd64 (1.14-3ubuntu3) ...
#10 553.2 Selecting previously unselected package libxrender1:amd64.
#10 553.2 Preparing to unpack .../093-libxrender1_1%3a0.9.10-1build4_amd64.deb ...
#10 553.3 Unpacking libxrender1:amd64 (1:0.9.10-1build4) ...
#10 553.3 Selecting previously unselected package libcairo2:amd64.
#10 553.3 Preparing to unpack .../094-libcairo2_1.16.0-5ubuntu2_amd64.deb ...
#10 553.3 Unpacking libcairo2:amd64 (1.16.0-5ubuntu2) ...
#10 553.3 Selecting previously unselected package libcodec2-1.0:amd64.
#10 553.3 Preparing to unpack .../095-libcodec2-1.0_1.0.1-3_amd64.deb ...
#10 553.3 Unpacking libcodec2-1.0:amd64 (1.0.1-3) ...
#10 553.4 Selecting previously unselected package libdav1d5:amd64.
#10 553.4 Preparing to unpack .../096-libdav1d5_0.9.2-1_amd64.deb ...
#10 553.4 Unpacking libdav1d5:amd64 (0.9.2-1) ...
#10 553.5 Selecting previously unselected package libgsm1:amd64.
#10 553.5 Preparing to unpack .../097-libgsm1_1.0.19-1_amd64.deb ...
#10 553.5 Unpacking libgsm1:amd64 (1.0.19-1) ...
#10 553.5 Selecting previously unselected package libmp3lame0:amd64.
#10 553.5 Preparing to unpack .../098-libmp3lame0_3.100-3build2_amd64.deb ...
#10 553.5 Unpacking libmp3lame0:amd64 (3.100-3build2) ...
#10 553.5 Selecting previously unselected package libopenjp2-7:amd64.
#10 553.6 Preparing to unpack .../099-libopenjp2-7_2.4.0-6ubuntu0.4_amd64.deb ...
#10 553.6 Unpacking libopenjp2-7:amd64 (2.4.0-6ubuntu0.4) ...
#10 553.6 Selecting previously unselected package libopus0:amd64.
#10 553.6 Preparing to unpack .../100-libopus0_1.3.1-0.1build2_amd64.deb ...
#10 553.6 Unpacking libopus0:amd64 (1.3.1-0.1build2) ...
#10 553.6 Selecting previously unselected package libcairo-gobject2:amd64.
#10 553.6 Preparing to unpack .../101-libcairo-gobject2_1.16.0-5ubuntu2_amd64.deb ...
#10 553.6 Unpacking libcairo-gobject2:amd64 (1.16.0-5ubuntu2) ...
#10 553.7 Selecting previously unselected package libgdk-pixbuf2.0-common.
#10 553.7 Preparing to unpack .../102-libgdk-pixbuf2.0-common_2.42.8+dfsg-1ubuntu0.4_all.deb ...
#10 553.7 Unpacking libgdk-pixbuf2.0-common (2.42.8+dfsg-1ubuntu0.4) ...
#10 553.7 Selecting previously unselected package libjpeg-turbo8:amd64.
#10 553.7 Preparing to unpack .../103-libjpeg-turbo8_2.1.2-0ubuntu1_amd64.deb ...
#10 553.7 Unpacking libjpeg-turbo8:amd64 (2.1.2-0ubuntu1) ...
#10 553.7 Selecting previously unselected package libjpeg8:amd64.
#10 553.7 Preparing to unpack .../104-libjpeg8_8c-2ubuntu10_amd64.deb ...
#10 553.7 Unpacking libjpeg8:amd64 (8c-2ubuntu10) ...
#10 553.8 Selecting previously unselected package libdeflate0:amd64.
#10 553.8 Preparing to unpack .../105-libdeflate0_1.10-2_amd64.deb ...
#10 553.8 Unpacking libdeflate0:amd64 (1.10-2) ...
#10 553.8 Selecting previously unselected package libjbig0:amd64.
#10 553.8 Preparing to unpack .../106-libjbig0_2.1-3.1ubuntu0.22.04.1_amd64.deb ...
#10 553.8 Unpacking libjbig0:amd64 (2.1-3.1ubuntu0.22.04.1) ...
#10 553.9 Selecting previously unselected package libwebp7:amd64.
#10 553.9 Preparing to unpack .../107-libwebp7_1.2.2-2ubuntu0.22.04.2_amd64.deb ...
#10 553.9 Unpacking libwebp7:amd64 (1.2.2-2ubuntu0.22.04.2) ...
#10 553.9 Selecting previously unselected package libtiff5:amd64.
#10 553.9 Preparing to unpack .../108-libtiff5_4.3.0-6ubuntu0.12_amd64.deb ...
#10 553.9 Unpacking libtiff5:amd64 (4.3.0-6ubuntu0.12) ...
#10 553.9 Selecting previously unselected package libgdk-pixbuf-2.0-0:amd64.
#10 553.9 Preparing to unpack .../109-libgdk-pixbuf-2.0-0_2.42.8+dfsg-1ubuntu0.4_amd64.deb ...
#10 553.9 Unpacking libgdk-pixbuf-2.0-0:amd64 (2.42.8+dfsg-1ubuntu0.4) ...
#10 554.0 Selecting previously unselected package fontconfig.
#10 554.0 Preparing to unpack .../110-fontconfig_2.13.1-4.2ubuntu5_amd64.deb ...
#10 554.0 Unpacking fontconfig (2.13.1-4.2ubuntu5) ...
#10 554.0 Selecting previously unselected package libgraphite2-3:amd64.
#10 554.0 Preparing to unpack .../111-libgraphite2-3_1.3.14-1build2_amd64.deb ...
#10 554.0 Unpacking libgraphite2-3:amd64 (1.3.14-1build2) ...
#10 554.1 Selecting previously unselected package libharfbuzz0b:amd64.
#10 554.1 Preparing to unpack .../112-libharfbuzz0b_2.7.4-1ubuntu3.2_amd64.deb ...
#10 554.1 Unpacking libharfbuzz0b:amd64 (2.7.4-1ubuntu3.2) ...
#10 554.1 Selecting previously unselected package libthai-data.
#10 554.1 Preparing to unpack .../113-libthai-data_0.1.29-1build1_all.deb ...
#10 554.1 Unpacking libthai-data (0.1.29-1build1) ...
#10 554.2 Selecting previously unselected package libdatrie1:amd64.
#10 554.2 Preparing to unpack .../114-libdatrie1_0.2.13-2_amd64.deb ...
#10 554.2 Unpacking libdatrie1:amd64 (0.2.13-2) ...
#10 554.2 Selecting previously unselected package libthai0:amd64.
#10 554.2 Preparing to unpack .../115-libthai0_0.1.29-1build1_amd64.deb ...
#10 554.2 Unpacking libthai0:amd64 (0.1.29-1build1) ...
#10 554.2 Selecting previously unselected package libpango-1.0-0:amd64.
#10 554.2 Preparing to unpack .../116-libpango-1.0-0_1.50.6+ds-2ubuntu1_amd64.deb ...
#10 554.2 Unpacking libpango-1.0-0:amd64 (1.50.6+ds-2ubuntu1) ...
#10 554.3 Selecting previously unselected package libpangoft2-1.0-0:amd64.
#10 554.3 Preparing to unpack .../117-libpangoft2-1.0-0_1.50.6+ds-2ubuntu1_amd64.deb ...
#10 554.3 Unpacking libpangoft2-1.0-0:amd64 (1.50.6+ds-2ubuntu1) ...
#10 554.3 Selecting previously unselected package libpangocairo-1.0-0:amd64.
#10 554.3 Preparing to unpack .../118-libpangocairo-1.0-0_1.50.6+ds-2ubuntu1_amd64.deb ...
#10 554.3 Unpacking libpangocairo-1.0-0:amd64 (1.50.6+ds-2ubuntu1) ...
#10 554.3 Selecting previously unselected package librsvg2-2:amd64.
#10 554.3 Preparing to unpack .../119-librsvg2-2_2.52.5+dfsg-3ubuntu0.2_amd64.deb ...
#10 554.4 Unpacking librsvg2-2:amd64 (2.52.5+dfsg-3ubuntu0.2) ...
#10 554.4 Selecting previously unselected package libshine3:amd64.
#10 554.4 Preparing to unpack .../120-libshine3_3.1.1-2_amd64.deb ...
#10 554.4 Unpacking libshine3:amd64 (3.1.1-2) ...
#10 554.5 Selecting previously unselected package libsnappy1v5:amd64.
#10 554.5 Preparing to unpack .../121-libsnappy1v5_1.1.8-1build3_amd64.deb ...
#10 554.5 Unpacking libsnappy1v5:amd64 (1.1.8-1build3) ...
#10 554.5 Selecting previously unselected package libspeex1:amd64.
#10 554.5 Preparing to unpack .../122-libspeex1_1.2~rc1.2-1.1ubuntu3_amd64.deb ...
#10 554.5 Unpacking libspeex1:amd64 (1.2~rc1.2-1.1ubuntu3) ...
#10 554.6 Selecting previously unselected package libgomp1:amd64.
#10 554.6 Preparing to unpack .../123-libgomp1_12.3.0-1ubuntu1~22.04.2_amd64.deb ...
#10 554.6 Unpacking libgomp1:amd64 (12.3.0-1ubuntu1~22.04.2) ...
#10 554.6 Selecting previously unselected package libsoxr0:amd64.
#10 554.6 Preparing to unpack .../124-libsoxr0_0.1.3-4build2_amd64.deb ...
#10 554.6 Unpacking libsoxr0:amd64 (0.1.3-4build2) ...
#10 554.6 Selecting previously unselected package libswresample3:amd64.
#10 554.6 Preparing to unpack .../125-libswresample3_7%3a4.4.2-0ubuntu0.22.04.1_amd64.deb ...
#10 554.6 Unpacking libswresample3:amd64 (7:4.4.2-0ubuntu0.22.04.1) ...
#10 554.7 Selecting previously unselected package libogg0:amd64.
#10 554.7 Preparing to unpack .../126-libogg0_1.3.5-0ubuntu3_amd64.deb ...
#10 554.7 Unpacking libogg0:amd64 (1.3.5-0ubuntu3) ...
#10 554.7 Selecting previously unselected package libtheora0:amd64.
#10 554.7 Preparing to unpack .../127-libtheora0_1.1.1+dfsg.1-15ubuntu4_amd64.deb ...
#10 554.7 Unpacking libtheora0:amd64 (1.1.1+dfsg.1-15ubuntu4) ...
#10 554.8 Selecting previously unselected package libtwolame0:amd64.
#10 554.8 Preparing to unpack .../128-libtwolame0_0.4.0-2build2_amd64.deb ...
#10 554.8 Unpacking libtwolame0:amd64 (0.4.0-2build2) ...
#10 554.8 Selecting previously unselected package libvorbis0a:amd64.
#10 554.8 Preparing to unpack .../129-libvorbis0a_1.3.7-1build2_amd64.deb ...
#10 554.8 Unpacking libvorbis0a:amd64 (1.3.7-1build2) ...
#10 554.8 Selecting previously unselected package libvorbisenc2:amd64.
#10 554.8 Preparing to unpack .../130-libvorbisenc2_1.3.7-1build2_amd64.deb ...
#10 554.8 Unpacking libvorbisenc2:amd64 (1.3.7-1build2) ...
#10 554.9 Selecting previously unselected package libvpx7:amd64.
#10 554.9 Preparing to unpack .../131-libvpx7_1.11.0-2ubuntu2.4_amd64.deb ...
#10 554.9 Unpacking libvpx7:amd64 (1.11.0-2ubuntu2.4) ...
#10 554.9 Selecting previously unselected package libwebpmux3:amd64.
#10 554.9 Preparing to unpack .../132-libwebpmux3_1.2.2-2ubuntu0.22.04.2_amd64.deb ...
#10 554.9 Unpacking libwebpmux3:amd64 (1.2.2-2ubuntu0.22.04.2) ...
#10 555.0 Selecting previously unselected package libx264-163:amd64.
#10 555.0 Preparing to unpack .../133-libx264-163_2%3a0.163.3060+git5db6aa6-2build1_amd64.deb ...
#10 555.0 Unpacking libx264-163:amd64 (2:0.163.3060+git5db6aa6-2build1) ...
#10 555.0 Selecting previously unselected package libx265-199:amd64.
#10 555.0 Preparing to unpack .../134-libx265-199_3.5-2_amd64.deb ...
#10 555.0 Unpacking libx265-199:amd64 (3.5-2) ...
#10 555.2 Selecting previously unselected package libxvidcore4:amd64.
#10 555.2 Preparing to unpack .../135-libxvidcore4_2%3a1.3.7-1_amd64.deb ...
#10 555.2 Unpacking libxvidcore4:amd64 (2:1.3.7-1) ...
#10 555.2 Selecting previously unselected package libzvbi-common.
#10 555.2 Preparing to unpack .../136-libzvbi-common_0.2.35-19_all.deb ...
#10 555.2 Unpacking libzvbi-common (0.2.35-19) ...
#10 555.2 Selecting previously unselected package libzvbi0:amd64.
#10 555.2 Preparing to unpack .../137-libzvbi0_0.2.35-19_amd64.deb ...
#10 555.2 Unpacking libzvbi0:amd64 (0.2.35-19) ...
#10 555.3 Selecting previously unselected package libavcodec58:amd64.
#10 555.3 Preparing to unpack .../138-libavcodec58_7%3a4.4.2-0ubuntu0.22.04.1_amd64.deb ...
#10 555.3 Unpacking libavcodec58:amd64 (7:4.4.2-0ubuntu0.22.04.1) ...
#10 555.4 Selecting previously unselected package libraw1394-11:amd64.
#10 555.4 Preparing to unpack .../139-libraw1394-11_2.1.2-2build2_amd64.deb ...
#10 555.4 Unpacking libraw1394-11:amd64 (2.1.2-2build2) ...
#10 555.4 Selecting previously unselected package libavc1394-0:amd64.
#10 555.4 Preparing to unpack .../140-libavc1394-0_0.5.4-5build2_amd64.deb ...
#10 555.4 Unpacking libavc1394-0:amd64 (0.5.4-5build2) ...
#10 555.5 Selecting previously unselected package libass9:amd64.
#10 555.5 Preparing to unpack .../141-libass9_1%3a0.15.2-1_amd64.deb ...
#10 555.5 Unpacking libass9:amd64 (1:0.15.2-1) ...
#10 555.5 Selecting previously unselected package libudfread0:amd64.
#10 555.5 Preparing to unpack .../142-libudfread0_1.1.2-1_amd64.deb ...
#10 555.5 Unpacking libudfread0:amd64 (1.1.2-1) ...
#10 555.6 Selecting previously unselected package libbluray2:amd64.
#10 555.6 Preparing to unpack .../143-libbluray2_1%3a1.3.1-1_amd64.deb ...
#10 555.6 Unpacking libbluray2:amd64 (1:1.3.1-1) ...
#10 555.6 Selecting previously unselected package libchromaprint1:amd64.
#10 555.6 Preparing to unpack .../144-libchromaprint1_1.5.1-2_amd64.deb ...
#10 555.6 Unpacking libchromaprint1:amd64 (1.5.1-2) ...
#10 555.6 Selecting previously unselected package libgme0:amd64.
#10 555.6 Preparing to unpack .../145-libgme0_0.6.3-2_amd64.deb ...
#10 555.6 Unpacking libgme0:amd64 (0.6.3-2) ...
#10 555.7 Selecting previously unselected package libmpg123-0:amd64.
#10 555.7 Preparing to unpack .../146-libmpg123-0_1.29.3-1ubuntu0.1_amd64.deb ...
#10 555.7 Unpacking libmpg123-0:amd64 (1.29.3-1ubuntu0.1) ...
#10 555.7 Selecting previously unselected package libvorbisfile3:amd64.
#10 555.7 Preparing to unpack .../147-libvorbisfile3_1.3.7-1build2_amd64.deb ...
#10 555.7 Unpacking libvorbisfile3:amd64 (1.3.7-1build2) ...
#10 555.8 Selecting previously unselected package libopenmpt0:amd64.
#10 555.8 Preparing to unpack .../148-libopenmpt0_0.6.1-1_amd64.deb ...
#10 555.8 Unpacking libopenmpt0:amd64 (0.6.1-1) ...
#10 555.8 Selecting previously unselected package librabbitmq4:amd64.
#10 555.8 Preparing to unpack .../149-librabbitmq4_0.10.0-1ubuntu2_amd64.deb ...
#10 555.8 Unpacking librabbitmq4:amd64 (0.10.0-1ubuntu2) ...
#10 555.9 Selecting previously unselected package libsrt1.4-gnutls:amd64.
#10 555.9 Preparing to unpack .../150-libsrt1.4-gnutls_1.4.4-4_amd64.deb ...
#10 555.9 Unpacking libsrt1.4-gnutls:amd64 (1.4.4-4) ...
#10 555.9 Selecting previously unselected package libssh-gcrypt-4:amd64.
#10 555.9 Preparing to unpack .../151-libssh-gcrypt-4_0.9.6-2ubuntu0.22.04.5_amd64.deb ...
#10 555.9 Unpacking libssh-gcrypt-4:amd64 (0.9.6-2ubuntu0.22.04.5) ...
#10 555.9 Selecting previously unselected package libnorm1:amd64.
#10 555.9 Preparing to unpack .../152-libnorm1_1.5.9+dfsg-2_amd64.deb ...
#10 555.9 Unpacking libnorm1:amd64 (1.5.9+dfsg-2) ...
#10 556.0 Selecting previously unselected package libpgm-5.3-0:amd64.
#10 556.0 Preparing to unpack .../153-libpgm-5.3-0_5.3.128~dfsg-2_amd64.deb ...
#10 556.0 Unpacking libpgm-5.3-0:amd64 (5.3.128~dfsg-2) ...
#10 556.0 Selecting previously unselected package libsodium23:amd64.
#10 556.0 Preparing to unpack .../154-libsodium23_1.0.18-1build2_amd64.deb ...
#10 556.0 Unpacking libsodium23:amd64 (1.0.18-1build2) ...
#10 556.1 Selecting previously unselected package libzmq5:amd64.
#10 556.1 Preparing to unpack .../155-libzmq5_4.3.4-2_amd64.deb ...
#10 556.1 Unpacking libzmq5:amd64 (4.3.4-2) ...
#10 556.1 Selecting previously unselected package libavformat58:amd64.
#10 556.1 Preparing to unpack .../156-libavformat58_7%3a4.4.2-0ubuntu0.22.04.1_amd64.deb ...
#10 556.1 Unpacking libavformat58:amd64 (7:4.4.2-0ubuntu0.22.04.1) ...
#10 556.2 Selecting previously unselected package libbs2b0:amd64.
#10 556.2 Preparing to unpack .../157-libbs2b0_3.1.0+dfsg-2.2build1_amd64.deb ...
#10 556.2 Unpacking libbs2b0:amd64 (3.1.0+dfsg-2.2build1) ...
#10 556.2 Selecting previously unselected package libflite1:amd64.
#10 556.2 Preparing to unpack .../158-libflite1_2.2-3_amd64.deb ...
#10 556.2 Unpacking libflite1:amd64 (2.2-3) ...
#10 556.4 Selecting previously unselected package libserd-0-0:amd64.
#10 556.4 Preparing to unpack .../159-libserd-0-0_0.30.10-2_amd64.deb ...
#10 556.4 Unpacking libserd-0-0:amd64 (0.30.10-2) ...
#10 556.4 Selecting previously unselected package libsord-0-0:amd64.
#10 556.4 Preparing to unpack .../160-libsord-0-0_0.16.8-2_amd64.deb ...
#10 556.4 Unpacking libsord-0-0:amd64 (0.16.8-2) ...
#10 556.5 Selecting previously unselected package libsratom-0-0:amd64.
#10 556.5 Preparing to unpack .../161-libsratom-0-0_0.6.8-1_amd64.deb ...
#10 556.5 Unpacking libsratom-0-0:amd64 (0.6.8-1) ...
#10 556.5 Selecting previously unselected package liblilv-0-0:amd64.
#10 556.5 Preparing to unpack .../162-liblilv-0-0_0.24.12-2_amd64.deb ...
#10 556.5 Unpacking liblilv-0-0:amd64 (0.24.12-2) ...
#10 556.5 Selecting previously unselected package libmysofa1:amd64.
#10 556.5 Preparing to unpack .../163-libmysofa1_1.2.1~dfsg0-1_amd64.deb ...
#10 556.5 Unpacking libmysofa1:amd64 (1.2.1~dfsg0-1) ...
#10 556.6 Selecting previously unselected package libblas3:amd64.
#10 556.6 Preparing to unpack .../164-libblas3_3.10.0-2ubuntu1_amd64.deb ...
#10 556.6 Unpacking libblas3:amd64 (3.10.0-2ubuntu1) ...
#10 556.6 Selecting previously unselected package libquadmath0:amd64.
#10 556.6 Preparing to unpack .../165-libquadmath0_12.3.0-1ubuntu1~22.04.2_amd64.deb ...
#10 556.6 Unpacking libquadmath0:amd64 (12.3.0-1ubuntu1~22.04.2) ...
#10 556.7 Selecting previously unselected package libgfortran5:amd64.
#10 556.7 Preparing to unpack .../166-libgfortran5_12.3.0-1ubuntu1~22.04.2_amd64.deb ...
#10 556.7 Unpacking libgfortran5:amd64 (12.3.0-1ubuntu1~22.04.2) ...
#10 556.7 Selecting previously unselected package liblapack3:amd64.
#10 556.7 Preparing to unpack .../167-liblapack3_3.10.0-2ubuntu1_amd64.deb ...
#10 556.7 Unpacking liblapack3:amd64 (3.10.0-2ubuntu1) ...
#10 556.8 Selecting previously unselected package libasyncns0:amd64.
#10 556.8 Preparing to unpack .../168-libasyncns0_0.8-6build2_amd64.deb ...
#10 556.8 Unpacking libasyncns0:amd64 (0.8-6build2) ...
#10 556.9 Selecting previously unselected package libflac8:amd64.
#10 556.9 Preparing to unpack .../169-libflac8_1.3.3-2ubuntu0.2_amd64.deb ...
#10 556.9 Unpacking libflac8:amd64 (1.3.3-2ubuntu0.2) ...
#10 556.9 Selecting previously unselected package libsndfile1:amd64.
#10 556.9 Preparing to unpack .../170-libsndfile1_1.0.31-2ubuntu0.2_amd64.deb ...
#10 556.9 Unpacking libsndfile1:amd64 (1.0.31-2ubuntu0.2) ...
#10 556.9 Selecting previously unselected package libx11-xcb1:amd64.
#10 556.9 Preparing to unpack .../171-libx11-xcb1_2%3a1.7.5-1ubuntu0.3_amd64.deb ...
#10 556.9 Unpacking libx11-xcb1:amd64 (2:1.7.5-1ubuntu0.3) ...
#10 557.0 Selecting previously unselected package libpulse0:amd64.
#10 557.0 Preparing to unpack .../172-libpulse0_1%3a15.99.1+dfsg1-1ubuntu2.2_amd64.deb ...
#10 557.0 Unpacking libpulse0:amd64 (1:15.99.1+dfsg1-1ubuntu2.2) ...
#10 557.0 Selecting previously unselected package libsphinxbase3:amd64.
#10 557.0 Preparing to unpack .../173-libsphinxbase3_0.8+5prealpha+1-13build1_amd64.deb ...
#10 557.0 Unpacking libsphinxbase3:amd64 (0.8+5prealpha+1-13build1) ...
#10 557.1 Selecting previously unselected package libpocketsphinx3:amd64.
#10 557.1 Preparing to unpack .../174-libpocketsphinx3_0.8.0+real5prealpha+1-14ubuntu1_amd64.deb ...
#10 557.1 Unpacking libpocketsphinx3:amd64 (0.8.0+real5prealpha+1-14ubuntu1) ...
#10 557.1 Selecting previously unselected package libpostproc55:amd64.
#10 557.1 Preparing to unpack .../175-libpostproc55_7%3a4.4.2-0ubuntu0.22.04.1_amd64.deb ...
#10 557.1 Unpacking libpostproc55:amd64 (7:4.4.2-0ubuntu0.22.04.1) ...
#10 557.2 Selecting previously unselected package libsamplerate0:amd64.
#10 557.2 Preparing to unpack .../176-libsamplerate0_0.2.2-1build1_amd64.deb ...
#10 557.2 Unpacking libsamplerate0:amd64 (0.2.2-1build1) ...
#10 557.2 Selecting previously unselected package librubberband2:amd64.
#10 557.2 Preparing to unpack .../177-librubberband2_2.0.0-2_amd64.deb ...
#10 557.2 Unpacking librubberband2:amd64 (2.0.0-2) ...
#10 557.2 Selecting previously unselected package libswscale5:amd64.
#10 557.2 Preparing to unpack .../178-libswscale5_7%3a4.4.2-0ubuntu0.22.04.1_amd64.deb ...
#10 557.3 Unpacking libswscale5:amd64 (7:4.4.2-0ubuntu0.22.04.1) ...
#10 557.3 Selecting previously unselected package libvidstab1.1:amd64.
#10 557.3 Preparing to unpack .../179-libvidstab1.1_1.1.0-2_amd64.deb ...
#10 557.3 Unpacking libvidstab1.1:amd64 (1.1.0-2) ...
#10 557.3 Selecting previously unselected package libzimg2:amd64.
#10 557.3 Preparing to unpack .../180-libzimg2_3.0.3+ds1-1_amd64.deb ...
#10 557.3 Unpacking libzimg2:amd64 (3.0.3+ds1-1) ...
#10 557.4 Selecting previously unselected package libavfilter7:amd64.
#10 557.4 Preparing to unpack .../181-libavfilter7_7%3a4.4.2-0ubuntu0.22.04.1_amd64.deb ...
#10 557.4 Unpacking libavfilter7:amd64 (7:4.4.2-0ubuntu0.22.04.1) ...
#10 557.4 Selecting previously unselected package libcaca0:amd64.
#10 557.4 Preparing to unpack .../182-libcaca0_0.99.beta19-2.2ubuntu4_amd64.deb ...
#10 557.4 Unpacking libcaca0:amd64 (0.99.beta19-2.2ubuntu4) ...
#10 557.5 Selecting previously unselected package libcdio19:amd64.
#10 557.5 Preparing to unpack .../183-libcdio19_2.1.0-3ubuntu0.2_amd64.deb ...
#10 557.5 Unpacking libcdio19:amd64 (2.1.0-3ubuntu0.2) ...
#10 557.5 Selecting previously unselected package libcdio-cdda2:amd64.
#10 557.5 Preparing to unpack .../184-libcdio-cdda2_10.2+2.0.0-1build3_amd64.deb ...
#10 557.5 Unpacking libcdio-cdda2:amd64 (10.2+2.0.0-1build3) ...
#10 557.6 Selecting previously unselected package libcdio-paranoia2:amd64.
#10 557.6 Preparing to unpack .../185-libcdio-paranoia2_10.2+2.0.0-1build3_amd64.deb ...
#10 557.6 Unpacking libcdio-paranoia2:amd64 (10.2+2.0.0-1build3) ...
#10 557.6 Selecting previously unselected package libdc1394-25:amd64.
#10 557.6 Preparing to unpack .../186-libdc1394-25_2.2.6-4_amd64.deb ...
#10 557.6 Unpacking libdc1394-25:amd64 (2.2.6-4) ...
#10 557.7 Selecting previously unselected package libglvnd0:amd64.
#10 557.7 Preparing to unpack .../187-libglvnd0_1.4.0-1_amd64.deb ...
#10 557.7 Unpacking libglvnd0:amd64 (1.4.0-1) ...
#10 557.7 Selecting previously unselected package libglapi-mesa:amd64.
#10 557.7 Preparing to unpack .../188-libglapi-mesa_23.2.1-1ubuntu3.1~22.04.3_amd64.deb ...
#10 557.7 Unpacking libglapi-mesa:amd64 (23.2.1-1ubuntu3.1~22.04.3) ...
#10 557.7 Selecting previously unselected package libxcb-dri2-0:amd64.
#10 557.7 Preparing to unpack .../189-libxcb-dri2-0_1.14-3ubuntu3_amd64.deb ...
#10 557.7 Unpacking libxcb-dri2-0:amd64 (1.14-3ubuntu3) ...
#10 557.8 Selecting previously unselected package libxcb-dri3-0:amd64.
#10 557.8 Preparing to unpack .../190-libxcb-dri3-0_1.14-3ubuntu3_amd64.deb ...
#10 557.8 Unpacking libxcb-dri3-0:amd64 (1.14-3ubuntu3) ...
#10 557.8 Selecting previously unselected package libxcb-glx0:amd64.
#10 557.8 Preparing to unpack .../191-libxcb-glx0_1.14-3ubuntu3_amd64.deb ...
#10 557.8 Unpacking libxcb-glx0:amd64 (1.14-3ubuntu3) ...
#10 557.9 Selecting previously unselected package libxcb-present0:amd64.
#10 557.9 Preparing to unpack .../192-libxcb-present0_1.14-3ubuntu3_amd64.deb ...
#10 557.9 Unpacking libxcb-present0:amd64 (1.14-3ubuntu3) ...
#10 557.9 Selecting previously unselected package libxcb-randr0:amd64.
#10 557.9 Preparing to unpack .../193-libxcb-randr0_1.14-3ubuntu3_amd64.deb ...
#10 557.9 Unpacking libxcb-randr0:amd64 (1.14-3ubuntu3) ...
#10 558.0 Selecting previously unselected package libxcb-sync1:amd64.
#10 558.0 Preparing to unpack .../194-libxcb-sync1_1.14-3ubuntu3_amd64.deb ...
#10 558.0 Unpacking libxcb-sync1:amd64 (1.14-3ubuntu3) ...
#10 558.0 Selecting previously unselected package libxcb-xfixes0:amd64.
#10 558.0 Preparing to unpack .../195-libxcb-xfixes0_1.14-3ubuntu3_amd64.deb ...
#10 558.0 Unpacking libxcb-xfixes0:amd64 (1.14-3ubuntu3) ...
#10 558.0 Selecting previously unselected package libxshmfence1:amd64.
#10 558.0 Preparing to unpack .../196-libxshmfence1_1.3-1build4_amd64.deb ...
#10 558.0 Unpacking libxshmfence1:amd64 (1.3-1build4) ...
#10 558.1 Selecting previously unselected package libxxf86vm1:amd64.
#10 558.1 Preparing to unpack .../197-libxxf86vm1_1%3a1.1.4-1build3_amd64.deb ...
#10 558.1 Unpacking libxxf86vm1:amd64 (1:1.1.4-1build3) ...
#10 558.1 Selecting previously unselected package libdrm-amdgpu1:amd64.
#10 558.1 Preparing to unpack .../198-libdrm-amdgpu1_2.4.113-2~ubuntu0.22.04.1_amd64.deb ...
#10 558.1 Unpacking libdrm-amdgpu1:amd64 (2.4.113-2~ubuntu0.22.04.1) ...
#10 558.2 Selecting previously unselected package libpciaccess0:amd64.
#10 558.2 Preparing to unpack .../199-libpciaccess0_0.16-3_amd64.deb ...
#10 558.2 Unpacking libpciaccess0:amd64 (0.16-3) ...
#10 558.2 Selecting previously unselected package libdrm-intel1:amd64.
#10 558.2 Preparing to unpack .../200-libdrm-intel1_2.4.113-2~ubuntu0.22.04.1_amd64.deb ...
#10 558.2 Unpacking libdrm-intel1:amd64 (2.4.113-2~ubuntu0.22.04.1) ...
#10 558.2 Selecting previously unselected package libdrm-nouveau2:amd64.
#10 558.2 Preparing to unpack .../201-libdrm-nouveau2_2.4.113-2~ubuntu0.22.04.1_amd64.deb ...
#10 558.2 Unpacking libdrm-nouveau2:amd64 (2.4.113-2~ubuntu0.22.04.1) ...
#10 558.3 Selecting previously unselected package libdrm-radeon1:amd64.
#10 558.3 Preparing to unpack .../202-libdrm-radeon1_2.4.113-2~ubuntu0.22.04.1_amd64.deb ...
#10 558.3 Unpacking libdrm-radeon1:amd64 (2.4.113-2~ubuntu0.22.04.1) ...
#10 558.3 Selecting previously unselected package libllvm15:amd64.
#10 558.3 Preparing to unpack .../203-libllvm15_1%3a15.0.7-0ubuntu0.22.04.3_amd64.deb ...
#10 558.3 Unpacking libllvm15:amd64 (1:15.0.7-0ubuntu0.22.04.3) ...
#10 558.9 Selecting previously unselected package libsensors-config.
#10 558.9 Preparing to unpack .../204-libsensors-config_1%3a3.6.0-7ubuntu1_all.deb ...
#10 558.9 Unpacking libsensors-config (1:3.6.0-7ubuntu1) ...
#10 558.9 Selecting previously unselected package libsensors5:amd64.
#10 558.9 Preparing to unpack .../205-libsensors5_1%3a3.6.0-7ubuntu1_amd64.deb ...
#10 558.9 Unpacking libsensors5:amd64 (1:3.6.0-7ubuntu1) ...
#10 559.0 Selecting previously unselected package libgl1-mesa-dri:amd64.
#10 559.0 Preparing to unpack .../206-libgl1-mesa-dri_23.2.1-1ubuntu3.1~22.04.3_amd64.deb ...
#10 559.0 Unpacking libgl1-mesa-dri:amd64 (23.2.1-1ubuntu3.1~22.04.3) ...
#10 559.2 Selecting previously unselected package libglx-mesa0:amd64.
#10 559.2 Preparing to unpack .../207-libglx-mesa0_23.2.1-1ubuntu3.1~22.04.3_amd64.deb ...
#10 559.2 Unpacking libglx-mesa0:amd64 (23.2.1-1ubuntu3.1~22.04.3) ...
#10 559.3 Selecting previously unselected package libglx0:amd64.
#10 559.3 Preparing to unpack .../208-libglx0_1.4.0-1_amd64.deb ...
#10 559.3 Unpacking libglx0:amd64 (1.4.0-1) ...
#10 559.3 Selecting previously unselected package libgl1:amd64.
#10 559.3 Preparing to unpack .../209-libgl1_1.4.0-1_amd64.deb ...
#10 559.3 Unpacking libgl1:amd64 (1.4.0-1) ...
#10 559.4 Selecting previously unselected package libiec61883-0:amd64.
#10 559.4 Preparing to unpack .../210-libiec61883-0_1.2.0-4build3_amd64.deb ...
#10 559.4 Unpacking libiec61883-0:amd64 (1.2.0-4build3) ...
#10 559.4 Selecting previously unselected package libjack-jackd2-0:amd64.
#10 559.4 Preparing to unpack .../211-libjack-jackd2-0_1.9.20~dfsg-1_amd64.deb ...
#10 559.4 Unpacking libjack-jackd2-0:amd64 (1.9.20~dfsg-1) ...
#10 559.5 Selecting previously unselected package libopenal-data.
#10 559.5 Preparing to unpack .../212-libopenal-data_1%3a1.19.1-2build3_all.deb ...
#10 559.5 Unpacking libopenal-data (1:1.19.1-2build3) ...
#10 559.5 Selecting previously unselected package libsndio7.0:amd64.
#10 559.5 Preparing to unpack .../213-libsndio7.0_1.8.1-1.1_amd64.deb ...
#10 559.5 Unpacking libsndio7.0:amd64 (1.8.1-1.1) ...
#10 559.5 Selecting previously unselected package libopenal1:amd64.
#10 559.5 Preparing to unpack .../214-libopenal1_1%3a1.19.1-2build3_amd64.deb ...
#10 559.6 Unpacking libopenal1:amd64 (1:1.19.1-2build3) ...
#10 559.6 Selecting previously unselected package libwayland-client0:amd64.
#10 559.6 Preparing to unpack .../215-libwayland-client0_1.20.0-1ubuntu0.1_amd64.deb ...
#10 559.6 Unpacking libwayland-client0:amd64 (1.20.0-1ubuntu0.1) ...
#10 559.6 Selecting previously unselected package libdecor-0-0:amd64.
#10 559.6 Preparing to unpack .../216-libdecor-0-0_0.1.0-3build1_amd64.deb ...
#10 559.6 Unpacking libdecor-0-0:amd64 (0.1.0-3build1) ...
#10 559.7 Selecting previously unselected package libwayland-server0:amd64.
#10 559.7 Preparing to unpack .../217-libwayland-server0_1.20.0-1ubuntu0.1_amd64.deb ...
#10 559.7 Unpacking libwayland-server0:amd64 (1.20.0-1ubuntu0.1) ...
#10 559.7 Selecting previously unselected package libgbm1:amd64.
#10 559.7 Preparing to unpack .../218-libgbm1_23.2.1-1ubuntu3.1~22.04.3_amd64.deb ...
#10 559.7 Unpacking libgbm1:amd64 (23.2.1-1ubuntu3.1~22.04.3) ...
#10 559.8 Selecting previously unselected package libwayland-cursor0:amd64.
#10 559.8 Preparing to unpack .../219-libwayland-cursor0_1.20.0-1ubuntu0.1_amd64.deb ...
#10 559.8 Unpacking libwayland-cursor0:amd64 (1.20.0-1ubuntu0.1) ...
#10 559.8 Selecting previously unselected package libwayland-egl1:amd64.
#10 559.8 Preparing to unpack .../220-libwayland-egl1_1.20.0-1ubuntu0.1_amd64.deb ...
#10 559.8 Unpacking libwayland-egl1:amd64 (1.20.0-1ubuntu0.1) ...
#10 559.9 Selecting previously unselected package libxcursor1:amd64.
#10 559.9 Preparing to unpack .../221-libxcursor1_1%3a1.2.0-2build4_amd64.deb ...
#10 559.9 Unpacking libxcursor1:amd64 (1:1.2.0-2build4) ...
#10 559.9 Selecting previously unselected package libxi6:amd64.
#10 559.9 Preparing to unpack .../222-libxi6_2%3a1.8-1build1_amd64.deb ...
#10 559.9 Unpacking libxi6:amd64 (2:1.8-1build1) ...
#10 559.9 Selecting previously unselected package libxinerama1:amd64.
#10 559.9 Preparing to unpack .../223-libxinerama1_2%3a1.1.4-3_amd64.deb ...
#10 559.9 Unpacking libxinerama1:amd64 (2:1.1.4-3) ...
#10 560.0 Selecting previously unselected package libxkbcommon0:amd64.
#10 560.0 Preparing to unpack .../224-libxkbcommon0_1.4.0-1_amd64.deb ...
#10 560.0 Unpacking libxkbcommon0:amd64 (1.4.0-1) ...
#10 560.0 Selecting previously unselected package libxrandr2:amd64.
#10 560.0 Preparing to unpack .../225-libxrandr2_2%3a1.5.2-1build1_amd64.deb ...
#10 560.0 Unpacking libxrandr2:amd64 (2:1.5.2-1build1) ...
#10 560.1 Selecting previously unselected package x11-common.
#10 560.1 Preparing to unpack .../226-x11-common_1%3a7.7+23ubuntu2_all.deb ...
#10 560.1 Unpacking x11-common (1:7.7+23ubuntu2) ...
#10 560.1 Selecting previously unselected package libxss1:amd64.
#10 560.1 Preparing to unpack .../227-libxss1_1%3a1.2.3-1build2_amd64.deb ...
#10 560.1 Unpacking libxss1:amd64 (1:1.2.3-1build2) ...
#10 560.2 Selecting previously unselected package libsdl2-2.0-0:amd64.
#10 560.2 Preparing to unpack .../228-libsdl2-2.0-0_2.0.20+dfsg-2ubuntu1.22.04.1_amd64.deb ...
#10 560.2 Unpacking libsdl2-2.0-0:amd64 (2.0.20+dfsg-2ubuntu1.22.04.1) ...
#10 560.2 Selecting previously unselected package libxcb-shape0:amd64.
#10 560.2 Preparing to unpack .../229-libxcb-shape0_1.14-3ubuntu3_amd64.deb ...
#10 560.2 Unpacking libxcb-shape0:amd64 (1.14-3ubuntu3) ...
#10 560.3 Selecting previously unselected package libxv1:amd64.
#10 560.3 Preparing to unpack .../230-libxv1_2%3a1.0.11-1build2_amd64.deb ...
#10 560.3 Unpacking libxv1:amd64 (2:1.0.11-1build2) ...
#10 560.3 Selecting previously unselected package libavdevice58:amd64.
#10 560.3 Preparing to unpack .../231-libavdevice58_7%3a4.4.2-0ubuntu0.22.04.1_amd64.deb ...
#10 560.3 Unpacking libavdevice58:amd64 (7:4.4.2-0ubuntu0.22.04.1) ...
#10 560.4 Selecting previously unselected package ffmpeg.
#10 560.4 Preparing to unpack .../232-ffmpeg_7%3a4.4.2-0ubuntu0.22.04.1_amd64.deb ...
#10 560.4 Unpacking ffmpeg (7:4.4.2-0ubuntu0.22.04.1) ...
#10 560.4 Selecting previously unselected package fswatch.
#10 560.4 Preparing to unpack .../233-fswatch_1.14.0+repack-13.1_amd64.deb ...
#10 560.4 Unpacking fswatch (1.14.0+repack-13.1) ...
#10 560.5 Selecting previously unselected package libcurl3-gnutls:amd64.
#10 560.5 Preparing to unpack .../234-libcurl3-gnutls_7.81.0-1ubuntu1.21_amd64.deb ...
#10 560.5 Unpacking libcurl3-gnutls:amd64 (7.81.0-1ubuntu1.21) ...
#10 560.5 Selecting previously unselected package liberror-perl.
#10 560.5 Preparing to unpack .../235-liberror-perl_0.17029-1_all.deb ...
#10 560.5 Unpacking liberror-perl (0.17029-1) ...
#10 560.5 Selecting previously unselected package git-man.
#10 560.5 Preparing to unpack .../236-git-man_1%3a2.34.1-1ubuntu1.15_all.deb ...
#10 560.6 Unpacking git-man (1:2.34.1-1ubuntu1.15) ...
#10 560.6 Selecting previously unselected package git.
#10 560.6 Preparing to unpack .../237-git_1%3a2.34.1-1ubuntu1.15_amd64.deb ...
#10 560.6 Unpacking git (1:2.34.1-1ubuntu1.15) ...
#10 560.8 Selecting previously unselected package gnupg-l10n.
#10 560.8 Preparing to unpack .../238-gnupg-l10n_2.2.27-3ubuntu2.4_all.deb ...
#10 560.8 Unpacking gnupg-l10n (2.2.27-3ubuntu2.4) ...
#10 560.8 Selecting previously unselected package gnupg-utils.
#10 560.8 Preparing to unpack .../239-gnupg-utils_2.2.27-3ubuntu2.4_amd64.deb ...
#10 560.8 Unpacking gnupg-utils (2.2.27-3ubuntu2.4) ...
#10 560.8 Selecting previously unselected package gpg.
#10 560.8 Preparing to unpack .../240-gpg_2.2.27-3ubuntu2.4_amd64.deb ...
#10 560.9 Unpacking gpg (2.2.27-3ubuntu2.4) ...
#10 560.9 Selecting previously unselected package pinentry-curses.
#10 560.9 Preparing to unpack .../241-pinentry-curses_1.1.1-1build2_amd64.deb ...
#10 560.9 Unpacking pinentry-curses (1.1.1-1build2) ...
#10 560.9 Selecting previously unselected package gpg-agent.
#10 560.9 Preparing to unpack .../242-gpg-agent_2.2.27-3ubuntu2.4_amd64.deb ...
#10 560.9 Unpacking gpg-agent (2.2.27-3ubuntu2.4) ...
#10 561.0 Selecting previously unselected package gpg-wks-client.
#10 561.0 Preparing to unpack .../243-gpg-wks-client_2.2.27-3ubuntu2.4_amd64.deb ...
#10 561.0 Unpacking gpg-wks-client (2.2.27-3ubuntu2.4) ...
#10 561.0 Selecting previously unselected package gpg-wks-server.
#10 561.0 Preparing to unpack .../244-gpg-wks-server_2.2.27-3ubuntu2.4_amd64.deb ...
#10 561.0 Unpacking gpg-wks-server (2.2.27-3ubuntu2.4) ...
#10 561.1 Selecting previously unselected package gpgsm.
#10 561.1 Preparing to unpack .../245-gpgsm_2.2.27-3ubuntu2.4_amd64.deb ...
#10 561.1 Unpacking gpgsm (2.2.27-3ubuntu2.4) ...
#10 561.1 Selecting previously unselected package gnupg.
#10 561.1 Preparing to unpack .../246-gnupg_2.2.27-3ubuntu2.4_all.deb ...
#10 561.1 Unpacking gnupg (2.2.27-3ubuntu2.4) ...
#10 561.1 Selecting previously unselected package libigdgmm12:amd64.
#10 561.1 Preparing to unpack .../247-libigdgmm12_22.1.2+ds1-1_amd64.deb ...
#10 561.2 Unpacking libigdgmm12:amd64 (22.1.2+ds1-1) ...
#10 561.2 Selecting previously unselected package intel-media-va-driver:amd64.
#10 561.2 Preparing to unpack .../248-intel-media-va-driver_22.3.1+dfsg1-1ubuntu2_amd64.deb ...
#10 561.2 Unpacking intel-media-va-driver:amd64 (22.3.1+dfsg1-1ubuntu2) ...
#10 561.3 Selecting previously unselected package libaacs0:amd64.
#10 561.3 Preparing to unpack .../249-libaacs0_0.11.1-1_amd64.deb ...
#10 561.3 Unpacking libaacs0:amd64 (0.11.1-1) ...
#10 561.3 Selecting previously unselected package libbdplus0:amd64.
#10 561.3 Preparing to unpack .../250-libbdplus0_0.2.0-1_amd64.deb ...
#10 561.3 Unpacking libbdplus0:amd64 (0.2.0-1) ...
#10 561.3 Selecting previously unselected package libc-dev-bin.
#10 561.4 Preparing to unpack .../251-libc-dev-bin_2.35-0ubuntu3.11_amd64.deb ...
#10 561.4 Unpacking libc-dev-bin (2.35-0ubuntu3.11) ...
#10 561.4 Selecting previously unselected package libxpm4:amd64.
#10 561.4 Preparing to unpack .../252-libxpm4_1%3a3.5.12-1ubuntu0.22.04.2_amd64.deb ...
#10 561.4 Unpacking libxpm4:amd64 (1:3.5.12-1ubuntu0.22.04.2) ...
#10 561.4 Selecting previously unselected package libgd3:amd64.
#10 561.4 Preparing to unpack .../253-libgd3_2.3.0-2ubuntu2.3_amd64.deb ...
#10 561.4 Unpacking libgd3:amd64 (2.3.0-2ubuntu2.3) ...
#10 561.5 Selecting previously unselected package libc-devtools.
#10 561.5 Preparing to unpack .../254-libc-devtools_2.35-0ubuntu3.11_amd64.deb ...
#10 561.5 Unpacking libc-devtools (2.35-0ubuntu3.11) ...
#10 561.5 Selecting previously unselected package linux-libc-dev:amd64.
#10 561.5 Preparing to unpack .../255-linux-libc-dev_5.15.0-164.174_amd64.deb ...
#10 561.5 Unpacking linux-libc-dev:amd64 (5.15.0-164.174) ...
#10 561.7 Selecting previously unselected package libcrypt-dev:amd64.
#10 561.7 Preparing to unpack .../256-libcrypt-dev_1%3a4.4.27-1_amd64.deb ...
#10 561.7 Unpacking libcrypt-dev:amd64 (1:4.4.27-1) ...
#10 561.8 Selecting previously unselected package rpcsvc-proto.
#10 561.8 Preparing to unpack .../257-rpcsvc-proto_1.4.2-0ubuntu6_amd64.deb ...
#10 561.8 Unpacking rpcsvc-proto (1.4.2-0ubuntu6) ...
#10 561.8 Selecting previously unselected package libtirpc-dev:amd64.
#10 561.8 Preparing to unpack .../258-libtirpc-dev_1.3.2-2ubuntu0.1_amd64.deb ...
#10 561.8 Unpacking libtirpc-dev:amd64 (1.3.2-2ubuntu0.1) ...
#10 561.9 Selecting previously unselected package libnsl-dev:amd64.
#10 561.9 Preparing to unpack .../259-libnsl-dev_1.3.0-2build2_amd64.deb ...
#10 561.9 Unpacking libnsl-dev:amd64 (1.3.0-2build2) ...
#10 561.9 Selecting previously unselected package libc6-dev:amd64.
#10 561.9 Preparing to unpack .../260-libc6-dev_2.35-0ubuntu3.11_amd64.deb ...
#10 561.9 Unpacking libc6-dev:amd64 (2.35-0ubuntu3.11) ...
#10 562.1 Selecting previously unselected package libdecor-0-plugin-1-cairo:amd64.
#10 562.1 Preparing to unpack .../261-libdecor-0-plugin-1-cairo_0.1.0-3build1_amd64.deb ...
#10 562.1 Unpacking libdecor-0-plugin-1-cairo:amd64 (0.1.0-3build1) ...
#10 562.1 Selecting previously unselected package libgdk-pixbuf2.0-bin.
#10 562.1 Preparing to unpack .../262-libgdk-pixbuf2.0-bin_2.42.8+dfsg-1ubuntu0.4_amd64.deb ...
#10 562.1 Unpacking libgdk-pixbuf2.0-bin (2.42.8+dfsg-1ubuntu0.4) ...
#10 562.2 Selecting previously unselected package libgl1-amber-dri:amd64.
#10 562.2 Preparing to unpack .../263-libgl1-amber-dri_21.3.9-0ubuntu1~22.04.1_amd64.deb ...
#10 562.2 Unpacking libgl1-amber-dri:amd64 (21.3.9-0ubuntu1~22.04.1) ...
#10 562.3 Selecting previously unselected package libldap-common.
#10 562.3 Preparing to unpack .../264-libldap-common_2.5.19+dfsg-0ubuntu0.22.04.1_all.deb ...
#10 562.3 Unpacking libldap-common (2.5.19+dfsg-0ubuntu0.22.04.1) ...
#10 562.3 Selecting previously unselected package zlib1g-dev:amd64.
#10 562.3 Preparing to unpack .../265-zlib1g-dev_1%3a1.2.11.dfsg-2ubuntu9.2_amd64.deb ...
#10 562.3 Unpacking zlib1g-dev:amd64 (1:1.2.11.dfsg-2ubuntu9.2) ...
#10 562.4 Selecting previously unselected package libpng-dev:amd64.
#10 562.4 Preparing to unpack .../266-libpng-dev_1.6.37-3ubuntu0.1_amd64.deb ...
#10 562.4 Unpacking libpng-dev:amd64 (1.6.37-3ubuntu0.1) ...
#10 562.4 Selecting previously unselected package libpng-tools.
#10 562.4 Preparing to unpack .../267-libpng-tools_1.6.37-3ubuntu0.1_amd64.deb ...
#10 562.4 Unpacking libpng-tools (1.6.37-3ubuntu0.1) ...
#10 562.4 Selecting previously unselected package librsvg2-bin.
#10 562.4 Preparing to unpack .../268-librsvg2-bin_2.52.5+dfsg-3ubuntu0.2_amd64.deb ...
#10 562.4 Unpacking librsvg2-bin (2.52.5+dfsg-3ubuntu0.2) ...
#10 562.5 Selecting previously unselected package librsvg2-common:amd64.
#10 562.5 Preparing to unpack .../269-librsvg2-common_2.52.5+dfsg-3ubuntu0.2_amd64.deb ...
#10 562.5 Unpacking librsvg2-common:amd64 (2.52.5+dfsg-3ubuntu0.2) ...
#10 562.5 Selecting previously unselected package libsasl2-modules:amd64.
#10 562.5 Preparing to unpack .../270-libsasl2-modules_2.1.27+dfsg2-3ubuntu1.2_amd64.deb ...
#10 562.5 Unpacking libsasl2-modules:amd64 (2.1.27+dfsg2-3ubuntu1.2) ...
#10 562.6 Selecting previously unselected package manpages-dev.
#10 562.6 Preparing to unpack .../271-manpages-dev_5.10-1ubuntu1_all.deb ...
#10 562.6 Unpacking manpages-dev (5.10-1ubuntu1) ...
#10 562.8 Selecting previously unselected package mesa-va-drivers:amd64.
#10 562.8 Preparing to unpack .../272-mesa-va-drivers_23.2.1-1ubuntu3.1~22.04.3_amd64.deb ...
#10 562.8 Unpacking mesa-va-drivers:amd64 (23.2.1-1ubuntu3.1~22.04.3) ...
#10 562.9 Selecting previously unselected package mesa-vdpau-drivers:amd64.
#10 562.9 Preparing to unpack .../273-mesa-vdpau-drivers_23.2.1-1ubuntu3.1~22.04.3_amd64.deb ...
#10 562.9 Unpacking mesa-vdpau-drivers:amd64 (23.2.1-1ubuntu3.1~22.04.3) ...
#10 563.0 Selecting previously unselected package patch.
#10 563.0 Preparing to unpack .../274-patch_2.7.6-7build2_amd64.deb ...
#10 563.0 Unpacking patch (2.7.6-7build2) ...
#10 563.1 Selecting previously unselected package sqlite3.
#10 563.1 Preparing to unpack .../275-sqlite3_3.37.2-2ubuntu0.5_amd64.deb ...
#10 563.1 Unpacking sqlite3 (3.37.2-2ubuntu0.5) ...
#10 563.1 Selecting previously unselected package unzip.
#10 563.1 Preparing to unpack .../276-unzip_6.0-26ubuntu3.2_amd64.deb ...
#10 563.1 Unpacking unzip (6.0-26ubuntu3.2) ...
#10 563.2 Selecting previously unselected package i965-va-driver:amd64.
#10 563.2 Preparing to unpack .../277-i965-va-driver_2.4.1+dfsg1-1_amd64.deb ...
#10 563.2 Unpacking i965-va-driver:amd64 (2.4.1+dfsg1-1) ...
#10 563.2 Selecting previously unselected package va-driver-all:amd64.
#10 563.2 Preparing to unpack .../278-va-driver-all_2.14.0-1_amd64.deb ...
#10 563.2 Unpacking va-driver-all:amd64 (2.14.0-1) ...
#10 563.3 Selecting previously unselected package vdpau-driver-all:amd64.
#10 563.3 Preparing to unpack .../279-vdpau-driver-all_1.4-3build2_amd64.deb ...
#10 563.3 Unpacking vdpau-driver-all:amd64 (1.4-3build2) ...
#10 563.3 Selecting previously unselected package zip.
#10 563.3 Preparing to unpack .../280-zip_3.0-12build2_amd64.deb ...
#10 563.3 Unpacking zip (3.0-12build2) ...
#10 563.3 Selecting previously unselected package gosu.
#10 563.3 Preparing to unpack .../281-gosu_1.14-1ubuntu0.1_amd64.deb ...
#10 563.3 Unpacking gosu (1.14-1ubuntu0.1) ...
#10 563.4 Selecting previously unselected package pocketsphinx-en-us.
#10 563.4 Preparing to unpack .../282-pocketsphinx-en-us_0.8.0+real5prealpha+1-14ubuntu1_all.deb ...
#10 563.4 Unpacking pocketsphinx-en-us (0.8.0+real5prealpha+1-14ubuntu1) ...
#10 563.6 Setting up libgme0:amd64 (0.6.3-2) ...
#10 563.6 Setting up libssh-gcrypt-4:amd64 (0.9.6-2ubuntu0.22.04.5) ...
#10 563.6 Setting up libksba8:amd64 (1.6.0-2ubuntu0.2) ...
#10 563.6 Setting up media-types (7.0.0) ...
#10 563.7 Setting up liblmdb0:amd64 (0.9.24-1build2) ...
#10 563.7 Setting up libgraphite2-3:amd64 (1.3.14-1build2) ...
#10 563.7 Setting up libsrt1.4-gnutls:amd64 (1.4.4-4) ...
#10 563.7 Setting up libpixman-1-0:amd64 (0.40.0-1ubuntu0.22.04.1) ...
#10 563.7 Setting up libudfread0:amd64 (1.1.2-1) ...
#10 563.7 Setting up libwayland-server0:amd64 (1.20.0-1ubuntu0.1) ...
#10 563.7 Setting up libaom3:amd64 (3.3.0-1ubuntu0.1) ...
#10 563.7 Setting up libpciaccess0:amd64 (0.16-3) ...
#10 563.8 Setting up librabbitmq4:amd64 (0.10.0-1ubuntu2) ...
#10 563.8 Setting up libxau6:amd64 (1:1.0.9-1build5) ...
#10 563.8 Setting up libraw1394-11:amd64 (2.1.2-2build2) ...
#10 563.8 Setting up libapparmor1:amd64 (3.0.4-2ubuntu2.5) ...
#10 563.8 Setting up libpsl5:amd64 (0.21.0-1.2build2) ...
#10 563.8 Setting up libcodec2-1.0:amd64 (1.0.1-3) ...
#10 563.8 Setting up libsodium23:amd64 (1.0.18-1build2) ...
#10 563.8 Setting up libmpg123-0:amd64 (1.29.3-1ubuntu0.1) ...
#10 563.9 Setting up libogg0:amd64 (1.3.5-0ubuntu3) ...
#10 563.9 Setting up libspeex1:amd64 (1.2~rc1.2-1.1ubuntu3) ...
#10 563.9 Setting up libshine3:amd64 (3.1.1-2) ...
#10 563.9 Setting up libtwolame0:amd64 (0.4.0-2build2) ...
#10 563.9 Setting up libdatrie1:amd64 (0.2.13-2) ...
#10 563.9 Setting up xdg-user-dirs (0.17-2ubuntu4) ...
#10 563.9 Setting up libgsm1:amd64 (1.0.19-1) ...
#10 563.9 Setting up libglib2.0-0:amd64 (2.72.4-0ubuntu2.6) ...
#10 564.0 No schema files found: doing nothing.
#10 564.0 Setting up manpages (5.10-1ubuntu1) ...
#10 564.0 Setting up libglvnd0:amd64 (1.4.0-1) ...
#10 564.0 Setting up libpgm-5.3-0:amd64 (5.3.128~dfsg-2) ...
#10 564.0 Setting up libmaxminddb0:amd64 (1.5.2-1build2) ...
#10 564.0 Setting up unzip (6.0-26ubuntu3.2) ...
#10 564.0 Setting up libcbor0.8:amd64 (0.8.0-2ubuntu1) ...
#10 564.0 Setting up libbrotli1:amd64 (1.0.9-2build6) ...
#10 564.0 Setting up libsqlite3-0:amd64 (3.37.2-2ubuntu0.5) ...
#10 564.0 Setting up libsasl2-modules:amd64 (2.1.27+dfsg2-3ubuntu1.2) ...
#10 564.1 Setting up libgdk-pixbuf2.0-common (2.42.8+dfsg-1ubuntu0.4) ...
#10 564.1 Setting up libnorm1:amd64 (1.5.9+dfsg-2) ...
#10 564.1 Setting up libmysofa1:amd64 (1.2.1~dfsg0-1) ...
#10 564.1 Setting up x11-common (1:7.7+23ubuntu2) ...
#10 564.2 invoke-rc.d: could not determine current runlevel
#10 564.2 invoke-rc.d: policy-rc.d denied execution of start.
#10 564.2 Setting up libsensors-config (1:3.6.0-7ubuntu1) ...
#10 564.3 Setting up libnghttp2-14:amd64 (1.43.0-1ubuntu0.2) ...
#10 564.3 Setting up libdeflate0:amd64 (1.10-2) ...
#10 564.3 Setting up less (590-1ubuntu0.22.04.3) ...
#10 564.3 Setting up linux-libc-dev:amd64 (5.15.0-164.174) ...
#10 564.3 Setting up xkb-data (2.33-1) ...
#10 564.3 Setting up libnpth0:amd64 (1.6-3build2) ...
#10 564.3 Setting up libigdgmm12:amd64 (22.1.2+ds1-1) ...
#10 564.3 Setting up libassuan0:amd64 (2.5.5-1build1) ...
#10 564.4 Setting up libgomp1:amd64 (12.3.0-1ubuntu1~22.04.2) ...
#10 564.4 Setting up libcdio19:amd64 (2.1.0-3ubuntu0.2) ...
#10 564.4 Setting up perl-modules-5.34 (5.34.0-3ubuntu1.5) ...
#10 564.4 Setting up libxvidcore4:amd64 (2:1.3.7-1) ...
#10 564.4 Setting up libldap-common (2.5.19+dfsg-0ubuntu0.22.04.1) ...
#10 564.4 Setting up libjbig0:amd64 (2.1-3.1ubuntu0.22.04.1) ...
#10 564.4 Setting up libsnappy1v5:amd64 (1.1.8-1build3) ...
#10 564.4 Setting up libflac8:amd64 (1.3.3-2ubuntu0.2) ...
#10 564.4 Setting up libsasl2-modules-db:amd64 (2.1.27+dfsg2-3ubuntu1.2) ...
#10 564.5 Setting up libcap2-bin (1:2.44-1ubuntu0.22.04.2) ...
#10 564.5 Setting up libasound2-data (1.2.6.1-1ubuntu1) ...
#10 564.5 Setting up zip (3.0-12build2) ...
#10 564.5 Setting up libblas3:amd64 (3.10.0-2ubuntu1) ...
#10 564.5 update-alternatives: using /usr/lib/x86_64-linux-gnu/blas/libblas.so.3 to provide /usr/lib/x86_64-linux-gnu/libblas.so.3 (libblas.so.3-x86_64-linux-gnu) in auto mode
#10 564.5 Setting up libglib2.0-data (2.72.4-0ubuntu2.6) ...
#10 564.5 Setting up libtirpc-dev:amd64 (1.3.2-2ubuntu0.1) ...
#10 564.5 Setting up libuv1:amd64 (1.43.0-1ubuntu0.1) ...
#10 564.5 Setting up rpcsvc-proto (1.4.2-0ubuntu6) ...
#10 564.5 Setting up libslang2:amd64 (2.3.2-5build4) ...
#10 564.6 Setting up libva2:amd64 (2.14.0-1) ...
#10 564.6 Setting up libx11-data (2:1.7.5-1ubuntu0.3) ...
#10 564.6 Setting up gnupg-l10n (2.2.27-3ubuntu2.4) ...
#10 564.6 Setting up librtmp1:amd64 (2.4+20151223.gitfa8646d.1-2build4) ...
#10 564.6 Setting up gosu (1.14-1ubuntu0.1) ...
#10 564.6 Setting up libx264-163:amd64 (2:0.163.3060+git5db6aa6-2build1) ...
#10 564.6 Setting up libdbus-1-3:amd64 (1.12.20-2ubuntu4.1) ...
#10 564.6 Setting up dbus (1.12.20-2ubuntu4.1) ...
#10 564.8 Setting up libfribidi0:amd64 (1.0.8-2ubuntu3.1) ...
#10 564.8 Setting up libopus0:amd64 (1.3.1-0.1build2) ...
#10 564.8 Setting up libquadmath0:amd64 (12.3.0-1ubuntu1~22.04.2) ...
#10 564.8 Setting up intel-media-va-driver:amd64 (22.3.1+dfsg1-1ubuntu2) ...
#10 564.8 Setting up libpng16-16:amd64 (1.6.37-3ubuntu0.1) ...
#10 564.8 Setting up libvorbis0a:amd64 (1.3.7-1build2) ...
#10 564.9 Setting up patch (2.7.6-7build2) ...
#10 564.9 Setting up fonts-dejavu-core (2.37-2build1) ...
#10 564.9 Setting up ucf (3.0043) ...
#10 565.0 Setting up libsensors5:amd64 (1:3.6.0-7ubuntu1) ...
#10 565.0 Setting up libaacs0:amd64 (0.11.1-1) ...
#10 565.0 Setting up libjpeg-turbo8:amd64 (2.1.2-0ubuntu1) ...
#10 565.0 Setting up pocketsphinx-en-us (0.8.0+real5prealpha+1-14ubuntu1) ...
#10 565.0 Setting up libglapi-mesa:amd64 (23.2.1-1ubuntu3.1~22.04.3) ...
#10 565.0 Setting up libsasl2-2:amd64 (2.1.27+dfsg2-3ubuntu1.2) ...
#10 565.1 Setting up libssh-4:amd64 (0.9.6-2ubuntu0.22.04.5) ...
#10 565.1 Setting up libgfortran5:amd64 (12.3.0-1ubuntu1~22.04.2) ...
#10 565.1 Setting up libwebp7:amd64 (1.2.2-2ubuntu0.22.04.2) ...
#10 565.1 Setting up nano (6.2-1ubuntu0.1) ...
#10 565.1 update-alternatives: using /bin/nano to provide /usr/bin/editor (editor) in auto mode
#10 565.1 update-alternatives: warning: skip creation of /usr/share/man/man1/editor.1.gz because associated file /usr/share/man/man1/nano.1.gz (of link group editor) doesn't exist
#10 565.1 update-alternatives: using /bin/nano to provide /usr/bin/pico (pico) in auto mode
#10 565.1 update-alternatives: warning: skip creation of /usr/share/man/man1/pico.1.gz because associated file /usr/share/man/man1/nano.1.gz (of link group pico) doesn't exist
#10 565.1 Setting up libbdplus0:amd64 (0.2.0-1) ...
#10 565.1 Setting up libnuma1:amd64 (2.0.14-3ubuntu2) ...
#10 565.1 Setting up libvidstab1.1:amd64 (1.1.0-2) ...
#10 565.1 Setting up libmd0:amd64 (1.0.4-1build1) ...
#10 565.2 Setting up alsa-topology-conf (1.2.5.1-2) ...
#10 565.2 Setting up libnsl-dev:amd64 (1.3.0-2build2) ...
#10 565.2 Setting up ocl-icd-libopencl1:amd64 (2.2.14-3) ...
#10 565.2 Setting up libasyncns0:amd64 (0.8-6build2) ...
#10 565.2 Setting up libxshmfence1:amd64 (1.3-1build4) ...
#10 565.2 Setting up libcrypt-dev:amd64 (1:4.4.27-1) ...
#10 565.2 Setting up libbs2b0:amd64 (3.1.0+dfsg-2.2build1) ...
#10 565.2 Setting up libasound2:amd64 (1.2.6.1-1ubuntu1) ...
#10 565.2 Setting up libmpdec3:amd64 (2.5.1-2build2) ...
#10 565.3 Setting up libzimg2:amd64 (3.0.3+ds1-1) ...
#10 565.3 Setting up libopenjp2-7:amd64 (2.4.0-6ubuntu0.4) ...
#10 565.3 Setting up git-man (1:2.34.1-1ubuntu1.15) ...
#10 565.3 Setting up libopenal-data (1:1.19.1-2build3) ...
#10 565.3 Setting up libthai-data (0.1.29-1build1) ...
#10 565.3 Setting up netbase (6.3) ...
#10 565.3 Setting up libvpx7:amd64 (1.11.0-2ubuntu2.4) ...
#10 565.3 Setting up libwayland-egl1:amd64 (1.20.0-1ubuntu0.1) ...
#10 565.4 Setting up libusb-1.0-0:amd64 (2:1.0.25-1ubuntu2) ...
#10 565.4 Setting up fswatch (1.14.0+repack-13.1) ...
#10 565.4 Setting up libdav1d5:amd64 (0.9.2-1) ...
#10 565.4 Setting up libmfx1:amd64 (22.3.0-1) ...
#10 565.4 Setting up libfido2-1:amd64 (1.10.0-1) ...
#10 565.4 Setting up libc-dev-bin (2.35-0ubuntu3.11) ...
#10 565.4 Setting up libsamplerate0:amd64 (0.2.2-1build1) ...
#10 565.4 Setting up openssl (3.0.2-0ubuntu1.20) ...
#10 565.5 Setting up libwebpmux3:amd64 (1.2.2-2ubuntu0.22.04.2) ...
#10 565.5 Setting up libbsd0:amd64 (0.11.5-1) ...
#10 565.5 Setting up libdrm-common (2.4.113-2~ubuntu0.22.04.1) ...
#10 565.5 Setting up libelf1:amd64 (0.186-1ubuntu0.1) ...
#10 565.5 Setting up libpam-cap:amd64 (1:2.44-1ubuntu0.22.04.2) ...
#10 565.6 Setting up libjson-c5:amd64 (0.15-3~ubuntu1.22.04.2) ...
#10 565.6 Setting up readline-common (8.1.2-1) ...
#10 565.7 Setting up publicsuffix (20211207.1025-1) ...
#10 565.7 Setting up libzvbi-common (0.2.35-19) ...
#10 565.7 Setting up libmp3lame0:amd64 (3.100-3build2) ...
#10 565.7 Setting up libvorbisenc2:amd64 (1.3.7-1build2) ...
#10 565.7 Setting up libgdbm6:amd64 (1.23-1) ...
#10 565.7 Setting up libicu70:amd64 (70.1-2) ...
#10 565.7 Setting up libiec61883-0:amd64 (1.2.0-4build3) ...
#10 565.7 Setting up libserd-0-0:amd64 (0.30.10-2) ...
#10 565.7 Setting up libxkbcommon0:amd64 (1.4.0-1) ...
#10 565.8 Setting up libwayland-client0:amd64 (1.20.0-1ubuntu0.1) ...
#10 565.8 Setting up libjpeg8:amd64 (8c-2ubuntu10) ...
#10 565.8 Setting up pinentry-curses (1.1.1-1build2) ...
#10 565.8 Setting up libavc1394-0:amd64 (0.5.4-5build2) ...
#10 565.8 Setting up libzvbi0:amd64 (0.2.35-19) ...
#10 565.8 Setting up manpages-dev (5.10-1ubuntu1) ...
#10 565.8 Setting up libxdmcp6:amd64 (1:1.1.3-0ubuntu5) ...
#10 565.8 Setting up liblapack3:amd64 (3.10.0-2ubuntu1) ...
#10 565.8 update-alternatives: using /usr/lib/x86_64-linux-gnu/lapack/liblapack.so.3 to provide /usr/lib/x86_64-linux-gnu/liblapack.so.3 (liblapack.so.3-x86_64-linux-gnu) in auto mode
#10 565.9 Setting up libxcb1:amd64 (1.14-3ubuntu3) ...
#10 565.9 Setting up libxcb-xfixes0:amd64 (1.14-3ubuntu3) ...
#10 565.9 Setting up libzmq5:amd64 (4.3.4-2) ...
#10 565.9 Setting up libcaca0:amd64 (0.99.beta19-2.2ubuntu4) ...
#10 565.9 Setting up libpng-tools (1.6.37-3ubuntu0.1) ...
#10 565.9 Setting up alsa-ucm-conf (1.2.6.3-1ubuntu1.12) ...
#10 565.9 Setting up libxcb-render0:amd64 (1.14-3ubuntu3) ...
#10 565.9 Setting up libsoxr0:amd64 (0.1.3-4build2) ...
#10 566.0 Setting up libcdio-cdda2:amd64 (10.2+2.0.0-1build3) ...
#10 566.0 Setting up fontconfig-config (2.13.1-4.2ubuntu5) ...
#10 566.1 Setting up libcdio-paranoia2:amd64 (10.2+2.0.0-1build3) ...
#10 566.1 Setting up libxcb-glx0:amd64 (1.14-3ubuntu3) ...
#10 566.1 Setting up libedit2:amd64 (3.1-20210910-1build1) ...
#10 566.2 Setting up libreadline8:amd64 (8.1.2-1) ...
#10 566.2 Setting up libxcb-shape0:amd64 (1.14-3ubuntu3) ...
#10 566.2 Setting up libxcb-shm0:amd64 (1.14-3ubuntu3) ...
#10 566.2 Setting up libldap-2.5-0:amd64 (2.5.19+dfsg-0ubuntu0.22.04.1) ...
#10 566.2 Setting up libxcb-present0:amd64 (1.14-3ubuntu3) ...
#10 566.2 Setting up libpython3.10-stdlib:amd64 (3.10.12-1~22.04.12) ...
#10 566.2 Setting up libthai0:amd64 (0.1.29-1build1) ...
#10 566.2 Setting up ca-certificates (20240203~22.04.1) ...
#10 566.7 Updating certificates in /etc/ssl/certs...
#10 567.4 146 added, 0 removed; done.
#10 567.4 Setting up libvorbisfile3:amd64 (1.3.7-1build2) ...
#10 567.4 Setting up libfreetype6:amd64 (2.11.1+dfsg-1ubuntu0.3) ...
#10 567.4 Setting up libxcb-sync1:amd64 (1.14-3ubuntu3) ...
#10 567.4 Setting up libdc1394-25:amd64 (2.2.6-4) ...
#10 567.5 Setting up libgdbm-compat4:amd64 (1.23-1) ...
#10 567.5 Setting up libx265-199:amd64 (3.5-2) ...
#10 567.5 Setting up librubberband2:amd64 (2.0.0-2) ...
#10 567.5 Setting up libsndio7.0:amd64 (1.8.1-1.1) ...
#10 567.5 Setting up libxcb-dri2-0:amd64 (1.14-3ubuntu3) ...
#10 567.5 Setting up libjack-jackd2-0:amd64 (1.9.20~dfsg-1) ...
#10 567.5 Setting up libdrm2:amd64 (2.4.113-2~ubuntu0.22.04.1) ...
#10 567.5 Setting up libflite1:amd64 (2.2-3) ...
#10 567.6 Setting up libva-drm2:amd64 (2.14.0-1) ...
#10 567.6 Setting up libsord-0-0:amd64 (0.16.8-2) ...
#10 567.6 Setting up libwayland-cursor0:amd64 (1.20.0-1ubuntu0.1) ...
#10 567.6 Setting up libxcb-randr0:amd64 (1.14-3ubuntu3) ...
#10 567.6 Setting up libsratom-0-0:amd64 (0.6.8-1) ...
#10 567.6 Setting up gpgconf (2.2.27-3ubuntu2.4) ...
#10 567.7 Setting up libdecor-0-0:amd64 (0.1.0-3build1) ...
#10 567.7 Setting up libcurl4:amd64 (7.81.0-1ubuntu1.21) ...
#10 567.7 Setting up libc6-dev:amd64 (2.35-0ubuntu3.11) ...
#10 567.7 Setting up libx11-6:amd64 (2:1.7.5-1ubuntu0.3) ...
#10 567.7 Setting up libharfbuzz0b:amd64 (2.7.4-1ubuntu3.2) ...
#10 567.7 Setting up libtiff5:amd64 (4.3.0-6ubuntu0.12) ...
#10 567.7 Setting up curl (7.81.0-1ubuntu1.21) ...
#10 567.7 Setting up libfontconfig1:amd64 (2.13.1-4.2ubuntu5) ...
#10 567.7 Setting up libsndfile1:amd64 (1.0.31-2ubuntu0.2) ...
#10 567.8 Setting up liblilv-0-0:amd64 (0.24.12-2) ...
#10 567.8 Setting up libxml2:amd64 (2.9.13+dfsg-1ubuntu0.10) ...
#10 567.8 Setting up libopenmpt0:amd64 (0.6.1-1) ...
#10 567.8 Setting up libxmuu1:amd64 (2:1.1.3-3) ...
#10 567.8 Setting up sqlite3 (3.37.2-2ubuntu0.5) ...
#10 567.8 Setting up gpg (2.2.27-3ubuntu2.4) ...
#10 567.8 Setting up libpython3-stdlib:amd64 (3.10.6-1~22.04.1) ...
#10 567.8 Setting up gnupg-utils (2.2.27-3ubuntu2.4) ...
#10 567.9 Setting up libdrm-amdgpu1:amd64 (2.4.113-2~ubuntu0.22.04.1) ...
#10 567.9 Setting up libxcb-dri3-0:amd64 (1.14-3ubuntu3) ...
#10 567.9 Setting up libx11-xcb1:amd64 (2:1.7.5-1ubuntu0.3) ...
#10 567.9 Setting up fontconfig (2.13.1-4.2ubuntu5) ...
#10 567.9 Regenerating fonts cache... done.
#10 569.9 Setting up libperl5.34:amd64 (5.34.0-3ubuntu1.5) ...
#10 569.9 Setting up libdrm-nouveau2:amd64 (2.4.113-2~ubuntu0.22.04.1) ...
#10 569.9 Setting up gpg-agent (2.2.27-3ubuntu2.4) ...
#10 570.3 Setting up python3.10 (3.10.12-1~22.04.12) ...
#10 570.9 Setting up libxpm4:amd64 (1:3.5.12-1ubuntu0.22.04.2) ...
#10 570.9 Setting up libxrender1:amd64 (1:0.9.10-1build4) ...
#10 570.9 Setting up bind9-libs:amd64 (1:9.18.39-0ubuntu0.22.04.2) ...
#10 570.9 Setting up libgbm1:amd64 (23.2.1-1ubuntu3.1~22.04.3) ...
#10 570.9 Setting up libpulse0:amd64 (1:15.99.1+dfsg1-1ubuntu2.2) ...
#10 571.0 Setting up libdrm-radeon1:amd64 (2.4.113-2~ubuntu0.22.04.1) ...
#10 571.0 Setting up openssh-client (1:8.9p1-3ubuntu0.13) ...
#10 571.0 update-alternatives: using /usr/bin/ssh to provide /usr/bin/rsh (rsh) in auto mode
#10 571.0 update-alternatives: warning: skip creation of /usr/share/man/man1/rsh.1.gz because associated file /usr/share/man/man1/ssh.1.gz (of link group rsh) doesn't exist
#10 571.0 update-alternatives: using /usr/bin/slogin to provide /usr/bin/rlogin (rlogin) in auto mode
#10 571.0 update-alternatives: warning: skip creation of /usr/share/man/man1/rlogin.1.gz because associated file /usr/share/man/man1/slogin.1.gz (of link group rlogin) doesn't exist
#10 571.0 update-alternatives: using /usr/bin/scp to provide /usr/bin/rcp (rcp) in auto mode
#10 571.0 update-alternatives: warning: skip creation of /usr/share/man/man1/rcp.1.gz because associated file /usr/share/man/man1/scp.1.gz (of link group rcp) doesn't exist
#10 571.0 Setting up gpgsm (2.2.27-3ubuntu2.4) ...
#10 571.1 Setting up libpango-1.0-0:amd64 (1.50.6+ds-2ubuntu1) ...
#10 571.1 Setting up libdrm-intel1:amd64 (2.4.113-2~ubuntu0.22.04.1) ...
#10 571.1 Setting up libxext6:amd64 (2:1.3.4-1build1) ...
#10 571.1 Setting up libcurl3-gnutls:amd64 (7.81.0-1ubuntu1.21) ...
#10 571.1 Setting up python3 (3.10.6-1~22.04.1) ...
#10 571.2 Setting up libopenal1:amd64 (1:1.19.1-2build3) ...
#10 571.2 Setting up libcairo2:amd64 (1.16.0-5ubuntu2) ...
#10 571.2 Setting up libxxf86vm1:amd64 (1:1.1.4-1build3) ...
#10 571.2 Setting up dirmngr (2.2.27-3ubuntu2.4) ...
#10 571.3 Setting up perl (5.34.0-3ubuntu1.5) ...
#10 571.3 Setting up libass9:amd64 (1:0.15.2-1) ...
#10 571.4 Setting up libxfixes3:amd64 (1:6.0.0-1) ...
#10 571.4 Setting up shared-mime-info (2.1-2) ...
#10 573.2 Setting up libxinerama1:amd64 (2:1.1.4-3) ...
#10 573.2 Setting up libgd3:amd64 (2.3.0-2ubuntu2.3) ...
#10 573.2 Setting up libxv1:amd64 (2:1.0.11-1build2) ...
#10 573.2 Setting up libxrandr2:amd64 (2:1.5.2-1build1) ...
#10 573.2 Setting up gpg-wks-server (2.2.27-3ubuntu2.4) ...
#10 573.2 Setting up zlib1g-dev:amd64 (1:1.2.11.dfsg-2ubuntu9.2) ...
#10 573.2 Setting up xauth (1:1.1-1build2) ...
#10 573.2 Setting up libvdpau1:amd64 (1.4-3build2) ...
#10 573.3 Setting up libllvm15:amd64 (1:15.0.7-0ubuntu0.22.04.3) ...
#10 573.3 Setting up libtheora0:amd64 (1.1.1+dfsg.1-15ubuntu4) ...
#10 573.3 Setting up libgdk-pixbuf-2.0-0:amd64 (2.42.8+dfsg-1ubuntu0.4) ...
#10 573.3 Setting up libcairo-gobject2:amd64 (1.16.0-5ubuntu2) ...
#10 573.3 Setting up libxss1:amd64 (1:1.2.3-1build2) ...
#10 573.3 Setting up mesa-va-drivers:amd64 (23.2.1-1ubuntu3.1~22.04.3) ...
#10 573.3 Setting up libpangoft2-1.0-0:amd64 (1.50.6+ds-2ubuntu1) ...
#10 573.3 Setting up libbluray2:amd64 (1:1.3.1-1) ...
#10 573.4 Setting up libva-x11-2:amd64 (2.14.0-1) ...
#10 573.4 Setting up bind9-host (1:9.18.39-0ubuntu0.22.04.2) ...
#10 573.4 Setting up i965-va-driver:amd64 (2.4.1+dfsg1-1) ...
#10 573.4 Setting up libpangocairo-1.0-0:amd64 (1.50.6+ds-2ubuntu1) ...
#10 573.4 Setting up libc-devtools (2.35-0ubuntu3.11) ...
#10 573.4 Setting up python3-pkg-resources (59.6.0-1.2ubuntu0.22.04.3) ...
#10 573.6 Setting up libgl1-amber-dri:amd64 (21.3.9-0ubuntu1~22.04.1) ...
#10 573.6 Setting up mesa-vdpau-drivers:amd64 (23.2.1-1ubuntu3.1~22.04.3) ...
#10 573.6 Setting up supervisor (4.2.1-1ubuntu1) ...
#10 573.9 invoke-rc.d: could not determine current runlevel
#10 573.9 invoke-rc.d: policy-rc.d denied execution of start.
#10 574.0 Setting up libxi6:amd64 (2:1.8-1build1) ...
#10 574.0 Setting up gpg-wks-client (2.2.27-3ubuntu2.4) ...
#10 574.0 Setting up libsphinxbase3:amd64 (0.8+5prealpha+1-13build1) ...
#10 574.0 Setting up libxcursor1:amd64 (1:1.2.0-2build4) ...
#10 574.0 Setting up libgl1-mesa-dri:amd64 (23.2.1-1ubuntu3.1~22.04.3) ...
#10 574.0 Setting up libpng-dev:amd64 (1.6.37-3ubuntu0.1) ...
#10 574.1 Setting up libavutil56:amd64 (7:4.4.2-0ubuntu0.22.04.1) ...
#10 574.1 Setting up librsvg2-2:amd64 (2.52.5+dfsg-3ubuntu0.2) ...
#10 574.1 Setting up liberror-perl (0.17029-1) ...
#10 574.1 Setting up libpocketsphinx3:amd64 (0.8.0+real5prealpha+1-14ubuntu1) ...
#10 574.1 Setting up va-driver-all:amd64 (2.14.0-1) ...
#10 574.1 Setting up libdecor-0-plugin-1-cairo:amd64 (0.1.0-3build1) ...
#10 574.1 Setting up libpostproc55:amd64 (7:4.4.2-0ubuntu0.22.04.1) ...
#10 574.2 Setting up git (1:2.34.1-1ubuntu1.15) ...
#10 574.2 Setting up librsvg2-common:amd64 (2.52.5+dfsg-3ubuntu0.2) ...
#10 574.2 Setting up vdpau-driver-all:amd64 (1.4-3build2) ...
#10 574.2 Setting up libgdk-pixbuf2.0-bin (2.42.8+dfsg-1ubuntu0.4) ...
#10 574.2 Setting up gnupg (2.2.27-3ubuntu2.4) ...
#10 574.2 Setting up libswscale5:amd64 (7:4.4.2-0ubuntu0.22.04.1) ...
#10 574.2 Setting up bind9-dnsutils (1:9.18.39-0ubuntu0.22.04.2) ...
#10 574.3 Setting up libsdl2-2.0-0:amd64 (2.0.20+dfsg-2ubuntu1.22.04.1) ...
#10 574.3 Setting up librsvg2-bin (2.52.5+dfsg-3ubuntu0.2) ...
#10 574.3 Setting up libglx-mesa0:amd64 (23.2.1-1ubuntu3.1~22.04.3) ...
#10 574.3 Setting up libglx0:amd64 (1.4.0-1) ...
#10 574.3 Setting up dnsutils (1:9.18.39-0ubuntu0.22.04.2) ...
#10 574.3 Setting up libswresample3:amd64 (7:4.4.2-0ubuntu0.22.04.1) ...
#10 574.3 Setting up libgl1:amd64 (1.4.0-1) ...
#10 574.3 Setting up libavcodec58:amd64 (7:4.4.2-0ubuntu0.22.04.1) ...
#10 574.4 Setting up libchromaprint1:amd64 (1.5.1-2) ...
#10 574.4 Setting up libavformat58:amd64 (7:4.4.2-0ubuntu0.22.04.1) ...
#10 574.4 Setting up libavfilter7:amd64 (7:4.4.2-0ubuntu0.22.04.1) ...
#10 574.4 Setting up libavdevice58:amd64 (7:4.4.2-0ubuntu0.22.04.1) ...
#10 574.4 Setting up ffmpeg (7:4.4.2-0ubuntu0.22.04.1) ...
#10 574.4 Processing triggers for libc-bin (2.35-0ubuntu3.11) ...
#10 574.4 Processing triggers for ca-certificates (20240203~22.04.1) ...
#10 574.5 Updating certificates in /etc/ssl/certs...
#10 575.0 0 added, 0 removed; done.
#10 575.0 Running hooks in /etc/ca-certificates/update.d...
#10 575.0 done.
#10 575.0 Processing triggers for libgdk-pixbuf-2.0-0:amd64 (2.42.8+dfsg-1ubuntu0.4) ...
#10 583.0 Get:1 https://ppa.launchpadcontent.net/ondrej/php/ubuntu jammy InRelease [24.6 kB]
#10 583.9 Hit:2 http://security.ubuntu.com/ubuntu jammy-security InRelease
#10 584.0 Hit:3 http://archive.ubuntu.com/ubuntu jammy InRelease
#10 584.0 Get:4 https://ppa.launchpadcontent.net/ondrej/php/ubuntu jammy/main amd64 Packages [256 kB]
#10 584.3 Hit:5 http://archive.ubuntu.com/ubuntu jammy-updates InRelease
#10 584.8 Hit:6 http://archive.ubuntu.com/ubuntu jammy-backports InRelease
#10 585.8 Fetched 281 kB in 9s (30.5 kB/s)
#10 585.8 Reading package lists...
#10 586.8 Reading package lists...
#10 587.8 Building dependency tree...
#10 588.1 Reading state information...
#10 588.5 The following additional packages will be installed:
#10 588.5   autoconf automake autopoint autotools-dev binutils binutils-common
#10 588.5   binutils-x86-64-linux-gnu bsdextrautils build-essential bzip2 cpp cpp-11
#10 588.5   cron debhelper debugedit dh-autoreconf dh-strip-nondeterminism dpkg-dev dwz
#10 588.5   fakeroot file fonts-droid-fallback fonts-noto-mono fonts-urw-base35 g++
#10 588.5   g++-11 gcc gcc-11 gcc-11-base gettext gettext-base ghostscript groff-base
#10 588.5   gsfonts imagemagick-6-common intltool-debian libabsl20210324
#10 588.5   libalgorithm-diff-perl libalgorithm-diff-xs-perl libalgorithm-merge-perl
#10 588.5   libarchive-cpio-perl libarchive-zip-perl libargon2-1 libasan6 libatomic1
#10 588.5   libavahi-client3 libavahi-common-data libavahi-common3 libavif13 libbinutils
#10 588.5   libc-client2007e libcc1-0 libctf-nobfd0 libctf0 libcups2 libde265-0
#10 588.5   libdebhelper-perl libdpkg-perl libdw1 libfakeroot libfftw3-double3
#10 588.5   libfile-fcntllock-perl libfile-stripnondeterminism-perl libgav1-0
#10 588.5   libgcc-11-dev libgs9 libgs9-common libhashkit2 libheif1 libidn12 libijs-0.35
#10 588.5   libimagequant0 libisl23 libitm1 libjbig2dec0 liblcms2-2
#10 588.5   liblocale-gettext-perl liblqr-1-0 liblsan0 libltdl-dev libltdl7 libmagic-mgc
#10 588.5   libmagic1 libmagickcore-6.q16-6 libmagickwand-6.q16-6 libmail-sendmail-perl
#10 588.5   libmemcached11 libmpc3 libmpfr6 libonig5 libpaper-utils libpaper1
#10 588.5   libpcre2-16-0 libpcre2-32-0 libpcre2-8-0 libpcre2-dev libpcre2-posix3
#10 588.5   libpipeline1 libpq5 libsigsegv2 libssl-dev libstdc++-11-dev
#10 588.5   libsub-override-perl libsys-hostname-long-perl libtool libtsan0 libubsan1
#10 588.5   libuchardet0 libwebpdemux2 libxslt1.1 libyuv0 libzip4 lto-disabled-list m4
#10 588.5   make man-db mlock php-common php-pear php8.5-common pkg-config pkg-php-tools
#10 588.5   po-debconf poppler-data psmisc shtool tzdata xz-utils
#10 588.5 Suggested packages:
#10 588.5   autoconf-archive gnu-standards autoconf-doc binutils-doc bzip2-doc cpp-doc
#10 588.5   gcc-11-locales anacron logrotate checksecurity default-mta
#10 588.5   | mail-transport-agent dh-make debian-keyring fonts-noto fonts-freefont-otf
#10 588.5   | fonts-freefont-ttf fonts-texgyre g++-multilib g++-11-multilib gcc-11-doc
#10 588.5   gcc-multilib flex bison gdb gcc-doc gcc-11-multilib gettext-doc
#10 588.5   libasprintf-dev libgettextpo-dev ghostscript-x groff uw-mailutils
#10 588.5   cups-common bzr libfftw3-bin libfftw3-dev libgd-tools liblcms2-utils
#10 588.5   libtool-doc libmagickcore-6.q16-6-extra libssl-doc libstdc++-11-doc gfortran
#10 588.5   | fortran95-compiler gcj-jdk m4-doc make-doc apparmor www-browser dh-php
#10 588.5   redis-server libmail-box-perl poppler-utils fonts-japanese-mincho
#10 588.5   | fonts-ipafont-mincho fonts-japanese-gothic | fonts-ipafont-gothic
#10 588.5   fonts-arphic-ukai fonts-arphic-uming fonts-nanum
#10 588.7 The following NEW packages will be installed:
#10 588.7   autoconf automake autopoint autotools-dev binutils binutils-common
#10 588.7   binutils-x86-64-linux-gnu bsdextrautils build-essential bzip2 cpp cpp-11
#10 588.7   cron debhelper debugedit dh-autoreconf dh-strip-nondeterminism dpkg-dev dwz
#10 588.7   fakeroot file fonts-droid-fallback fonts-noto-mono fonts-urw-base35 g++
#10 588.7   g++-11 gcc gcc-11 gcc-11-base gettext gettext-base ghostscript groff-base
#10 588.7   gsfonts imagemagick-6-common intltool-debian libabsl20210324
#10 588.7   libalgorithm-diff-perl libalgorithm-diff-xs-perl libalgorithm-merge-perl
#10 588.7   libarchive-cpio-perl libarchive-zip-perl libargon2-1 libasan6 libatomic1
#10 588.7   libavahi-client3 libavahi-common-data libavahi-common3 libavif13 libbinutils
#10 588.7   libc-client2007e libcc1-0 libctf-nobfd0 libctf0 libcups2 libde265-0
#10 588.7   libdebhelper-perl libdpkg-perl libdw1 libfakeroot libfftw3-double3
#10 588.7   libfile-fcntllock-perl libfile-stripnondeterminism-perl libgav1-0
#10 588.7   libgcc-11-dev libgs9 libgs9-common libhashkit2 libheif1 libidn12 libijs-0.35
#10 588.7   libimagequant0 libisl23 libitm1 libjbig2dec0 liblcms2-2
#10 588.7   liblocale-gettext-perl liblqr-1-0 liblsan0 libltdl-dev libltdl7 libmagic-mgc
#10 588.7   libmagic1 libmagickcore-6.q16-6 libmagickwand-6.q16-6 libmail-sendmail-perl
#10 588.7   libmemcached11 libmpc3 libmpfr6 libonig5 libpaper-utils libpaper1
#10 588.7   libpcre2-16-0 libpcre2-32-0 libpcre2-dev libpcre2-posix3 libpipeline1 libpq5
#10 588.7   libsigsegv2 libssl-dev libstdc++-11-dev libsub-override-perl
#10 588.7   libsys-hostname-long-perl libtool libtsan0 libubsan1 libuchardet0
#10 588.7   libwebpdemux2 libxslt1.1 libyuv0 libzip4 lto-disabled-list m4 make man-db
#10 588.7   mlock php-common php-pear php8.5-bcmath php8.5-cli php8.5-common php8.5-curl
#10 588.7   php8.5-dev php8.5-gd php8.5-igbinary php8.5-imagick php8.5-imap php8.5-intl
#10 588.7   php8.5-ldap php8.5-mbstring php8.5-memcached php8.5-mongodb php8.5-msgpack
#10 588.7   php8.5-mysql php8.5-pcov php8.5-pgsql php8.5-readline php8.5-redis
#10 588.7   php8.5-soap php8.5-sqlite3 php8.5-xdebug php8.5-xml php8.5-zip pkg-config
#10 588.7   pkg-php-tools po-debconf poppler-data psmisc shtool tzdata xz-utils
#10 588.7 The following packages will be upgraded:
#10 588.7   libgd3 libpcre2-8-0
#10 590.9 2 upgraded, 151 newly installed, 0 to remove and 2 not upgraded.
#10 590.9 Need to get 107 MB of archives.
#10 590.9 After this operation, 377 MB of additional disk space will be used.
#10 590.9 Get:1 http://archive.ubuntu.com/ubuntu jammy/main amd64 liblocale-gettext-perl amd64 1.07-4build3 [17.1 kB]
#10 592.5 Get:2 https://ppa.launchpadcontent.net/ondrej/php/ubuntu jammy/main amd64 php-common all 2:100~+ubuntu22.04.1+deb.sury.org+1 [17.5 kB]
#10 592.7 Get:3 http://archive.ubuntu.com/ubuntu jammy/main amd64 cron amd64 3.0pl1-137ubuntu3 [73.7 kB]
#10 593.0 Get:4 https://ppa.launchpadcontent.net/ondrej/php/ubuntu jammy/main amd64 php8.5-common amd64 8.5.1-1+ubuntu22.04.1+deb.sury.org+1 [839 kB]
#10 593.3 Get:5 http://archive.ubuntu.com/ubuntu jammy/main amd64 fonts-droid-fallback all 1:6.0.1r16-1.1build1 [1805 kB]
#10 596.2 Get:6 http://archive.ubuntu.com/ubuntu jammy/main amd64 libfftw3-double3 amd64 3.3.8-2ubuntu8 [770 kB]
#10 597.4 Get:7 http://archive.ubuntu.com/ubuntu jammy-updates/universe amd64 libde265-0 amd64 1.0.8-1ubuntu0.3 [290 kB]
#10 598.3 Get:8 http://archive.ubuntu.com/ubuntu jammy/universe amd64 libheif1 amd64 1.12.0-2build1 [196 kB]
#10 599.1 Get:9 http://archive.ubuntu.com/ubuntu jammy/main amd64 liblcms2-2 amd64 2.12~rc1-2build2 [159 kB]
#10 600.0 Get:10 http://archive.ubuntu.com/ubuntu jammy/universe amd64 liblqr-1-0 amd64 0.4.2-2.1 [27.7 kB]
#10 600.3 Get:11 http://archive.ubuntu.com/ubuntu jammy/main amd64 libltdl7 amd64 2.4.6-15build2 [39.6 kB]
#10 600.7 Get:12 http://archive.ubuntu.com/ubuntu jammy-updates/main amd64 libwebpdemux2 amd64 1.2.2-2ubuntu0.22.04.2 [9964 B]
#10 601.0 Get:13 http://archive.ubuntu.com/ubuntu jammy-updates/universe amd64 imagemagick-6-common all 8:6.9.11.60+dfsg-1.3ubuntu0.22.04.5 [64.3 kB]
#10 607.7 Get:14 http://archive.ubuntu.com/ubuntu jammy-updates/universe amd64 libmagickcore-6.q16-6 amd64 8:6.9.11.60+dfsg-1.3ubuntu0.22.04.5 [1795 kB]
#10 619.4 Get:15 https://ppa.launchpadcontent.net/ondrej/php/ubuntu jammy/main amd64 php8.5-readline amd64 8.5.1-1+ubuntu22.04.1+deb.sury.org+1 [13.7 kB]
#10 620.5 Get:16 https://ppa.launchpadcontent.net/ondrej/php/ubuntu jammy/main amd64 libpcre2-8-0 amd64 10.42-3+ubuntu22.04.1+deb.sury.org+1 [230 kB]
#10 624.3 Get:17 http://archive.ubuntu.com/ubuntu jammy-updates/universe amd64 libmagickwand-6.q16-6 amd64 8:6.9.11.60+dfsg-1.3ubuntu0.22.04.5 [328 kB]
#10 626.9 Get:18 http://archive.ubuntu.com/ubuntu jammy/main amd64 psmisc amd64 23.4-2build3 [119 kB]
#10 627.7 Get:19 http://archive.ubuntu.com/ubuntu jammy-updates/main amd64 tzdata all 2025b-0ubuntu0.22.04.1 [347 kB]
#10 628.9 Get:20 https://ppa.launchpadcontent.net/ondrej/php/ubuntu jammy/main amd64 php8.5-cli amd64 8.5.1-1+ubuntu22.04.1+deb.sury.org+1 [3108 kB]
#10 629.1 Get:21 http://archive.ubuntu.com/ubuntu jammy/main amd64 libargon2-1 amd64 0~20171227-0.3 [19.5 kB]
#10 629.4 Get:22 http://archive.ubuntu.com/ubuntu jammy/universe amd64 mlock amd64 8:2007f~dfsg-7build1 [12.2 kB]
#10 629.7 Get:23 http://archive.ubuntu.com/ubuntu jammy/universe amd64 libc-client2007e amd64 8:2007f~dfsg-7build1 [645 kB]
#10 631.5 Get:24 http://archive.ubuntu.com/ubuntu jammy/main amd64 poppler-data all 0.4.11-1 [2171 kB]
#10 638.3 Get:25 http://archive.ubuntu.com/ubuntu jammy-updates/main amd64 bsdextrautils amd64 2.37.2-4ubuntu3.4 [71.4 kB]
#10 638.8 Get:26 http://archive.ubuntu.com/ubuntu jammy-updates/main amd64 libmagic-mgc amd64 1:5.41-3ubuntu0.1 [257 kB]
#10 640.1 Get:27 http://archive.ubuntu.com/ubuntu jammy-updates/main amd64 libmagic1 amd64 1:5.41-3ubuntu0.1 [87.2 kB]
#10 640.5 Get:28 http://archive.ubuntu.com/ubuntu jammy-updates/main amd64 file amd64 1:5.41-3ubuntu0.1 [21.5 kB]
#10 640.9 Get:29 http://archive.ubuntu.com/ubuntu jammy/main amd64 gettext-base amd64 0.21-4ubuntu4 [37.8 kB]
#10 641.3 Get:30 http://archive.ubuntu.com/ubuntu jammy/main amd64 libuchardet0 amd64 0.0.7-1build2 [76.9 kB]
#10 641.9 Get:31 http://archive.ubuntu.com/ubuntu jammy/main amd64 groff-base amd64 1.22.4-8build1 [955 kB]
#10 644.8 Get:32 http://archive.ubuntu.com/ubuntu jammy/main amd64 libpipeline1 amd64 1.5.5-1 [23.5 kB]
#10 645.3 Get:33 http://archive.ubuntu.com/ubuntu jammy/main amd64 man-db amd64 2.10.2-1 [1187 kB]
#10 650.8 Get:34 http://archive.ubuntu.com/ubuntu jammy/main amd64 xz-utils amd64 5.2.5-2ubuntu1 [84.8 kB]
#10 652.4 Get:35 http://archive.ubuntu.com/ubuntu jammy/main amd64 libsigsegv2 amd64 2.13-1ubuntu3 [14.6 kB]
#10 653.1 Get:36 http://archive.ubuntu.com/ubuntu jammy/main amd64 m4 amd64 1.4.18-5ubuntu2 [199 kB]
#10 654.4 Get:37 http://archive.ubuntu.com/ubuntu jammy/main amd64 autoconf all 2.71-2 [338 kB]
#10 657.2 Get:38 http://archive.ubuntu.com/ubuntu jammy/main amd64 autotools-dev all 20220109.1 [44.9 kB]
#10 658.4 Get:39 http://archive.ubuntu.com/ubuntu jammy/main amd64 automake all 1:1.16.5-1.3 [558 kB]
#10 660.2 Get:40 http://archive.ubuntu.com/ubuntu jammy/main amd64 autopoint all 0.21-4ubuntu4 [422 kB]
#10 662.0 Get:41 http://archive.ubuntu.com/ubuntu jammy-updates/main amd64 binutils-common amd64 2.38-4ubuntu2.12 [223 kB]
#10 663.1 Get:42 http://archive.ubuntu.com/ubuntu jammy-updates/main amd64 libbinutils amd64 2.38-4ubuntu2.12 [663 kB]
#10 665.8 Get:43 http://archive.ubuntu.com/ubuntu jammy-updates/main amd64 libctf-nobfd0 amd64 2.38-4ubuntu2.12 [108 kB]
#10 666.7 Get:44 http://archive.ubuntu.com/ubuntu jammy-updates/main amd64 libctf0 amd64 2.38-4ubuntu2.12 [103 kB]
#10 667.7 Get:45 http://archive.ubuntu.com/ubuntu jammy-updates/main amd64 binutils-x86-64-linux-gnu amd64 2.38-4ubuntu2.12 [2324 kB]
#10 677.2 Get:46 http://archive.ubuntu.com/ubuntu jammy-updates/main amd64 binutils amd64 2.38-4ubuntu2.12 [3184 B]
#10 677.5 Get:47 http://archive.ubuntu.com/ubuntu jammy-updates/main amd64 gcc-11-base amd64 11.4.0-1ubuntu1~22.04.2 [20.8 kB]
#10 678.0 Get:48 http://archive.ubuntu.com/ubuntu jammy/main amd64 libisl23 amd64 0.24-2build1 [727 kB]
#10 681.8 Get:49 http://archive.ubuntu.com/ubuntu jammy/main amd64 libmpfr6 amd64 4.1.0-3build3 [1425 kB]
#10 689.3 Get:50 http://archive.ubuntu.com/ubuntu jammy/main amd64 libmpc3 amd64 1.2.1-2build1 [46.9 kB]
#10 690.3 Get:51 http://archive.ubuntu.com/ubuntu jammy-updates/main amd64 cpp-11 amd64 11.4.0-1ubuntu1~22.04.2 [10.0 MB]
#10 713.4 Get:52 http://archive.ubuntu.com/ubuntu jammy/main amd64 cpp amd64 4:11.2.0-1ubuntu1 [27.7 kB]
#10 713.8 Get:53 http://archive.ubuntu.com/ubuntu jammy-updates/main amd64 libcc1-0 amd64 12.3.0-1ubuntu1~22.04.2 [48.3 kB]
#10 714.1 Get:54 http://archive.ubuntu.com/ubuntu jammy-updates/main amd64 libitm1 amd64 12.3.0-1ubuntu1~22.04.2 [30.2 kB]
#10 714.5 Get:55 http://archive.ubuntu.com/ubuntu jammy-updates/main amd64 libatomic1 amd64 12.3.0-1ubuntu1~22.04.2 [10.4 kB]
#10 714.8 Get:56 http://archive.ubuntu.com/ubuntu jammy-updates/main amd64 libasan6 amd64 11.4.0-1ubuntu1~22.04.2 [2283 kB]
#10 717.2 Get:57 http://archive.ubuntu.com/ubuntu jammy-updates/main amd64 liblsan0 amd64 12.3.0-1ubuntu1~22.04.2 [1069 kB]
#10 719.5 Get:58 http://archive.ubuntu.com/ubuntu jammy-updates/main amd64 libtsan0 amd64 11.4.0-1ubuntu1~22.04.2 [2262 kB]
#10 722.1 Get:59 http://archive.ubuntu.com/ubuntu jammy-updates/main amd64 libubsan1 amd64 12.3.0-1ubuntu1~22.04.2 [976 kB]
#10 724.8 Get:60 http://archive.ubuntu.com/ubuntu jammy-updates/main amd64 libgcc-11-dev amd64 11.4.0-1ubuntu1~22.04.2 [2517 kB]
#10 728.6 Get:61 http://archive.ubuntu.com/ubuntu jammy-updates/main amd64 gcc-11 amd64 11.4.0-1ubuntu1~22.04.2 [20.1 MB]
#10 745.8 Get:62 http://archive.ubuntu.com/ubuntu jammy/main amd64 gcc amd64 4:11.2.0-1ubuntu1 [5112 B]
#10 746.5 Get:63 http://archive.ubuntu.com/ubuntu jammy-updates/main amd64 libstdc++-11-dev amd64 11.4.0-1ubuntu1~22.04.2 [2101 kB]
#10 751.6 Get:64 http://archive.ubuntu.com/ubuntu jammy-updates/main amd64 g++-11 amd64 11.4.0-1ubuntu1~22.04.2 [11.4 MB]
#10 761.9 Get:65 http://archive.ubuntu.com/ubuntu jammy/main amd64 g++ amd64 4:11.2.0-1ubuntu1 [1412 B]
#10 762.3 Get:66 http://archive.ubuntu.com/ubuntu jammy/main amd64 make amd64 4.3-4.1build1 [180 kB]
#10 763.4 Get:67 http://archive.ubuntu.com/ubuntu jammy-updates/main amd64 libdpkg-perl all 1.21.1ubuntu2.6 [237 kB]
#10 764.4 Get:68 http://archive.ubuntu.com/ubuntu jammy/main amd64 bzip2 amd64 1.0.8-5build1 [34.8 kB]
#10 764.8 Get:69 http://archive.ubuntu.com/ubuntu jammy/main amd64 lto-disabled-list all 24 [12.5 kB]
#10 765.2 Get:70 http://archive.ubuntu.com/ubuntu jammy-updates/main amd64 dpkg-dev all 1.21.1ubuntu2.6 [922 kB]
#10 766.4 Get:71 http://archive.ubuntu.com/ubuntu jammy/main amd64 build-essential amd64 12.9ubuntu3 [4744 B]
#10 766.8 Get:72 http://archive.ubuntu.com/ubuntu jammy/main amd64 libdebhelper-perl all 13.6ubuntu1 [67.2 kB]
#10 767.2 Get:73 http://archive.ubuntu.com/ubuntu jammy/main amd64 libtool all 2.4.6-15build2 [164 kB]
#10 767.8 Get:74 http://archive.ubuntu.com/ubuntu jammy/main amd64 dh-autoreconf all 20 [16.1 kB]
#10 768.1 Get:75 http://archive.ubuntu.com/ubuntu jammy/main amd64 libarchive-zip-perl all 1.68-1 [90.2 kB]
#10 768.5 Get:76 http://archive.ubuntu.com/ubuntu jammy/main amd64 libsub-override-perl all 0.09-2 [9532 B]
#10 768.9 Get:77 http://archive.ubuntu.com/ubuntu jammy/main amd64 libfile-stripnondeterminism-perl all 1.13.0-1 [18.1 kB]
#10 769.3 Get:78 http://archive.ubuntu.com/ubuntu jammy/main amd64 dh-strip-nondeterminism all 1.13.0-1 [5344 B]
#10 769.7 Get:79 http://archive.ubuntu.com/ubuntu jammy-updates/main amd64 libdw1 amd64 0.186-1ubuntu0.1 [251 kB]
#10 770.4 Get:80 http://archive.ubuntu.com/ubuntu jammy/main amd64 debugedit amd64 1:5.0-4build1 [47.2 kB]
#10 770.8 Get:81 http://archive.ubuntu.com/ubuntu jammy/main amd64 dwz amd64 0.14-1build2 [105 kB]
#10 771.3 Get:82 http://archive.ubuntu.com/ubuntu jammy/main amd64 gettext amd64 0.21-4ubuntu4 [868 kB]
#10 774.1 Get:83 http://archive.ubuntu.com/ubuntu jammy/main amd64 intltool-debian all 0.35.0+20060710.5 [24.9 kB]
#10 774.6 Get:84 http://archive.ubuntu.com/ubuntu jammy/main amd64 po-debconf all 1.0.21+nmu1 [233 kB]
#10 776.8 Get:85 http://archive.ubuntu.com/ubuntu jammy/main amd64 debhelper all 13.6ubuntu1 [923 kB]
#10 781.7 Get:86 http://archive.ubuntu.com/ubuntu jammy/main amd64 libfakeroot amd64 1.28-1ubuntu1 [31.5 kB]
#10 783.3 Get:87 http://archive.ubuntu.com/ubuntu jammy/main amd64 fakeroot amd64 1.28-1ubuntu1 [60.4 kB]
#10 784.2 Get:88 http://archive.ubuntu.com/ubuntu jammy/main amd64 fonts-noto-mono all 20201225-1build1 [397 kB]
#10 787.7 Get:89 http://archive.ubuntu.com/ubuntu jammy/main amd64 fonts-urw-base35 all 20200910-1 [6367 kB]
#10 846.3 Get:90 http://archive.ubuntu.com/ubuntu jammy-updates/main amd64 libgs9-common all 9.55.0~dfsg1-0ubuntu5.13 [753 kB]
#10 847.4 Get:91 https://ppa.launchpadcontent.net/ondrej/php/ubuntu jammy/main amd64 php8.5-igbinary amd64 3.2.16-6+ubuntu22.04.1+deb.sury.org+1 [38.2 kB]
#10 849.3 Get:92 https://ppa.launchpadcontent.net/ondrej/php/ubuntu jammy/main amd64 php8.5-imagick amd64 3.8.1-1+ubuntu22.04.1+deb.sury.org+1 [125 kB]
#10 855.1 Get:93 https://ppa.launchpadcontent.net/ondrej/php/ubuntu jammy/main amd64 php8.5-imap amd64 3:1.0.3-2+ubuntu22.04.1+deb.sury.org+1 [39.3 kB]
#10 858.1 Get:94 https://ppa.launchpadcontent.net/ondrej/php/ubuntu jammy/main amd64 php8.5-msgpack amd64 1:3.0.0-2+ubuntu22.04.1+deb.sury.org+1 [33.0 kB]
#10 863.5 Get:95 https://ppa.launchpadcontent.net/ondrej/php/ubuntu jammy/main amd64 libhashkit2 amd64 1.1.4-1+ubuntu22.04.1+deb.sury.org+1 [21.8 kB]
#10 865.9 Get:96 http://archive.ubuntu.com/ubuntu jammy-updates/main amd64 libavahi-common-data amd64 0.8-5ubuntu5.3 [23.9 kB]
#10 866.0 Get:97 https://ppa.launchpadcontent.net/ondrej/php/ubuntu jammy/main amd64 libmemcached11 amd64 1.1.4-1+ubuntu22.04.1+deb.sury.org+1 [89.9 kB]
#10 869.2 Get:98 http://archive.ubuntu.com/ubuntu jammy-updates/main amd64 libavahi-common3 amd64 0.8-5ubuntu5.3 [23.9 kB]
#10 870.1 Get:99 https://ppa.launchpadcontent.net/ondrej/php/ubuntu jammy/main amd64 php8.5-memcached amd64 3.4.0-1+ubuntu22.04.1+deb.sury.org+1 [52.5 kB]
#10 870.9 Get:100 http://archive.ubuntu.com/ubuntu jammy-updates/main amd64 libavahi-client3 amd64 0.8-5ubuntu5.3 [28.1 kB]
#10 872.5 Get:101 https://ppa.launchpadcontent.net/ondrej/php/ubuntu jammy/main amd64 php8.5-mongodb amd64 2.1.4-4+ubuntu22.04.1+deb.sury.org+1 [841 kB]
#10 872.6 Get:102 http://archive.ubuntu.com/ubuntu jammy-updates/main amd64 libcups2 amd64 2.4.1op1-1ubuntu4.16 [264 kB]
#10 877.4 Get:103 http://archive.ubuntu.com/ubuntu jammy-updates/main amd64 libidn12 amd64 1.38-4ubuntu1 [60.0 kB]
#10 879.8 Get:104 http://archive.ubuntu.com/ubuntu jammy/main amd64 libijs-0.35 amd64 0.35-15build2 [16.5 kB]
#10 880.5 Get:105 http://archive.ubuntu.com/ubuntu jammy/main amd64 libjbig2dec0 amd64 0.19-3build2 [64.7 kB]
#10 886.0 Get:106 http://archive.ubuntu.com/ubuntu jammy/main amd64 libpaper1 amd64 1.1.28build2 [13.8 kB]
#10 888.8 Get:107 https://ppa.launchpadcontent.net/ondrej/php/ubuntu jammy/main amd64 php8.5-pcov amd64 1.0.12-2+ubuntu22.04.1+deb.sury.org+1 [13.9 kB]
#10 891.5 Get:108 http://archive.ubuntu.com/ubuntu jammy-updates/main amd64 libgs9 amd64 9.55.0~dfsg1-0ubuntu5.13 [5032 kB]
#10 891.7 Get:109 https://ppa.launchpadcontent.net/ondrej/php/ubuntu jammy/main amd64 php8.5-redis amd64 6.3.0-2+ubuntu22.04.1+deb.sury.org+1 [210 kB]
#10 894.6 Get:110 https://ppa.launchpadcontent.net/ondrej/php/ubuntu jammy/main amd64 php8.5-xdebug amd64 3.5.0-1+ubuntu22.04.1+deb.sury.org+1 [762 kB]
#10 901.6 Get:111 https://ppa.launchpadcontent.net/ondrej/php/ubuntu jammy/main amd64 libgd3 amd64 2.3.3-13+ubuntu22.04.1+deb.sury.org+1 [148 kB]
#10 905.9 Get:112 https://ppa.launchpadcontent.net/ondrej/php/ubuntu jammy/main amd64 libpcre2-16-0 amd64 10.42-3+ubuntu22.04.1+deb.sury.org+1 [213 kB]
#10 909.2 Get:113 https://ppa.launchpadcontent.net/ondrej/php/ubuntu jammy/main amd64 libpcre2-32-0 amd64 10.42-3+ubuntu22.04.1+deb.sury.org+1 [202 kB]
#10 911.3 Get:114 https://ppa.launchpadcontent.net/ondrej/php/ubuntu jammy/main amd64 libpcre2-posix3 amd64 10.42-3+ubuntu22.04.1+deb.sury.org+1 [9204 B]
#10 912.2 Get:115 https://ppa.launchpadcontent.net/ondrej/php/ubuntu jammy/main amd64 libpcre2-dev amd64 10.42-3+ubuntu22.04.1+deb.sury.org+1 [746 kB]
#10 926.2 Get:116 https://ppa.launchpadcontent.net/ondrej/php/ubuntu jammy/main amd64 php8.5-xml amd64 8.5.1-1+ubuntu22.04.1+deb.sury.org+1 [217 kB]
#10 930.4 Get:117 https://ppa.launchpadcontent.net/ondrej/php/ubuntu jammy/main amd64 php-pear all 1:1.10.16+submodules+notgz-2+ubuntu22.04.1+deb.sury.org+1 [295 kB]
#10 932.6 Get:118 https://ppa.launchpadcontent.net/ondrej/php/ubuntu jammy/main amd64 php8.5-bcmath amd64 8.5.1-1+ubuntu22.04.1+deb.sury.org+1 [28.9 kB]
#10 933.2 Get:119 https://ppa.launchpadcontent.net/ondrej/php/ubuntu jammy/main amd64 php8.5-curl amd64 8.5.1-1+ubuntu22.04.1+deb.sury.org+1 [45.2 kB]
#10 934.0 Get:120 https://ppa.launchpadcontent.net/ondrej/php/ubuntu jammy/main amd64 php8.5-dev amd64 8.5.1-1+ubuntu22.04.1+deb.sury.org+1 [622 kB]
#10 942.7 Get:121 https://ppa.launchpadcontent.net/ondrej/php/ubuntu jammy/main amd64 php8.5-gd amd64 8.5.1-1+ubuntu22.04.1+deb.sury.org+1 [40.4 kB]
#10 944.3 Get:122 https://ppa.launchpadcontent.net/ondrej/php/ubuntu jammy/main amd64 php8.5-intl amd64 8.5.1-1+ubuntu22.04.1+deb.sury.org+1 [182 kB]
#10 948.5 Get:123 https://ppa.launchpadcontent.net/ondrej/php/ubuntu jammy/main amd64 php8.5-ldap amd64 8.5.1-1+ubuntu22.04.1+deb.sury.org+1 [35.9 kB]
#10 950.9 Get:124 https://ppa.launchpadcontent.net/ondrej/php/ubuntu jammy/main amd64 php8.5-mbstring amd64 8.5.1-1+ubuntu22.04.1+deb.sury.org+1 [546 kB]
#10 965.0 Get:125 https://ppa.launchpadcontent.net/ondrej/php/ubuntu jammy/main amd64 php8.5-mysql amd64 8.5.1-1+ubuntu22.04.1+deb.sury.org+1 [134 kB]
#10 971.1 Get:126 https://ppa.launchpadcontent.net/ondrej/php/ubuntu jammy/main amd64 php8.5-pgsql amd64 8.5.1-1+ubuntu22.04.1+deb.sury.org+1 [81.2 kB]
#10 976.9 Get:127 https://ppa.launchpadcontent.net/ondrej/php/ubuntu jammy/main amd64 php8.5-soap amd64 8.5.1-1+ubuntu22.04.1+deb.sury.org+1 [138 kB]
#10 983.0 Get:128 https://ppa.launchpadcontent.net/ondrej/php/ubuntu jammy/main amd64 php8.5-sqlite3 amd64 8.5.1-1+ubuntu22.04.1+deb.sury.org+1 [40.2 kB]
#10 985.0 Get:129 https://ppa.launchpadcontent.net/ondrej/php/ubuntu jammy/main amd64 php8.5-zip amd64 8.5.1-1+ubuntu22.04.1+deb.sury.org+1 [32.3 kB]
#10 1179.4 Get:130 http://archive.ubuntu.com/ubuntu jammy-updates/main amd64 ghostscript amd64 9.55.0~dfsg1-0ubuntu5.13 [49.4 kB]
#10 1190.0 Get:131 http://archive.ubuntu.com/ubuntu jammy/universe amd64 gsfonts all 1:8.11+urwcyr1.0.7~pre44-4.5 [3120 kB]
#10 1268.6 Get:132 http://archive.ubuntu.com/ubuntu jammy-updates/main amd64 libabsl20210324 amd64 0~20210324.2-2ubuntu0.2 [386 kB]
#10 1271.9 Get:133 http://archive.ubuntu.com/ubuntu jammy/main amd64 libalgorithm-diff-perl all 1.201-1 [41.8 kB]
#10 1272.4 Get:134 http://archive.ubuntu.com/ubuntu jammy/main amd64 libalgorithm-diff-xs-perl amd64 0.04-6build3 [11.9 kB]
#10 1273.0 Get:135 http://archive.ubuntu.com/ubuntu jammy/main amd64 libalgorithm-merge-perl all 0.08-3 [12.0 kB]
#10 1274.1 Get:136 http://archive.ubuntu.com/ubuntu jammy/main amd64 libarchive-cpio-perl all 0.10-1.1 [9928 B]
#10 1275.7 Get:137 http://archive.ubuntu.com/ubuntu jammy/universe amd64 libgav1-0 amd64 0.17.0-1build1 [336 kB]
#10 1277.6 Get:138 http://archive.ubuntu.com/ubuntu jammy/universe amd64 libyuv0 amd64 0.0~git20220104.b91df1a-2 [154 kB]
#10 1278.5 Get:139 http://archive.ubuntu.com/ubuntu jammy/universe amd64 libavif13 amd64 0.9.3-3 [69.5 kB]
#10 1279.4 Get:140 http://archive.ubuntu.com/ubuntu jammy/main amd64 libfile-fcntllock-perl amd64 0.22-3build7 [33.9 kB]
#10 1280.4 Get:141 http://archive.ubuntu.com/ubuntu jammy/main amd64 libimagequant0 amd64 2.17.0-1 [34.6 kB]
#10 1280.9 Get:142 http://archive.ubuntu.com/ubuntu jammy/main amd64 libltdl-dev amd64 2.4.6-15build2 [169 kB]
#10 1281.5 Get:143 http://archive.ubuntu.com/ubuntu jammy/main amd64 libsys-hostname-long-perl all 1.5-2 [11.5 kB]
#10 1281.9 Get:144 http://archive.ubuntu.com/ubuntu jammy/main amd64 libmail-sendmail-perl all 0.80-1.1 [22.7 kB]
#10 1282.3 Get:145 http://archive.ubuntu.com/ubuntu jammy/main amd64 libonig5 amd64 6.9.7.1-2build1 [172 kB]
#10 1283.7 Get:146 http://archive.ubuntu.com/ubuntu jammy/main amd64 libpaper-utils amd64 1.1.28build2 [8674 B]
#10 1284.9 Get:147 http://archive.ubuntu.com/ubuntu jammy-updates/main amd64 libpq5 amd64 14.20-0ubuntu0.22.04.1 [153 kB]
#10 1285.8 Get:148 http://archive.ubuntu.com/ubuntu jammy-updates/main amd64 libssl-dev amd64 3.0.2-0ubuntu1.20 [2376 kB]
#10 1320.8 Get:149 http://archive.ubuntu.com/ubuntu jammy-updates/main amd64 libxslt1.1 amd64 1.1.34-4ubuntu0.22.04.4 [165 kB]
#10 1325.4 Get:150 http://archive.ubuntu.com/ubuntu jammy/universe amd64 libzip4 amd64 1.7.3-1ubuntu2 [55.0 kB]
#10 1327.7 Get:151 http://archive.ubuntu.com/ubuntu jammy/main amd64 pkg-config amd64 0.29.2-1ubuntu3 [48.2 kB]
#10 1330.1 Get:152 http://archive.ubuntu.com/ubuntu jammy/main amd64 shtool all 2.0.8-10 [122 kB]
#10 1331.6 Get:153 http://archive.ubuntu.com/ubuntu jammy/main amd64 pkg-php-tools all 1.42build1 [33.5 kB]
#10 1332.1 debconf: delaying package configuration, since apt-utils is not installed
#10 1332.1 Fetched 107 MB in 12min 23s (144 kB/s)
#10 1332.2 Selecting previously unselected package liblocale-gettext-perl.
#10 1332.2 (Reading database ... 
(Reading database ... 5%
(Reading database ... 10%
(Reading database ... 15%
(Reading database ... 20%
(Reading database ... 25%
(Reading database ... 30%
(Reading database ... 35%
(Reading database ... 40%
(Reading database ... 45%
(Reading database ... 50%
(Reading database ... 55%
(Reading database ... 60%
(Reading database ... 65%
(Reading database ... 70%
(Reading database ... 75%
(Reading database ... 80%
(Reading database ... 85%
(Reading database ... 90%
(Reading database ... 95%
(Reading database ... 100%
(Reading database ... 16686 files and directories currently installed.)
#10 1332.3 Preparing to unpack .../00-liblocale-gettext-perl_1.07-4build3_amd64.deb ...
#10 1332.3 Unpacking liblocale-gettext-perl (1.07-4build3) ...
#10 1332.3 Selecting previously unselected package cron.
#10 1332.3 Preparing to unpack .../01-cron_3.0pl1-137ubuntu3_amd64.deb ...
#10 1332.3 Unpacking cron (3.0pl1-137ubuntu3) ...
#10 1332.4 Selecting previously unselected package fonts-droid-fallback.
#10 1332.4 Preparing to unpack .../02-fonts-droid-fallback_1%3a6.0.1r16-1.1build1_all.deb ...
#10 1332.4 Unpacking fonts-droid-fallback (1:6.0.1r16-1.1build1) ...
#10 1332.6 Selecting previously unselected package libfftw3-double3:amd64.
#10 1332.6 Preparing to unpack .../03-libfftw3-double3_3.3.8-2ubuntu8_amd64.deb ...
#10 1332.6 Unpacking libfftw3-double3:amd64 (3.3.8-2ubuntu8) ...
#10 1332.7 Selecting previously unselected package libde265-0:amd64.
#10 1332.7 Preparing to unpack .../04-libde265-0_1.0.8-1ubuntu0.3_amd64.deb ...
#10 1332.7 Unpacking libde265-0:amd64 (1.0.8-1ubuntu0.3) ...
#10 1332.7 Selecting previously unselected package libheif1:amd64.
#10 1332.7 Preparing to unpack .../05-libheif1_1.12.0-2build1_amd64.deb ...
#10 1332.7 Unpacking libheif1:amd64 (1.12.0-2build1) ...
#10 1332.8 Selecting previously unselected package liblcms2-2:amd64.
#10 1332.8 Preparing to unpack .../06-liblcms2-2_2.12~rc1-2build2_amd64.deb ...
#10 1332.8 Unpacking liblcms2-2:amd64 (2.12~rc1-2build2) ...
#10 1332.8 Selecting previously unselected package liblqr-1-0:amd64.
#10 1332.8 Preparing to unpack .../07-liblqr-1-0_0.4.2-2.1_amd64.deb ...
#10 1332.8 Unpacking liblqr-1-0:amd64 (0.4.2-2.1) ...
#10 1332.8 Selecting previously unselected package libltdl7:amd64.
#10 1332.8 Preparing to unpack .../08-libltdl7_2.4.6-15build2_amd64.deb ...
#10 1332.9 Unpacking libltdl7:amd64 (2.4.6-15build2) ...
#10 1332.9 Selecting previously unselected package libwebpdemux2:amd64.
#10 1332.9 Preparing to unpack .../09-libwebpdemux2_1.2.2-2ubuntu0.22.04.2_amd64.deb ...
#10 1332.9 Unpacking libwebpdemux2:amd64 (1.2.2-2ubuntu0.22.04.2) ...
#10 1332.9 Selecting previously unselected package imagemagick-6-common.
#10 1332.9 Preparing to unpack .../10-imagemagick-6-common_8%3a6.9.11.60+dfsg-1.3ubuntu0.22.04.5_all.deb ...
#10 1332.9 Unpacking imagemagick-6-common (8:6.9.11.60+dfsg-1.3ubuntu0.22.04.5) ...
#10 1333.0 Selecting previously unselected package libmagickcore-6.q16-6:amd64.
#10 1333.0 Preparing to unpack .../11-libmagickcore-6.q16-6_8%3a6.9.11.60+dfsg-1.3ubuntu0.22.04.5_amd64.deb ...
#10 1333.0 Unpacking libmagickcore-6.q16-6:amd64 (8:6.9.11.60+dfsg-1.3ubuntu0.22.04.5) ...
#10 1333.1 Selecting previously unselected package libmagickwand-6.q16-6:amd64.
#10 1333.1 Preparing to unpack .../12-libmagickwand-6.q16-6_8%3a6.9.11.60+dfsg-1.3ubuntu0.22.04.5_amd64.deb ...
#10 1333.1 Unpacking libmagickwand-6.q16-6:amd64 (8:6.9.11.60+dfsg-1.3ubuntu0.22.04.5) ...
#10 1333.1 Selecting previously unselected package psmisc.
#10 1333.1 Preparing to unpack .../13-psmisc_23.4-2build3_amd64.deb ...
#10 1333.1 Unpacking psmisc (23.4-2build3) ...
#10 1333.2 Selecting previously unselected package php-common.
#10 1333.2 Preparing to unpack .../14-php-common_2%3a100~+ubuntu22.04.1+deb.sury.org+1_all.deb ...
#10 1333.2 Unpacking php-common (2:100~+ubuntu22.04.1+deb.sury.org+1) ...
#10 1333.2 Selecting previously unselected package php8.5-common.
#10 1333.2 Preparing to unpack .../15-php8.5-common_8.5.1-1+ubuntu22.04.1+deb.sury.org+1_amd64.deb ...
#10 1333.2 Unpacking php8.5-common (8.5.1-1+ubuntu22.04.1+deb.sury.org+1) ...
#10 1333.3 Selecting previously unselected package php8.5-readline.
#10 1333.3 Preparing to unpack .../16-php8.5-readline_8.5.1-1+ubuntu22.04.1+deb.sury.org+1_amd64.deb ...
#10 1333.3 Unpacking php8.5-readline (8.5.1-1+ubuntu22.04.1+deb.sury.org+1) ...
#10 1333.4 Selecting previously unselected package tzdata.
#10 1333.4 Preparing to unpack .../17-tzdata_2025b-0ubuntu0.22.04.1_all.deb ...
#10 1333.4 Unpacking tzdata (2025b-0ubuntu0.22.04.1) ...
#10 1333.6 Selecting previously unselected package libargon2-1:amd64.
#10 1333.6 Preparing to unpack .../18-libargon2-1_0~20171227-0.3_amd64.deb ...
#10 1333.6 Unpacking libargon2-1:amd64 (0~20171227-0.3) ...
#10 1333.7 Preparing to unpack .../19-libpcre2-8-0_10.42-3+ubuntu22.04.1+deb.sury.org+1_amd64.deb ...
#10 1333.7 Unpacking libpcre2-8-0:amd64 (10.42-3+ubuntu22.04.1+deb.sury.org+1) over (10.39-3ubuntu0.1) ...
#10 1333.7 Setting up libpcre2-8-0:amd64 (10.42-3+ubuntu22.04.1+deb.sury.org+1) ...
#10 1333.8 Selecting previously unselected package php8.5-cli.
#10 1333.8 (Reading database ... 
(Reading database ... 5%
(Reading database ... 10%
(Reading database ... 15%
(Reading database ... 20%
(Reading database ... 25%
(Reading database ... 30%
(Reading database ... 35%
(Reading database ... 40%
(Reading database ... 45%
(Reading database ... 50%
(Reading database ... 55%
(Reading database ... 60%
(Reading database ... 65%
(Reading database ... 70%
(Reading database ... 75%
(Reading database ... 80%
(Reading database ... 85%
(Reading database ... 90%
(Reading database ... 95%
(Reading database ... 100%
(Reading database ... 19109 files and directories currently installed.)
#10 1333.8 Preparing to unpack .../php8.5-cli_8.5.1-1+ubuntu22.04.1+deb.sury.org+1_amd64.deb ...
#10 1333.8 Unpacking php8.5-cli (8.5.1-1+ubuntu22.04.1+deb.sury.org+1) ...
#10 1333.9 Setting up psmisc (23.4-2build3) ...
#10 1333.9 Setting up php-common (2:100~+ubuntu22.04.1+deb.sury.org+1) ...
#10 1334.1 Selecting previously unselected package php8.5-igbinary.
#10 1334.1 (Reading database ... 
(Reading database ... 5%
(Reading database ... 10%
(Reading database ... 15%
(Reading database ... 20%
(Reading database ... 25%
(Reading database ... 30%
(Reading database ... 35%
(Reading database ... 40%
(Reading database ... 45%
(Reading database ... 50%
(Reading database ... 55%
(Reading database ... 60%
(Reading database ... 65%
(Reading database ... 70%
(Reading database ... 75%
(Reading database ... 80%
(Reading database ... 85%
(Reading database ... 90%
(Reading database ... 95%
(Reading database ... 100%
(Reading database ... 19126 files and directories currently installed.)
#10 1334.1 Preparing to unpack .../000-php8.5-igbinary_3.2.16-6+ubuntu22.04.1+deb.sury.org+1_amd64.deb ...
#10 1334.1 Unpacking php8.5-igbinary (3.2.16-6+ubuntu22.04.1+deb.sury.org+1) ...
#10 1334.1 Selecting previously unselected package php8.5-imagick.
#10 1334.1 Preparing to unpack .../001-php8.5-imagick_3.8.1-1+ubuntu22.04.1+deb.sury.org+1_amd64.deb ...
#10 1334.1 Unpacking php8.5-imagick (3.8.1-1+ubuntu22.04.1+deb.sury.org+1) ...
#10 1334.2 Selecting previously unselected package mlock.
#10 1334.2 Preparing to unpack .../002-mlock_8%3a2007f~dfsg-7build1_amd64.deb ...
#10 1334.2 Unpacking mlock (8:2007f~dfsg-7build1) ...
#10 1334.2 Selecting previously unselected package libc-client2007e.
#10 1334.2 Preparing to unpack .../003-libc-client2007e_8%3a2007f~dfsg-7build1_amd64.deb ...
#10 1334.2 Unpacking libc-client2007e (8:2007f~dfsg-7build1) ...
#10 1334.3 Selecting previously unselected package php8.5-imap.
#10 1334.3 Preparing to unpack .../004-php8.5-imap_3%3a1.0.3-2+ubuntu22.04.1+deb.sury.org+1_amd64.deb ...
#10 1334.3 Unpacking php8.5-imap (3:1.0.3-2+ubuntu22.04.1+deb.sury.org+1) ...
#10 1334.3 Selecting previously unselected package php8.5-msgpack.
#10 1334.3 Preparing to unpack .../005-php8.5-msgpack_1%3a3.0.0-2+ubuntu22.04.1+deb.sury.org+1_amd64.deb ...
#10 1334.3 Unpacking php8.5-msgpack (1:3.0.0-2+ubuntu22.04.1+deb.sury.org+1) ...
#10 1334.4 Selecting previously unselected package libhashkit2:amd64.
#10 1334.4 Preparing to unpack .../006-libhashkit2_1.1.4-1+ubuntu22.04.1+deb.sury.org+1_amd64.deb ...
#10 1334.4 Unpacking libhashkit2:amd64 (1.1.4-1+ubuntu22.04.1+deb.sury.org+1) ...
#10 1334.4 Selecting previously unselected package libmemcached11:amd64.
#10 1334.4 Preparing to unpack .../007-libmemcached11_1.1.4-1+ubuntu22.04.1+deb.sury.org+1_amd64.deb ...
#10 1334.4 Unpacking libmemcached11:amd64 (1.1.4-1+ubuntu22.04.1+deb.sury.org+1) ...
#10 1334.5 Selecting previously unselected package php8.5-memcached.
#10 1334.5 Preparing to unpack .../008-php8.5-memcached_3.4.0-1+ubuntu22.04.1+deb.sury.org+1_amd64.deb ...
#10 1334.5 Unpacking php8.5-memcached (3.4.0-1+ubuntu22.04.1+deb.sury.org+1) ...
#10 1334.5 Selecting previously unselected package php8.5-mongodb.
#10 1334.5 Preparing to unpack .../009-php8.5-mongodb_2.1.4-4+ubuntu22.04.1+deb.sury.org+1_amd64.deb ...
#10 1334.5 Unpacking php8.5-mongodb (2.1.4-4+ubuntu22.04.1+deb.sury.org+1) ...
#10 1334.6 Selecting previously unselected package php8.5-pcov.
#10 1334.6 Preparing to unpack .../010-php8.5-pcov_1.0.12-2+ubuntu22.04.1+deb.sury.org+1_amd64.deb ...
#10 1334.6 Unpacking php8.5-pcov (1.0.12-2+ubuntu22.04.1+deb.sury.org+1) ...
#10 1334.6 Selecting previously unselected package php8.5-redis.
#10 1334.6 Preparing to unpack .../011-php8.5-redis_6.3.0-2+ubuntu22.04.1+deb.sury.org+1_amd64.deb ...
#10 1334.6 Unpacking php8.5-redis (6.3.0-2+ubuntu22.04.1+deb.sury.org+1) ...
#10 1334.7 Selecting previously unselected package php8.5-xdebug.
#10 1334.7 Preparing to unpack .../012-php8.5-xdebug_3.5.0-1+ubuntu22.04.1+deb.sury.org+1_amd64.deb ...
#10 1334.7 Unpacking php8.5-xdebug (3.5.0-1+ubuntu22.04.1+deb.sury.org+1) ...
#10 1334.7 Selecting previously unselected package poppler-data.
#10 1334.7 Preparing to unpack .../013-poppler-data_0.4.11-1_all.deb ...
#10 1334.7 Unpacking poppler-data (0.4.11-1) ...
#10 1334.9 Selecting previously unselected package bsdextrautils.
#10 1334.9 Preparing to unpack .../014-bsdextrautils_2.37.2-4ubuntu3.4_amd64.deb ...
#10 1334.9 Unpacking bsdextrautils (2.37.2-4ubuntu3.4) ...
#10 1334.9 Selecting previously unselected package libmagic-mgc.
#10 1334.9 Preparing to unpack .../015-libmagic-mgc_1%3a5.41-3ubuntu0.1_amd64.deb ...
#10 1334.9 Unpacking libmagic-mgc (1:5.41-3ubuntu0.1) ...
#10 1335.0 Selecting previously unselected package libmagic1:amd64.
#10 1335.0 Preparing to unpack .../016-libmagic1_1%3a5.41-3ubuntu0.1_amd64.deb ...
#10 1335.0 Unpacking libmagic1:amd64 (1:5.41-3ubuntu0.1) ...
#10 1335.0 Selecting previously unselected package file.
#10 1335.0 Preparing to unpack .../017-file_1%3a5.41-3ubuntu0.1_amd64.deb ...
#10 1335.0 Unpacking file (1:5.41-3ubuntu0.1) ...
#10 1335.1 Selecting previously unselected package gettext-base.
#10 1335.1 Preparing to unpack .../018-gettext-base_0.21-4ubuntu4_amd64.deb ...
#10 1335.1 Unpacking gettext-base (0.21-4ubuntu4) ...
#10 1335.1 Selecting previously unselected package libuchardet0:amd64.
#10 1335.1 Preparing to unpack .../019-libuchardet0_0.0.7-1build2_amd64.deb ...
#10 1335.1 Unpacking libuchardet0:amd64 (0.0.7-1build2) ...
#10 1335.2 Selecting previously unselected package groff-base.
#10 1335.2 Preparing to unpack .../020-groff-base_1.22.4-8build1_amd64.deb ...
#10 1335.2 Unpacking groff-base (1.22.4-8build1) ...
#10 1335.2 Selecting previously unselected package libpipeline1:amd64.
#10 1335.2 Preparing to unpack .../021-libpipeline1_1.5.5-1_amd64.deb ...
#10 1335.2 Unpacking libpipeline1:amd64 (1.5.5-1) ...
#10 1335.3 Selecting previously unselected package man-db.
#10 1335.3 Preparing to unpack .../022-man-db_2.10.2-1_amd64.deb ...
#10 1335.3 Unpacking man-db (2.10.2-1) ...
#10 1335.4 Selecting previously unselected package xz-utils.
#10 1335.4 Preparing to unpack .../023-xz-utils_5.2.5-2ubuntu1_amd64.deb ...
#10 1335.4 Unpacking xz-utils (5.2.5-2ubuntu1) ...
#10 1335.4 Selecting previously unselected package libsigsegv2:amd64.
#10 1335.4 Preparing to unpack .../024-libsigsegv2_2.13-1ubuntu3_amd64.deb ...
#10 1335.4 Unpacking libsigsegv2:amd64 (2.13-1ubuntu3) ...
#10 1335.4 Selecting previously unselected package m4.
#10 1335.4 Preparing to unpack .../025-m4_1.4.18-5ubuntu2_amd64.deb ...
#10 1335.4 Unpacking m4 (1.4.18-5ubuntu2) ...
#10 1335.5 Selecting previously unselected package autoconf.
#10 1335.5 Preparing to unpack .../026-autoconf_2.71-2_all.deb ...
#10 1335.5 Unpacking autoconf (2.71-2) ...
#10 1335.5 Selecting previously unselected package autotools-dev.
#10 1335.5 Preparing to unpack .../027-autotools-dev_20220109.1_all.deb ...
#10 1335.5 Unpacking autotools-dev (20220109.1) ...
#10 1335.6 Selecting previously unselected package automake.
#10 1335.6 Preparing to unpack .../028-automake_1%3a1.16.5-1.3_all.deb ...
#10 1335.6 Unpacking automake (1:1.16.5-1.3) ...
#10 1335.6 Selecting previously unselected package autopoint.
#10 1335.6 Preparing to unpack .../029-autopoint_0.21-4ubuntu4_all.deb ...
#10 1335.7 Unpacking autopoint (0.21-4ubuntu4) ...
#10 1335.7 Selecting previously unselected package binutils-common:amd64.
#10 1335.7 Preparing to unpack .../030-binutils-common_2.38-4ubuntu2.12_amd64.deb ...
#10 1335.7 Unpacking binutils-common:amd64 (2.38-4ubuntu2.12) ...
#10 1335.7 Selecting previously unselected package libbinutils:amd64.
#10 1335.7 Preparing to unpack .../031-libbinutils_2.38-4ubuntu2.12_amd64.deb ...
#10 1335.7 Unpacking libbinutils:amd64 (2.38-4ubuntu2.12) ...
#10 1335.8 Selecting previously unselected package libctf-nobfd0:amd64.
#10 1335.8 Preparing to unpack .../032-libctf-nobfd0_2.38-4ubuntu2.12_amd64.deb ...
#10 1335.8 Unpacking libctf-nobfd0:amd64 (2.38-4ubuntu2.12) ...
#10 1335.8 Selecting previously unselected package libctf0:amd64.
#10 1335.8 Preparing to unpack .../033-libctf0_2.38-4ubuntu2.12_amd64.deb ...
#10 1335.8 Unpacking libctf0:amd64 (2.38-4ubuntu2.12) ...
#10 1335.9 Selecting previously unselected package binutils-x86-64-linux-gnu.
#10 1335.9 Preparing to unpack .../034-binutils-x86-64-linux-gnu_2.38-4ubuntu2.12_amd64.deb ...
#10 1335.9 Unpacking binutils-x86-64-linux-gnu (2.38-4ubuntu2.12) ...
#10 1336.0 Selecting previously unselected package binutils.
#10 1336.0 Preparing to unpack .../035-binutils_2.38-4ubuntu2.12_amd64.deb ...
#10 1336.0 Unpacking binutils (2.38-4ubuntu2.12) ...
#10 1336.0 Selecting previously unselected package gcc-11-base:amd64.
#10 1336.0 Preparing to unpack .../036-gcc-11-base_11.4.0-1ubuntu1~22.04.2_amd64.deb ...
#10 1336.0 Unpacking gcc-11-base:amd64 (11.4.0-1ubuntu1~22.04.2) ...
#10 1336.1 Selecting previously unselected package libisl23:amd64.
#10 1336.1 Preparing to unpack .../037-libisl23_0.24-2build1_amd64.deb ...
#10 1336.1 Unpacking libisl23:amd64 (0.24-2build1) ...
#10 1336.1 Selecting previously unselected package libmpfr6:amd64.
#10 1336.1 Preparing to unpack .../038-libmpfr6_4.1.0-3build3_amd64.deb ...
#10 1336.1 Unpacking libmpfr6:amd64 (4.1.0-3build3) ...
#10 1336.2 Selecting previously unselected package libmpc3:amd64.
#10 1336.2 Preparing to unpack .../039-libmpc3_1.2.1-2build1_amd64.deb ...
#10 1336.2 Unpacking libmpc3:amd64 (1.2.1-2build1) ...
#10 1336.2 Selecting previously unselected package cpp-11.
#10 1336.2 Preparing to unpack .../040-cpp-11_11.4.0-1ubuntu1~22.04.2_amd64.deb ...
#10 1336.2 Unpacking cpp-11 (11.4.0-1ubuntu1~22.04.2) ...
#10 1336.4 Selecting previously unselected package cpp.
#10 1336.4 Preparing to unpack .../041-cpp_4%3a11.2.0-1ubuntu1_amd64.deb ...
#10 1336.4 Unpacking cpp (4:11.2.0-1ubuntu1) ...
#10 1336.4 Selecting previously unselected package libcc1-0:amd64.
#10 1336.4 Preparing to unpack .../042-libcc1-0_12.3.0-1ubuntu1~22.04.2_amd64.deb ...
#10 1336.4 Unpacking libcc1-0:amd64 (12.3.0-1ubuntu1~22.04.2) ...
#10 1336.5 Selecting previously unselected package libitm1:amd64.
#10 1336.5 Preparing to unpack .../043-libitm1_12.3.0-1ubuntu1~22.04.2_amd64.deb ...
#10 1336.5 Unpacking libitm1:amd64 (12.3.0-1ubuntu1~22.04.2) ...
#10 1336.5 Selecting previously unselected package libatomic1:amd64.
#10 1336.5 Preparing to unpack .../044-libatomic1_12.3.0-1ubuntu1~22.04.2_amd64.deb ...
#10 1336.5 Unpacking libatomic1:amd64 (12.3.0-1ubuntu1~22.04.2) ...
#10 1336.6 Selecting previously unselected package libasan6:amd64.
#10 1336.6 Preparing to unpack .../045-libasan6_11.4.0-1ubuntu1~22.04.2_amd64.deb ...
#10 1336.6 Unpacking libasan6:amd64 (11.4.0-1ubuntu1~22.04.2) ...
#10 1336.6 Selecting previously unselected package liblsan0:amd64.
#10 1336.6 Preparing to unpack .../046-liblsan0_12.3.0-1ubuntu1~22.04.2_amd64.deb ...
#10 1336.7 Unpacking liblsan0:amd64 (12.3.0-1ubuntu1~22.04.2) ...
#10 1336.7 Selecting previously unselected package libtsan0:amd64.
#10 1336.7 Preparing to unpack .../047-libtsan0_11.4.0-1ubuntu1~22.04.2_amd64.deb ...
#10 1336.7 Unpacking libtsan0:amd64 (11.4.0-1ubuntu1~22.04.2) ...
#10 1336.8 Selecting previously unselected package libubsan1:amd64.
#10 1336.8 Preparing to unpack .../048-libubsan1_12.3.0-1ubuntu1~22.04.2_amd64.deb ...
#10 1336.8 Unpacking libubsan1:amd64 (12.3.0-1ubuntu1~22.04.2) ...
#10 1336.8 Selecting previously unselected package libgcc-11-dev:amd64.
#10 1336.8 Preparing to unpack .../049-libgcc-11-dev_11.4.0-1ubuntu1~22.04.2_amd64.deb ...
#10 1336.8 Unpacking libgcc-11-dev:amd64 (11.4.0-1ubuntu1~22.04.2) ...
#10 1336.9 Selecting previously unselected package gcc-11.
#10 1336.9 Preparing to unpack .../050-gcc-11_11.4.0-1ubuntu1~22.04.2_amd64.deb ...
#10 1336.9 Unpacking gcc-11 (11.4.0-1ubuntu1~22.04.2) ...
#10 1337.2 Selecting previously unselected package gcc.
#10 1337.2 Preparing to unpack .../051-gcc_4%3a11.2.0-1ubuntu1_amd64.deb ...
#10 1337.2 Unpacking gcc (4:11.2.0-1ubuntu1) ...
#10 1337.3 Selecting previously unselected package libstdc++-11-dev:amd64.
#10 1337.3 Preparing to unpack .../052-libstdc++-11-dev_11.4.0-1ubuntu1~22.04.2_amd64.deb ...
#10 1337.3 Unpacking libstdc++-11-dev:amd64 (11.4.0-1ubuntu1~22.04.2) ...
#10 1337.5 Selecting previously unselected package g++-11.
#10 1337.5 Preparing to unpack .../053-g++-11_11.4.0-1ubuntu1~22.04.2_amd64.deb ...
#10 1337.5 Unpacking g++-11 (11.4.0-1ubuntu1~22.04.2) ...
#10 1337.7 Selecting previously unselected package g++.
#10 1337.7 Preparing to unpack .../054-g++_4%3a11.2.0-1ubuntu1_amd64.deb ...
#10 1337.7 Unpacking g++ (4:11.2.0-1ubuntu1) ...
#10 1337.7 Selecting previously unselected package make.
#10 1337.7 Preparing to unpack .../055-make_4.3-4.1build1_amd64.deb ...
#10 1337.7 Unpacking make (4.3-4.1build1) ...
#10 1337.7 Selecting previously unselected package libdpkg-perl.
#10 1337.7 Preparing to unpack .../056-libdpkg-perl_1.21.1ubuntu2.6_all.deb ...
#10 1337.8 Unpacking libdpkg-perl (1.21.1ubuntu2.6) ...
#10 1337.8 Selecting previously unselected package bzip2.
#10 1337.8 Preparing to unpack .../057-bzip2_1.0.8-5build1_amd64.deb ...
#10 1337.8 Unpacking bzip2 (1.0.8-5build1) ...
#10 1337.8 Selecting previously unselected package lto-disabled-list.
#10 1337.8 Preparing to unpack .../058-lto-disabled-list_24_all.deb ...
#10 1337.8 Unpacking lto-disabled-list (24) ...
#10 1337.9 Selecting previously unselected package dpkg-dev.
#10 1337.9 Preparing to unpack .../059-dpkg-dev_1.21.1ubuntu2.6_all.deb ...
#10 1337.9 Unpacking dpkg-dev (1.21.1ubuntu2.6) ...
#10 1337.9 Selecting previously unselected package build-essential.
#10 1337.9 Preparing to unpack .../060-build-essential_12.9ubuntu3_amd64.deb ...
#10 1337.9 Unpacking build-essential (12.9ubuntu3) ...
#10 1338.0 Selecting previously unselected package libdebhelper-perl.
#10 1338.0 Preparing to unpack .../061-libdebhelper-perl_13.6ubuntu1_all.deb ...
#10 1338.0 Unpacking libdebhelper-perl (13.6ubuntu1) ...
#10 1338.0 Selecting previously unselected package libtool.
#10 1338.0 Preparing to unpack .../062-libtool_2.4.6-15build2_all.deb ...
#10 1338.0 Unpacking libtool (2.4.6-15build2) ...
#10 1338.1 Selecting previously unselected package dh-autoreconf.
#10 1338.1 Preparing to unpack .../063-dh-autoreconf_20_all.deb ...
#10 1338.1 Unpacking dh-autoreconf (20) ...
#10 1338.1 Selecting previously unselected package libarchive-zip-perl.
#10 1338.1 Preparing to unpack .../064-libarchive-zip-perl_1.68-1_all.deb ...
#10 1338.1 Unpacking libarchive-zip-perl (1.68-1) ...
#10 1338.1 Selecting previously unselected package libsub-override-perl.
#10 1338.1 Preparing to unpack .../065-libsub-override-perl_0.09-2_all.deb ...
#10 1338.2 Unpacking libsub-override-perl (0.09-2) ...
#10 1338.2 Selecting previously unselected package libfile-stripnondeterminism-perl.
#10 1338.2 Preparing to unpack .../066-libfile-stripnondeterminism-perl_1.13.0-1_all.deb ...
#10 1338.2 Unpacking libfile-stripnondeterminism-perl (1.13.0-1) ...
#10 1338.2 Selecting previously unselected package dh-strip-nondeterminism.
#10 1338.2 Preparing to unpack .../067-dh-strip-nondeterminism_1.13.0-1_all.deb ...
#10 1338.2 Unpacking dh-strip-nondeterminism (1.13.0-1) ...
#10 1338.3 Selecting previously unselected package libdw1:amd64.
#10 1338.3 Preparing to unpack .../068-libdw1_0.186-1ubuntu0.1_amd64.deb ...
#10 1338.3 Unpacking libdw1:amd64 (0.186-1ubuntu0.1) ...
#10 1338.3 Selecting previously unselected package debugedit.
#10 1338.3 Preparing to unpack .../069-debugedit_1%3a5.0-4build1_amd64.deb ...
#10 1338.3 Unpacking debugedit (1:5.0-4build1) ...
#10 1338.3 Selecting previously unselected package dwz.
#10 1338.3 Preparing to unpack .../070-dwz_0.14-1build2_amd64.deb ...
#10 1338.4 Unpacking dwz (0.14-1build2) ...
#10 1338.4 Selecting previously unselected package gettext.
#10 1338.4 Preparing to unpack .../071-gettext_0.21-4ubuntu4_amd64.deb ...
#10 1338.4 Unpacking gettext (0.21-4ubuntu4) ...
#10 1338.4 Selecting previously unselected package intltool-debian.
#10 1338.5 Preparing to unpack .../072-intltool-debian_0.35.0+20060710.5_all.deb ...
#10 1338.5 Unpacking intltool-debian (0.35.0+20060710.5) ...
#10 1338.5 Selecting previously unselected package po-debconf.
#10 1338.5 Preparing to unpack .../073-po-debconf_1.0.21+nmu1_all.deb ...
#10 1338.5 Unpacking po-debconf (1.0.21+nmu1) ...
#10 1338.6 Selecting previously unselected package debhelper.
#10 1338.6 Preparing to unpack .../074-debhelper_13.6ubuntu1_all.deb ...
#10 1338.6 Unpacking debhelper (13.6ubuntu1) ...
#10 1338.6 Selecting previously unselected package libfakeroot:amd64.
#10 1338.6 Preparing to unpack .../075-libfakeroot_1.28-1ubuntu1_amd64.deb ...
#10 1338.7 Unpacking libfakeroot:amd64 (1.28-1ubuntu1) ...
#10 1338.7 Selecting previously unselected package fakeroot.
#10 1338.7 Preparing to unpack .../076-fakeroot_1.28-1ubuntu1_amd64.deb ...
#10 1338.7 Unpacking fakeroot (1.28-1ubuntu1) ...
#10 1338.7 Selecting previously unselected package fonts-noto-mono.
#10 1338.7 Preparing to unpack .../077-fonts-noto-mono_20201225-1build1_all.deb ...
#10 1338.7 Unpacking fonts-noto-mono (20201225-1build1) ...
#10 1338.8 Selecting previously unselected package fonts-urw-base35.
#10 1338.8 Preparing to unpack .../078-fonts-urw-base35_20200910-1_all.deb ...
#10 1338.9 Unpacking fonts-urw-base35 (20200910-1) ...
#10 1339.2 Selecting previously unselected package libgs9-common.
#10 1339.2 Preparing to unpack .../079-libgs9-common_9.55.0~dfsg1-0ubuntu5.13_all.deb ...
#10 1339.2 Unpacking libgs9-common (9.55.0~dfsg1-0ubuntu5.13) ...
#10 1339.3 Selecting previously unselected package libavahi-common-data:amd64.
#10 1339.3 Preparing to unpack .../080-libavahi-common-data_0.8-5ubuntu5.3_amd64.deb ...
#10 1339.3 Unpacking libavahi-common-data:amd64 (0.8-5ubuntu5.3) ...
#10 1339.3 Selecting previously unselected package libavahi-common3:amd64.
#10 1339.3 Preparing to unpack .../081-libavahi-common3_0.8-5ubuntu5.3_amd64.deb ...
#10 1339.3 Unpacking libavahi-common3:amd64 (0.8-5ubuntu5.3) ...
#10 1339.4 Selecting previously unselected package libavahi-client3:amd64.
#10 1339.4 Preparing to unpack .../082-libavahi-client3_0.8-5ubuntu5.3_amd64.deb ...
#10 1339.4 Unpacking libavahi-client3:amd64 (0.8-5ubuntu5.3) ...
#10 1339.4 Selecting previously unselected package libcups2:amd64.
#10 1339.4 Preparing to unpack .../083-libcups2_2.4.1op1-1ubuntu4.16_amd64.deb ...
#10 1339.4 Unpacking libcups2:amd64 (2.4.1op1-1ubuntu4.16) ...
#10 1339.5 Selecting previously unselected package libidn12:amd64.
#10 1339.5 Preparing to unpack .../084-libidn12_1.38-4ubuntu1_amd64.deb ...
#10 1339.5 Unpacking libidn12:amd64 (1.38-4ubuntu1) ...
#10 1339.5 Selecting previously unselected package libijs-0.35:amd64.
#10 1339.5 Preparing to unpack .../085-libijs-0.35_0.35-15build2_amd64.deb ...
#10 1339.5 Unpacking libijs-0.35:amd64 (0.35-15build2) ...
#10 1339.6 Selecting previously unselected package libjbig2dec0:amd64.
#10 1339.6 Preparing to unpack .../086-libjbig2dec0_0.19-3build2_amd64.deb ...
#10 1339.6 Unpacking libjbig2dec0:amd64 (0.19-3build2) ...
#10 1339.6 Selecting previously unselected package libpaper1:amd64.
#10 1339.6 Preparing to unpack .../087-libpaper1_1.1.28build2_amd64.deb ...
#10 1339.6 Unpacking libpaper1:amd64 (1.1.28build2) ...
#10 1339.7 Selecting previously unselected package libgs9:amd64.
#10 1339.7 Preparing to unpack .../088-libgs9_9.55.0~dfsg1-0ubuntu5.13_amd64.deb ...
#10 1339.7 Unpacking libgs9:amd64 (9.55.0~dfsg1-0ubuntu5.13) ...
#10 1339.9 Selecting previously unselected package ghostscript.
#10 1339.9 Preparing to unpack .../089-ghostscript_9.55.0~dfsg1-0ubuntu5.13_amd64.deb ...
#10 1339.9 Unpacking ghostscript (9.55.0~dfsg1-0ubuntu5.13) ...
#10 1339.9 Selecting previously unselected package gsfonts.
#10 1339.9 Preparing to unpack .../090-gsfonts_1%3a8.11+urwcyr1.0.7~pre44-4.5_all.deb ...
#10 1339.9 Unpacking gsfonts (1:8.11+urwcyr1.0.7~pre44-4.5) ...
#10 1340.1 Selecting previously unselected package libabsl20210324:amd64.
#10 1340.1 Preparing to unpack .../091-libabsl20210324_0~20210324.2-2ubuntu0.2_amd64.deb ...
#10 1340.1 Unpacking libabsl20210324:amd64 (0~20210324.2-2ubuntu0.2) ...
#10 1340.2 Selecting previously unselected package libalgorithm-diff-perl.
#10 1340.2 Preparing to unpack .../092-libalgorithm-diff-perl_1.201-1_all.deb ...
#10 1340.2 Unpacking libalgorithm-diff-perl (1.201-1) ...
#10 1340.2 Selecting previously unselected package libalgorithm-diff-xs-perl.
#10 1340.2 Preparing to unpack .../093-libalgorithm-diff-xs-perl_0.04-6build3_amd64.deb ...
#10 1340.2 Unpacking libalgorithm-diff-xs-perl (0.04-6build3) ...
#10 1340.3 Selecting previously unselected package libalgorithm-merge-perl.
#10 1340.3 Preparing to unpack .../094-libalgorithm-merge-perl_0.08-3_all.deb ...
#10 1340.3 Unpacking libalgorithm-merge-perl (0.08-3) ...
#10 1340.3 Selecting previously unselected package libarchive-cpio-perl.
#10 1340.3 Preparing to unpack .../095-libarchive-cpio-perl_0.10-1.1_all.deb ...
#10 1340.3 Unpacking libarchive-cpio-perl (0.10-1.1) ...
#10 1340.4 Selecting previously unselected package libgav1-0:amd64.
#10 1340.4 Preparing to unpack .../096-libgav1-0_0.17.0-1build1_amd64.deb ...
#10 1340.4 Unpacking libgav1-0:amd64 (0.17.0-1build1) ...
#10 1340.4 Selecting previously unselected package libyuv0:amd64.
#10 1340.4 Preparing to unpack .../097-libyuv0_0.0~git20220104.b91df1a-2_amd64.deb ...
#10 1340.4 Unpacking libyuv0:amd64 (0.0~git20220104.b91df1a-2) ...
#10 1340.4 Selecting previously unselected package libavif13:amd64.
#10 1340.4 Preparing to unpack .../098-libavif13_0.9.3-3_amd64.deb ...
#10 1340.4 Unpacking libavif13:amd64 (0.9.3-3) ...
#10 1340.5 Selecting previously unselected package libfile-fcntllock-perl.
#10 1340.5 Preparing to unpack .../099-libfile-fcntllock-perl_0.22-3build7_amd64.deb ...
#10 1340.5 Unpacking libfile-fcntllock-perl (0.22-3build7) ...
#10 1340.5 Selecting previously unselected package libimagequant0:amd64.
#10 1340.5 Preparing to unpack .../100-libimagequant0_2.17.0-1_amd64.deb ...
#10 1340.5 Unpacking libimagequant0:amd64 (2.17.0-1) ...
#10 1340.6 Preparing to unpack .../101-libgd3_2.3.3-13+ubuntu22.04.1+deb.sury.org+1_amd64.deb ...
#10 1340.6 Unpacking libgd3:amd64 (2.3.3-13+ubuntu22.04.1+deb.sury.org+1) over (2.3.0-2ubuntu2.3) ...
#10 1340.6 Selecting previously unselected package libltdl-dev:amd64.
#10 1340.6 Preparing to unpack .../102-libltdl-dev_2.4.6-15build2_amd64.deb ...
#10 1340.6 Unpacking libltdl-dev:amd64 (2.4.6-15build2) ...
#10 1340.7 Selecting previously unselected package libsys-hostname-long-perl.
#10 1340.7 Preparing to unpack .../103-libsys-hostname-long-perl_1.5-2_all.deb ...
#10 1340.7 Unpacking libsys-hostname-long-perl (1.5-2) ...
#10 1340.7 Selecting previously unselected package libmail-sendmail-perl.
#10 1340.7 Preparing to unpack .../104-libmail-sendmail-perl_0.80-1.1_all.deb ...
#10 1340.7 Unpacking libmail-sendmail-perl (0.80-1.1) ...
#10 1340.7 Selecting previously unselected package libonig5:amd64.
#10 1340.7 Preparing to unpack .../105-libonig5_6.9.7.1-2build1_amd64.deb ...
#10 1340.7 Unpacking libonig5:amd64 (6.9.7.1-2build1) ...
#10 1340.8 Selecting previously unselected package libpaper-utils.
#10 1340.8 Preparing to unpack .../106-libpaper-utils_1.1.28build2_amd64.deb ...
#10 1340.8 Unpacking libpaper-utils (1.1.28build2) ...
#10 1340.8 Selecting previously unselected package libpcre2-16-0:amd64.
#10 1340.8 Preparing to unpack .../107-libpcre2-16-0_10.42-3+ubuntu22.04.1+deb.sury.org+1_amd64.deb ...
#10 1340.8 Unpacking libpcre2-16-0:amd64 (10.42-3+ubuntu22.04.1+deb.sury.org+1) ...
#10 1340.9 Selecting previously unselected package libpcre2-32-0:amd64.
#10 1340.9 Preparing to unpack .../108-libpcre2-32-0_10.42-3+ubuntu22.04.1+deb.sury.org+1_amd64.deb ...
#10 1340.9 Unpacking libpcre2-32-0:amd64 (10.42-3+ubuntu22.04.1+deb.sury.org+1) ...
#10 1340.9 Selecting previously unselected package libpcre2-posix3:amd64.
#10 1340.9 Preparing to unpack .../109-libpcre2-posix3_10.42-3+ubuntu22.04.1+deb.sury.org+1_amd64.deb ...
#10 1340.9 Unpacking libpcre2-posix3:amd64 (10.42-3+ubuntu22.04.1+deb.sury.org+1) ...
#10 1340.9 Selecting previously unselected package libpcre2-dev:amd64.
#10 1340.9 Preparing to unpack .../110-libpcre2-dev_10.42-3+ubuntu22.04.1+deb.sury.org+1_amd64.deb ...
#10 1340.9 Unpacking libpcre2-dev:amd64 (10.42-3+ubuntu22.04.1+deb.sury.org+1) ...
#10 1341.0 Selecting previously unselected package libpq5:amd64.
#10 1341.0 Preparing to unpack .../111-libpq5_14.20-0ubuntu0.22.04.1_amd64.deb ...
#10 1341.0 Unpacking libpq5:amd64 (14.20-0ubuntu0.22.04.1) ...
#10 1341.0 Selecting previously unselected package libssl-dev:amd64.
#10 1341.0 Preparing to unpack .../112-libssl-dev_3.0.2-0ubuntu1.20_amd64.deb ...
#10 1341.0 Unpacking libssl-dev:amd64 (3.0.2-0ubuntu1.20) ...
#10 1341.1 Selecting previously unselected package libxslt1.1:amd64.
#10 1341.1 Preparing to unpack .../113-libxslt1.1_1.1.34-4ubuntu0.22.04.4_amd64.deb ...
#10 1341.1 Unpacking libxslt1.1:amd64 (1.1.34-4ubuntu0.22.04.4) ...
#10 1341.2 Selecting previously unselected package libzip4:amd64.
#10 1341.2 Preparing to unpack .../114-libzip4_1.7.3-1ubuntu2_amd64.deb ...
#10 1341.2 Unpacking libzip4:amd64 (1.7.3-1ubuntu2) ...
#10 1341.2 Selecting previously unselected package php8.5-xml.
#10 1341.2 Preparing to unpack .../115-php8.5-xml_8.5.1-1+ubuntu22.04.1+deb.sury.org+1_amd64.deb ...
#10 1341.2 Unpacking php8.5-xml (8.5.1-1+ubuntu22.04.1+deb.sury.org+1) ...
#10 1341.3 Selecting previously unselected package php-pear.
#10 1341.3 Preparing to unpack .../116-php-pear_1%3a1.10.16+submodules+notgz-2+ubuntu22.04.1+deb.sury.org+1_all.deb ...
#10 1341.3 Unpacking php-pear (1:1.10.16+submodules+notgz-2+ubuntu22.04.1+deb.sury.org+1) ...
#10 1341.4 Selecting previously unselected package php8.5-bcmath.
#10 1341.4 Preparing to unpack .../117-php8.5-bcmath_8.5.1-1+ubuntu22.04.1+deb.sury.org+1_amd64.deb ...
#10 1341.4 Unpacking php8.5-bcmath (8.5.1-1+ubuntu22.04.1+deb.sury.org+1) ...
#10 1341.4 Selecting previously unselected package php8.5-curl.
#10 1341.4 Preparing to unpack .../118-php8.5-curl_8.5.1-1+ubuntu22.04.1+deb.sury.org+1_amd64.deb ...
#10 1341.4 Unpacking php8.5-curl (8.5.1-1+ubuntu22.04.1+deb.sury.org+1) ...
#10 1341.5 Selecting previously unselected package pkg-config.
#10 1341.5 Preparing to unpack .../119-pkg-config_0.29.2-1ubuntu3_amd64.deb ...
#10 1341.5 Unpacking pkg-config (0.29.2-1ubuntu3) ...
#10 1341.5 Selecting previously unselected package shtool.
#10 1341.5 Preparing to unpack .../120-shtool_2.0.8-10_all.deb ...
#10 1341.5 Unpacking shtool (2.0.8-10) ...
#10 1341.5 Selecting previously unselected package php8.5-dev.
#10 1341.5 Preparing to unpack .../121-php8.5-dev_8.5.1-1+ubuntu22.04.1+deb.sury.org+1_amd64.deb ...
#10 1341.5 Unpacking php8.5-dev (8.5.1-1+ubuntu22.04.1+deb.sury.org+1) ...
#10 1341.7 Selecting previously unselected package php8.5-gd.
#10 1341.7 Preparing to unpack .../122-php8.5-gd_8.5.1-1+ubuntu22.04.1+deb.sury.org+1_amd64.deb ...
#10 1341.7 Unpacking php8.5-gd (8.5.1-1+ubuntu22.04.1+deb.sury.org+1) ...
#10 1341.7 Selecting previously unselected package php8.5-intl.
#10 1341.7 Preparing to unpack .../123-php8.5-intl_8.5.1-1+ubuntu22.04.1+deb.sury.org+1_amd64.deb ...
#10 1341.7 Unpacking php8.5-intl (8.5.1-1+ubuntu22.04.1+deb.sury.org+1) ...
#10 1341.8 Selecting previously unselected package php8.5-ldap.
#10 1341.8 Preparing to unpack .../124-php8.5-ldap_8.5.1-1+ubuntu22.04.1+deb.sury.org+1_amd64.deb ...
#10 1341.8 Unpacking php8.5-ldap (8.5.1-1+ubuntu22.04.1+deb.sury.org+1) ...
#10 1341.8 Selecting previously unselected package php8.5-mbstring.
#10 1341.8 Preparing to unpack .../125-php8.5-mbstring_8.5.1-1+ubuntu22.04.1+deb.sury.org+1_amd64.deb ...
#10 1341.8 Unpacking php8.5-mbstring (8.5.1-1+ubuntu22.04.1+deb.sury.org+1) ...
#10 1341.8 Selecting previously unselected package php8.5-mysql.
#10 1341.8 Preparing to unpack .../126-php8.5-mysql_8.5.1-1+ubuntu22.04.1+deb.sury.org+1_amd64.deb ...
#10 1341.9 Unpacking php8.5-mysql (8.5.1-1+ubuntu22.04.1+deb.sury.org+1) ...
#10 1341.9 Selecting previously unselected package php8.5-pgsql.
#10 1341.9 Preparing to unpack .../127-php8.5-pgsql_8.5.1-1+ubuntu22.04.1+deb.sury.org+1_amd64.deb ...
#10 1341.9 Unpacking php8.5-pgsql (8.5.1-1+ubuntu22.04.1+deb.sury.org+1) ...
#10 1341.9 Selecting previously unselected package php8.5-soap.
#10 1341.9 Preparing to unpack .../128-php8.5-soap_8.5.1-1+ubuntu22.04.1+deb.sury.org+1_amd64.deb ...
#10 1341.9 Unpacking php8.5-soap (8.5.1-1+ubuntu22.04.1+deb.sury.org+1) ...
#10 1342.0 Selecting previously unselected package php8.5-sqlite3.
#10 1342.0 Preparing to unpack .../129-php8.5-sqlite3_8.5.1-1+ubuntu22.04.1+deb.sury.org+1_amd64.deb ...
#10 1342.0 Unpacking php8.5-sqlite3 (8.5.1-1+ubuntu22.04.1+deb.sury.org+1) ...
#10 1342.0 Selecting previously unselected package php8.5-zip.
#10 1342.0 Preparing to unpack .../130-php8.5-zip_8.5.1-1+ubuntu22.04.1+deb.sury.org+1_amd64.deb ...
#10 1342.0 Unpacking php8.5-zip (8.5.1-1+ubuntu22.04.1+deb.sury.org+1) ...
#10 1342.1 Selecting previously unselected package pkg-php-tools.
#10 1342.1 Preparing to unpack .../131-pkg-php-tools_1.42build1_all.deb ...
#10 1342.1 Unpacking pkg-php-tools (1.42build1) ...
#10 1342.1 Setting up libpipeline1:amd64 (1.5.5-1) ...
#10 1342.1 Setting up shtool (2.0.8-10) ...
#10 1342.2 Setting up liblcms2-2:amd64 (2.12~rc1-2build2) ...
#10 1342.2 Setting up gcc-11-base:amd64 (11.4.0-1ubuntu1~22.04.2) ...
#10 1342.2 Setting up libpaper1:amd64 (1.1.28build2) ...
#10 1342.4 
#10 1342.4 Creating config file /etc/papersize with new version
#10 1342.4 Setting up libdw1:amd64 (0.186-1ubuntu0.1) ...
#10 1342.4 Setting up imagemagick-6-common (8:6.9.11.60+dfsg-1.3ubuntu0.22.04.5) ...
#10 1342.5 Setting up lto-disabled-list (24) ...
#10 1342.5 Setting up fonts-noto-mono (20201225-1build1) ...
#10 1342.5 Setting up bsdextrautils (2.37.2-4ubuntu3.4) ...
#10 1342.5 update-alternatives: using /usr/bin/write.ul to provide /usr/bin/write (write) in auto mode
#10 1342.5 update-alternatives: warning: skip creation of /usr/share/man/man1/write.1.gz because associated file /usr/share/man/man1/write.ul.1.gz (of link group write) doesn't exist
#10 1342.5 Setting up libmagic-mgc (1:5.41-3ubuntu0.1) ...
#10 1342.5 Setting up libfile-fcntllock-perl (0.22-3build7) ...
#10 1342.5 Setting up libalgorithm-diff-perl (1.201-1) ...
#10 1342.5 Setting up libarchive-zip-perl (1.68-1) ...
#10 1342.6 Setting up libargon2-1:amd64 (0~20171227-0.3) ...
#10 1342.6 Setting up libzip4:amd64 (1.7.3-1ubuntu2) ...
#10 1342.6 Setting up libijs-0.35:amd64 (0.35-15build2) ...
#10 1342.6 Setting up libwebpdemux2:amd64 (1.2.2-2ubuntu0.22.04.2) ...
#10 1342.6 Setting up mlock (8:2007f~dfsg-7build1) ...
#10 1342.6 Setting up libdebhelper-perl (13.6ubuntu1) ...
#10 1342.6 Setting up cron (3.0pl1-137ubuntu3) ...
#10 1342.7 Adding group `crontab' (GID 103) ...
#10 1342.7 Done.
#10 1342.7 invoke-rc.d: could not determine current runlevel
#10 1342.7 invoke-rc.d: policy-rc.d denied execution of start.
#10 1342.8 Setting up binutils-common:amd64 (2.38-4ubuntu2.12) ...
#10 1342.8 Setting up libmagic1:amd64 (1:5.41-3ubuntu0.1) ...
#10 1342.9 Setting up libpq5:amd64 (14.20-0ubuntu0.22.04.1) ...
#10 1342.9 Setting up libctf-nobfd0:amd64 (2.38-4ubuntu2.12) ...
#10 1342.9 Setting up gettext-base (0.21-4ubuntu4) ...
#10 1342.9 Setting up file (1:5.41-3ubuntu0.1) ...
#10 1342.9 Setting up libpaper-utils (1.1.28build2) ...
#10 1342.9 Setting up fonts-urw-base35 (20200910-1) ...
#10 1343.0 Setting up bzip2 (1.0.8-5build1) ...
#10 1343.0 Setting up libpcre2-16-0:amd64 (10.42-3+ubuntu22.04.1+deb.sury.org+1) ...
#10 1343.0 Setting up libhashkit2:amd64 (1.1.4-1+ubuntu22.04.1+deb.sury.org+1) ...
#10 1343.0 Setting up libfakeroot:amd64 (1.28-1ubuntu1) ...
#10 1343.0 Setting up libasan6:amd64 (11.4.0-1ubuntu1~22.04.2) ...
#10 1343.0 Setting up poppler-data (0.4.11-1) ...
#10 1343.1 Setting up tzdata (2025b-0ubuntu0.22.04.1) ...
#10 1343.2 
#10 1343.2 Current default time zone: 'Etc/UTC'
#10 1343.2 Local time is now:      Wed Dec 24 08:16:17 UTC 2025.
#10 1343.2 Universal Time is now:  Wed Dec 24 08:16:17 UTC 2025.
#10 1343.2 Run 'dpkg-reconfigure tzdata' if you wish to change it.
#10 1343.2 
#10 1343.2 Setting up fakeroot (1.28-1ubuntu1) ...
#10 1343.2 update-alternatives: using /usr/bin/fakeroot-sysv to provide /usr/bin/fakeroot (fakeroot) in auto mode
#10 1343.2 update-alternatives: warning: skip creation of /usr/share/man/man1/fakeroot.1.gz because associated file /usr/share/man/man1/fakeroot-sysv.1.gz (of link group fakeroot) doesn't exist
#10 1343.2 update-alternatives: warning: skip creation of /usr/share/man/man1/faked.1.gz because associated file /usr/share/man/man1/faked-sysv.1.gz (of link group fakeroot) doesn't exist
#10 1343.2 update-alternatives: warning: skip creation of /usr/share/man/es/man1/fakeroot.1.gz because associated file /usr/share/man/es/man1/fakeroot-sysv.1.gz (of link group fakeroot) doesn't exist
#10 1343.2 update-alternatives: warning: skip creation of /usr/share/man/es/man1/faked.1.gz because associated file /usr/share/man/es/man1/faked-sysv.1.gz (of link group fakeroot) doesn't exist
#10 1343.2 update-alternatives: warning: skip creation of /usr/share/man/fr/man1/fakeroot.1.gz because associated file /usr/share/man/fr/man1/fakeroot-sysv.1.gz (of link group fakeroot) doesn't exist
#10 1343.2 update-alternatives: warning: skip creation of /usr/share/man/fr/man1/faked.1.gz because associated file /usr/share/man/fr/man1/faked-sysv.1.gz (of link group fakeroot) doesn't exist
#10 1343.2 update-alternatives: warning: skip creation of /usr/share/man/sv/man1/fakeroot.1.gz because associated file /usr/share/man/sv/man1/fakeroot-sysv.1.gz (of link group fakeroot) doesn't exist
#10 1343.2 update-alternatives: warning: skip creation of /usr/share/man/sv/man1/faked.1.gz because associated file /usr/share/man/sv/man1/faked-sysv.1.gz (of link group fakeroot) doesn't exist
#10 1343.2 Setting up autotools-dev (20220109.1) ...
#10 1343.2 Setting up libpcre2-32-0:amd64 (10.42-3+ubuntu22.04.1+deb.sury.org+1) ...
#10 1343.2 Setting up make (4.3-4.1build1) ...
#10 1343.2 Setting up libmpfr6:amd64 (4.1.0-3build3) ...
#10 1343.2 Setting up libjbig2dec0:amd64 (0.19-3build2) ...
#10 1343.3 Setting up gsfonts (1:8.11+urwcyr1.0.7~pre44-4.5) ...
#10 1343.3 Setting up libavahi-common-data:amd64 (0.8-5ubuntu5.3) ...
#10 1343.3 Setting up libsigsegv2:amd64 (2.13-1ubuntu3) ...
#10 1343.3 Setting up xz-utils (5.2.5-2ubuntu1) ...
#10 1343.3 update-alternatives: using /usr/bin/xz to provide /usr/bin/lzma (lzma) in auto mode
#10 1343.3 update-alternatives: warning: skip creation of /usr/share/man/man1/lzma.1.gz because associated file /usr/share/man/man1/xz.1.gz (of link group lzma) doesn't exist
#10 1343.3 update-alternatives: warning: skip creation of /usr/share/man/man1/unlzma.1.gz because associated file /usr/share/man/man1/unxz.1.gz (of link group lzma) doesn't exist
#10 1343.3 update-alternatives: warning: skip creation of /usr/share/man/man1/lzcat.1.gz because associated file /usr/share/man/man1/xzcat.1.gz (of link group lzma) doesn't exist
#10 1343.3 update-alternatives: warning: skip creation of /usr/share/man/man1/lzmore.1.gz because associated file /usr/share/man/man1/xzmore.1.gz (of link group lzma) doesn't exist
#10 1343.3 update-alternatives: warning: skip creation of /usr/share/man/man1/lzless.1.gz because associated file /usr/share/man/man1/xzless.1.gz (of link group lzma) doesn't exist
#10 1343.3 update-alternatives: warning: skip creation of /usr/share/man/man1/lzdiff.1.gz because associated file /usr/share/man/man1/xzdiff.1.gz (of link group lzma) doesn't exist
#10 1343.3 update-alternatives: warning: skip creation of /usr/share/man/man1/lzcmp.1.gz because associated file /usr/share/man/man1/xzcmp.1.gz (of link group lzma) doesn't exist
#10 1343.3 update-alternatives: warning: skip creation of /usr/share/man/man1/lzgrep.1.gz because associated file /usr/share/man/man1/xzgrep.1.gz (of link group lzma) doesn't exist
#10 1343.3 update-alternatives: warning: skip creation of /usr/share/man/man1/lzegrep.1.gz because associated file /usr/share/man/man1/xzegrep.1.gz (of link group lzma) doesn't exist
#10 1343.3 update-alternatives: warning: skip creation of /usr/share/man/man1/lzfgrep.1.gz because associated file /usr/share/man/man1/xzfgrep.1.gz (of link group lzma) doesn't exist
#10 1343.3 Setting up libimagequant0:amd64 (2.17.0-1) ...
#10 1343.3 Setting up libssl-dev:amd64 (3.0.2-0ubuntu1.20) ...
#10 1343.3 Setting up libmpc3:amd64 (1.2.1-2build1) ...
#10 1343.3 Setting up libatomic1:amd64 (12.3.0-1ubuntu1~22.04.2) ...
#10 1343.4 Setting up libidn12:amd64 (1.38-4ubuntu1) ...
#10 1343.4 Setting up autopoint (0.21-4ubuntu4) ...
#10 1343.4 Setting up libabsl20210324:amd64 (0~20210324.2-2ubuntu0.2) ...
#10 1343.4 Setting up libltdl7:amd64 (2.4.6-15build2) ...
#10 1343.4 Setting up libfftw3-double3:amd64 (3.3.8-2ubuntu8) ...
#10 1343.4 Setting up libdpkg-perl (1.21.1ubuntu2.6) ...
#10 1343.4 Setting up libubsan1:amd64 (12.3.0-1ubuntu1~22.04.2) ...
#10 1343.4 Setting up libpcre2-posix3:amd64 (10.42-3+ubuntu22.04.1+deb.sury.org+1) ...
#10 1343.4 Setting up dwz (0.14-1build2) ...
#10 1343.5 Setting up liblqr-1-0:amd64 (0.4.2-2.1) ...
#10 1343.5 Setting up libmemcached11:amd64 (1.1.4-1+ubuntu22.04.1+deb.sury.org+1) ...
#10 1343.5 Setting up libarchive-cpio-perl (0.10-1.1) ...
#10 1343.5 Setting up libuchardet0:amd64 (0.0.7-1build2) ...
#10 1343.5 Setting up libxslt1.1:amd64 (1.1.34-4ubuntu0.22.04.4) ...
#10 1343.5 Setting up debugedit (1:5.0-4build1) ...
#10 1343.5 Setting up libsub-override-perl (0.09-2) ...
#10 1343.5 Setting up fonts-droid-fallback (1:6.0.1r16-1.1build1) ...
#10 1343.6 Setting up libc-client2007e (8:2007f~dfsg-7build1) ...
#10 1343.6 Setting up libbinutils:amd64 (2.38-4ubuntu2.12) ...
#10 1343.6 Setting up libisl23:amd64 (0.24-2build1) ...
#10 1343.6 Setting up libde265-0:amd64 (1.0.8-1ubuntu0.3) ...
#10 1343.6 Setting up libyuv0:amd64 (0.0~git20220104.b91df1a-2) ...
#10 1343.6 Setting up libsys-hostname-long-perl (1.5-2) ...
#10 1343.7 Setting up libalgorithm-diff-xs-perl (0.04-6build3) ...
#10 1343.7 Setting up libcc1-0:amd64 (12.3.0-1ubuntu1~22.04.2) ...
#10 1343.7 Setting up libonig5:amd64 (6.9.7.1-2build1) ...
#10 1343.7 Setting up liblocale-gettext-perl (1.07-4build3) ...
#10 1343.7 Setting up liblsan0:amd64 (12.3.0-1ubuntu1~22.04.2) ...
#10 1343.7 Setting up libitm1:amd64 (12.3.0-1ubuntu1~22.04.2) ...
#10 1343.7 Setting up php8.5-common (8.5.1-1+ubuntu22.04.1+deb.sury.org+1) ...
#10 1343.8 
#10 1343.8 Creating config file /etc/php/8.5/mods-available/calendar.ini with new version
#10 1344.0 
#10 1344.0 Creating config file /etc/php/8.5/mods-available/ctype.ini with new version
#10 1344.2 
#10 1344.2 Creating config file /etc/php/8.5/mods-available/exif.ini with new version
#10 1344.4 
#10 1344.4 Creating config file /etc/php/8.5/mods-available/fileinfo.ini with new version
#10 1344.6 
#10 1344.6 Creating config file /etc/php/8.5/mods-available/ffi.ini with new version
#10 1344.8 
#10 1344.8 Creating config file /etc/php/8.5/mods-available/ftp.ini with new version
#10 1345.0 
#10 1345.0 Creating config file /etc/php/8.5/mods-available/gettext.ini with new version
#10 1345.1 
#10 1345.1 Creating config file /etc/php/8.5/mods-available/iconv.ini with new version
#10 1345.3 
#10 1345.3 Creating config file /etc/php/8.5/mods-available/pdo.ini with new version
#10 1345.5 
#10 1345.5 Creating config file /etc/php/8.5/mods-available/phar.ini with new version
#10 1345.7 
#10 1345.7 Creating config file /etc/php/8.5/mods-available/posix.ini with new version
#10 1345.9 
#10 1345.9 Creating config file /etc/php/8.5/mods-available/shmop.ini with new version
#10 1346.1 
#10 1346.1 Creating config file /etc/php/8.5/mods-available/sockets.ini with new version
#10 1346.3 
#10 1346.3 Creating config file /etc/php/8.5/mods-available/sysvmsg.ini with new version
#10 1346.5 
#10 1346.5 Creating config file /etc/php/8.5/mods-available/sysvsem.ini with new version
#10 1346.7 
#10 1346.7 Creating config file /etc/php/8.5/mods-available/sysvshm.ini with new version
#10 1346.9 
#10 1346.9 Creating config file /etc/php/8.5/mods-available/tokenizer.ini with new version
#10 1347.0 Setting up libalgorithm-merge-perl (0.08-3) ...
#10 1347.0 Setting up libtsan0:amd64 (11.4.0-1ubuntu1~22.04.2) ...
#10 1347.0 Setting up libctf0:amd64 (2.38-4ubuntu2.12) ...
#10 1347.0 Setting up libgs9-common (9.55.0~dfsg1-0ubuntu5.13) ...
#10 1347.0 Setting up libfile-stripnondeterminism-perl (1.13.0-1) ...
#10 1347.0 Setting up cpp-11 (11.4.0-1ubuntu1~22.04.2) ...
#10 1347.1 Setting up gettext (0.21-4ubuntu4) ...
#10 1347.1 Setting up php8.5-curl (8.5.1-1+ubuntu22.04.1+deb.sury.org+1) ...
#10 1347.2 
#10 1347.2 Creating config file /etc/php/8.5/mods-available/curl.ini with new version
#10 1347.3 Setting up libpcre2-dev:amd64 (10.42-3+ubuntu22.04.1+deb.sury.org+1) ...
#10 1347.3 Setting up php8.5-xml (8.5.1-1+ubuntu22.04.1+deb.sury.org+1) ...
#10 1347.4 
#10 1347.4 Creating config file /etc/php/8.5/mods-available/dom.ini with new version
#10 1347.6 
#10 1347.6 Creating config file /etc/php/8.5/mods-available/simplexml.ini with new version
#10 1347.8 
#10 1347.8 Creating config file /etc/php/8.5/mods-available/xml.ini with new version
#10 1348.0 
#10 1348.0 Creating config file /etc/php/8.5/mods-available/xmlreader.ini with new version
#10 1348.2 
#10 1348.2 Creating config file /etc/php/8.5/mods-available/xmlwriter.ini with new version
#10 1348.3 
#10 1348.3 Creating config file /etc/php/8.5/mods-available/xsl.ini with new version
#10 1348.4 Setting up libheif1:amd64 (1.12.0-2build1) ...
#10 1348.4 Setting up libavahi-common3:amd64 (0.8-5ubuntu5.3) ...
#10 1348.5 Setting up m4 (1.4.18-5ubuntu2) ...
#10 1348.5 Setting up php8.5-mysql (8.5.1-1+ubuntu22.04.1+deb.sury.org+1) ...
#10 1348.6 
#10 1348.6 Creating config file /etc/php/8.5/mods-available/mysqlnd.ini with new version
#10 1348.8 
#10 1348.8 Creating config file /etc/php/8.5/mods-available/mysqli.ini with new version
#10 1349.0 
#10 1349.0 Creating config file /etc/php/8.5/mods-available/pdo_mysql.ini with new version
#10 1349.1 Setting up intltool-debian (0.35.0+20060710.5) ...
#10 1349.1 Setting up libmail-sendmail-perl (0.80-1.1) ...
#10 1349.1 Setting up libmagickcore-6.q16-6:amd64 (8:6.9.11.60+dfsg-1.3ubuntu0.22.04.5) ...
#10 1349.1 Setting up php8.5-mbstring (8.5.1-1+ubuntu22.04.1+deb.sury.org+1) ...
#10 1349.2 
#10 1349.2 Creating config file /etc/php/8.5/mods-available/mbstring.ini with new version
#10 1349.3 Setting up php8.5-ldap (8.5.1-1+ubuntu22.04.1+deb.sury.org+1) ...
#10 1349.4 
#10 1349.4 Creating config file /etc/php/8.5/mods-available/ldap.ini with new version
#10 1349.5 Setting up php8.5-pgsql (8.5.1-1+ubuntu22.04.1+deb.sury.org+1) ...
#10 1349.6 
#10 1349.6 Creating config file /etc/php/8.5/mods-available/pgsql.ini with new version
#10 1349.8 
#10 1349.8 Creating config file /etc/php/8.5/mods-available/pdo_pgsql.ini with new version
#10 1349.9 Setting up libgav1-0:amd64 (0.17.0-1build1) ...
#10 1349.9 Setting up php8.5-zip (8.5.1-1+ubuntu22.04.1+deb.sury.org+1) ...
#10 1350.0 
#10 1350.0 Creating config file /etc/php/8.5/mods-available/zip.ini with new version
#10 1350.1 Setting up pkg-config (0.29.2-1ubuntu3) ...
#10 1350.2 Setting up autoconf (2.71-2) ...
#10 1350.2 Setting up dh-strip-nondeterminism (1.13.0-1) ...
#10 1350.2 Setting up libgcc-11-dev:amd64 (11.4.0-1ubuntu1~22.04.2) ...
#10 1350.2 Setting up libavif13:amd64 (0.9.3-3) ...
#10 1350.2 Setting up groff-base (1.22.4-8build1) ...
#10 1350.2 Setting up cpp (4:11.2.0-1ubuntu1) ...
#10 1350.3 Setting up libmagickwand-6.q16-6:amd64 (8:6.9.11.60+dfsg-1.3ubuntu0.22.04.5) ...
#10 1350.3 Setting up php8.5-intl (8.5.1-1+ubuntu22.04.1+deb.sury.org+1) ...
#10 1350.4 
#10 1350.4 Creating config file /etc/php/8.5/mods-available/intl.ini with new version
#10 1350.5 Setting up php8.5-readline (8.5.1-1+ubuntu22.04.1+deb.sury.org+1) ...
#10 1350.6 
#10 1350.6 Creating config file /etc/php/8.5/mods-available/readline.ini with new version
#10 1350.7 Setting up php8.5-bcmath (8.5.1-1+ubuntu22.04.1+deb.sury.org+1) ...
#10 1350.8 
#10 1350.8 Creating config file /etc/php/8.5/mods-available/bcmath.ini with new version
#10 1350.9 Setting up php8.5-sqlite3 (8.5.1-1+ubuntu22.04.1+deb.sury.org+1) ...
#10 1351.0 
#10 1351.0 Creating config file /etc/php/8.5/mods-available/sqlite3.ini with new version
#10 1351.3 
#10 1351.3 Creating config file /etc/php/8.5/mods-available/pdo_sqlite.ini with new version
#10 1351.4 Setting up libavahi-client3:amd64 (0.8-5ubuntu5.3) ...
#10 1351.4 Setting up php8.5-soap (8.5.1-1+ubuntu22.04.1+deb.sury.org+1) ...
#10 1351.5 
#10 1351.5 Creating config file /etc/php/8.5/mods-available/soap.ini with new version
#10 1351.6 Setting up binutils-x86-64-linux-gnu (2.38-4ubuntu2.12) ...
#10 1351.6 Setting up automake (1:1.16.5-1.3) ...
#10 1351.6 update-alternatives: using /usr/bin/automake-1.16 to provide /usr/bin/automake (automake) in auto mode
#10 1351.6 update-alternatives: warning: skip creation of /usr/share/man/man1/automake.1.gz because associated file /usr/share/man/man1/automake-1.16.1.gz (of link group automake) doesn't exist
#10 1351.6 update-alternatives: warning: skip creation of /usr/share/man/man1/aclocal.1.gz because associated file /usr/share/man/man1/aclocal-1.16.1.gz (of link group automake) doesn't exist
#10 1351.6 Setting up php-pear (1:1.10.16+submodules+notgz-2+ubuntu22.04.1+deb.sury.org+1) ...
#10 1351.6 Setting up po-debconf (1.0.21+nmu1) ...
#10 1351.6 Setting up binutils (2.38-4ubuntu2.12) ...
#10 1351.7 Setting up man-db (2.10.2-1) ...
#10 1351.7 Building database of manual pages ...
#10 1352.0 Setting up dpkg-dev (1.21.1ubuntu2.6) ...
#10 1352.0 Setting up libltdl-dev:amd64 (2.4.6-15build2) ...
#10 1352.0 Setting up libgd3:amd64 (2.3.3-13+ubuntu22.04.1+deb.sury.org+1) ...
#10 1352.0 Setting up libstdc++-11-dev:amd64 (11.4.0-1ubuntu1~22.04.2) ...
#10 1352.0 Setting up libcups2:amd64 (2.4.1op1-1ubuntu4.16) ...
#10 1352.0 Setting up gcc-11 (11.4.0-1ubuntu1~22.04.2) ...
#10 1352.0 Setting up php8.5-cli (8.5.1-1+ubuntu22.04.1+deb.sury.org+1) ...
#10 1352.0 update-alternatives: using /usr/bin/php8.5 to provide /usr/bin/php (php) in auto mode
#10 1352.0 update-alternatives: warning: skip creation of /usr/share/man/man1/php.1.gz because associated file /usr/share/man/man1/php8.5.1.gz (of link group php) doesn't exist
#10 1352.0 update-alternatives: using /usr/bin/phar8.5 to provide /usr/bin/phar (phar) in auto mode
#10 1352.0 update-alternatives: warning: skip creation of /usr/share/man/man1/phar.1.gz because associated file /usr/share/man/man1/phar8.5.1.gz (of link group phar) doesn't exist
#10 1352.0 update-alternatives: using /usr/bin/phar.phar8.5 to provide /usr/bin/phar.phar (phar.phar) in auto mode
#10 1352.0 update-alternatives: warning: skip creation of /usr/share/man/man1/phar.phar.1.gz because associated file /usr/share/man/man1/phar.phar8.5.1.gz (of link group phar.phar) doesn't exist
#10 1352.2 
#10 1352.2 Creating config file /etc/php/8.5/cli/php.ini with new version
#10 1353.0 Setting up php8.5-igbinary (3.2.16-6+ubuntu22.04.1+deb.sury.org+1) ...
#10 1353.1 Setting up php8.5-msgpack (1:3.0.0-2+ubuntu22.04.1+deb.sury.org+1) ...
#10 1353.1 Setting up php8.5-xdebug (3.5.0-1+ubuntu22.04.1+deb.sury.org+1) ...
#10 1353.2 Setting up libgs9:amd64 (9.55.0~dfsg1-0ubuntu5.13) ...
#10 1353.2 Setting up libtool (2.4.6-15build2) ...
#10 1353.2 Setting up g++-11 (11.4.0-1ubuntu1~22.04.2) ...
#10 1353.2 Setting up php8.5-dev (8.5.1-1+ubuntu22.04.1+deb.sury.org+1) ...
#10 1353.3 update-alternatives: using /usr/bin/php-config8.5 to provide /usr/bin/php-config (php-config) in auto mode
#10 1353.3 update-alternatives: warning: skip creation of /usr/share/man/man1/php-config.1.gz because associated file /usr/share/man/man1/php-config8.5.1.gz (of link group php-config) doesn't exist
#10 1353.3 update-alternatives: using /usr/bin/phpize8.5 to provide /usr/bin/phpize (phpize) in auto mode
#10 1353.3 update-alternatives: warning: skip creation of /usr/share/man/man1/phpize.1.gz because associated file /usr/share/man/man1/phpize8.5.1.gz (of link group phpize) doesn't exist
#10 1353.3 Setting up php8.5-gd (8.5.1-1+ubuntu22.04.1+deb.sury.org+1) ...
#10 1353.4 
#10 1353.4 Creating config file /etc/php/8.5/mods-available/gd.ini with new version
#10 1353.5 Setting up ghostscript (9.55.0~dfsg1-0ubuntu5.13) ...
#10 1353.5 Setting up gcc (4:11.2.0-1ubuntu1) ...
#10 1353.5 Setting up dh-autoreconf (20) ...
#10 1353.5 Setting up php8.5-pcov (1.0.12-2+ubuntu22.04.1+deb.sury.org+1) ...
#10 1353.6 Setting up php8.5-imagick (3.8.1-1+ubuntu22.04.1+deb.sury.org+1) ...
#10 1353.7 Setting up g++ (4:11.2.0-1ubuntu1) ...
#10 1353.7 update-alternatives: using /usr/bin/g++ to provide /usr/bin/c++ (c++) in auto mode
#10 1353.7 update-alternatives: warning: skip creation of /usr/share/man/man1/c++.1.gz because associated file /usr/share/man/man1/g++.1.gz (of link group c++) doesn't exist
#10 1353.7 Setting up php8.5-imap (3:1.0.3-2+ubuntu22.04.1+deb.sury.org+1) ...
#10 1353.7 Setting up php8.5-mongodb (2.1.4-4+ubuntu22.04.1+deb.sury.org+1) ...
#10 1353.8 Setting up build-essential (12.9ubuntu3) ...
#10 1353.8 Setting up php8.5-redis (6.3.0-2+ubuntu22.04.1+deb.sury.org+1) ...
#10 1353.9 Setting up php8.5-memcached (3.4.0-1+ubuntu22.04.1+deb.sury.org+1) ...
#10 1353.9 Setting up debhelper (13.6ubuntu1) ...
#10 1354.0 Setting up pkg-php-tools (1.42build1) ...
#10 1354.0 Processing triggers for libc-bin (2.35-0ubuntu3.11) ...
#10 1354.0 Processing triggers for fontconfig (2.13.1-4.2ubuntu5) ...
#10 1354.2 Processing triggers for php8.5-cli (8.5.1-1+ubuntu22.04.1+deb.sury.org+1) ...
#10 1360.9 All settings correct for using Composer
#10 1360.9 Downloading...
#10 1379.0 
#10 1379.0 Composer (version 2.9.2) successfully installed to: /usr/bin/composer
#10 1379.0 Use it: php /usr/bin/composer
#10 1379.0 
#10 1382.4 Get:1 https://deb.nodesource.com/node_24.x nodistro InRelease [12.1 kB]
#10 1382.4 Hit:2 http://security.ubuntu.com/ubuntu jammy-security InRelease
#10 1382.6 Get:3 https://deb.nodesource.com/node_24.x nodistro/main amd64 Packages [4475 B]
#10 1382.9 Hit:4 http://archive.ubuntu.com/ubuntu jammy InRelease
#10 1383.5 Hit:5 http://archive.ubuntu.com/ubuntu jammy-updates InRelease
#10 1383.5 Hit:6 https://ppa.launchpadcontent.net/ondrej/php/ubuntu jammy InRelease
#10 1384.0 Hit:7 http://archive.ubuntu.com/ubuntu jammy-backports InRelease
#10 1384.1 Fetched 16.6 kB in 3s (4813 B/s)
#10 1384.1 Reading package lists...
#10 1385.1 Reading package lists...
#10 1386.0 Building dependency tree...
#10 1386.2 Reading state information...
#10 1386.4 The following NEW packages will be installed:
#10 1386.4   nodejs
#10 1389.8 0 upgraded, 1 newly installed, 0 to remove and 2 not upgraded.
#10 1389.8 Need to get 37.9 MB of archives.
#10 1389.8 After this operation, 237 MB of additional disk space will be used.
#10 1389.8 Get:1 https://deb.nodesource.com/node_24.x nodistro/main amd64 nodejs amd64 24.12.0-1nodesource1 [37.9 MB]
#10 1675.2 debconf: delaying package configuration, since apt-utils is not installed
#10 1675.3 Fetched 37.9 MB in 4min 49s (131 kB/s)
#10 1675.3 Selecting previously unselected package nodejs.
#10 1675.3 (Reading database ... 
(Reading database ... 5%
(Reading database ... 10%
(Reading database ... 15%
(Reading database ... 20%
(Reading database ... 25%
(Reading database ... 30%
(Reading database ... 35%
(Reading database ... 40%
(Reading database ... 45%
(Reading database ... 50%
(Reading database ... 55%
(Reading database ... 60%
(Reading database ... 65%
(Reading database ... 70%
(Reading database ... 75%
(Reading database ... 80%
(Reading database ... 85%
(Reading database ... 90%
(Reading database ... 95%
(Reading database ... 100%
(Reading database ... 25532 files and directories currently installed.)
#10 1675.5 Preparing to unpack .../nodejs_24.12.0-1nodesource1_amd64.deb ...
#10 1675.5 Unpacking nodejs (24.12.0-1nodesource1) ...
#10 1679.1 Setting up nodejs (24.12.0-1nodesource1) ...
#10 1679.1 Processing triggers for man-db (2.10.2-1) ...
#10 1768.0 
#10 1768.0 removed 36 packages, and changed 64 packages in 1m
#10 1768.0 
#10 1768.0 16 packages are looking for funding
#10 1768.0   run `npm fund` for details
#10 1776.8 
#10 1776.8 added 1 package in 9s
#10 1776.8 
#10 1776.8 1 package is looking for funding
#10 1776.8   run `npm fund` for details
#10 2342.1 
#10 2342.1 added 5 packages in 9m
#10 2352.9 npm warn exec The following package was not found and will be installed: playwright@1.57.0
#10 2372.2 Installing dependencies...
#10 2373.2 Hit:1 https://deb.nodesource.com/node_24.x nodistro InRelease
#10 2373.4 Hit:2 http://security.ubuntu.com/ubuntu jammy-security InRelease
#10 2373.9 Hit:3 https://ppa.launchpadcontent.net/ondrej/php/ubuntu jammy InRelease
#10 2373.9 Hit:4 http://archive.ubuntu.com/ubuntu jammy InRelease
#10 2374.2 Hit:5 http://archive.ubuntu.com/ubuntu jammy-updates InRelease
#10 2374.4 Hit:6 http://archive.ubuntu.com/ubuntu jammy-backports InRelease
#10 2374.5 Reading package lists...
#10 2375.6 Reading package lists...
#10 2376.5 Building dependency tree...
#10 2376.7 Reading state information...
#10 2376.8 libasound2 is already the newest version (1.2.6.1-1ubuntu1).
#10 2376.8 libasound2 set to manually installed.
#10 2376.8 libcairo-gobject2 is already the newest version (1.16.0-5ubuntu2).
#10 2376.8 libcairo-gobject2 set to manually installed.
#10 2376.8 libcairo2 is already the newest version (1.16.0-5ubuntu2).
#10 2376.8 libcairo2 set to manually installed.
#10 2376.8 libfontconfig1 is already the newest version (2.13.1-4.2ubuntu5).
#10 2376.8 libfontconfig1 set to manually installed.
#10 2376.8 libglx0 is already the newest version (1.4.0-1).
#10 2376.8 libglx0 set to manually installed.
#10 2376.8 libicu70 is already the newest version (70.1-2).
#10 2376.8 libicu70 set to manually installed.
#10 2376.8 libjpeg-turbo8 is already the newest version (2.1.2-0ubuntu1).
#10 2376.8 libjpeg-turbo8 set to manually installed.
#10 2376.8 liblcms2-2 is already the newest version (2.12~rc1-2build2).
#10 2376.8 liblcms2-2 set to manually installed.
#10 2376.8 libopus0 is already the newest version (1.3.1-0.1build2).
#10 2376.8 libopus0 set to manually installed.
#10 2376.8 libxcb-shm0 is already the newest version (1.14-3ubuntu3).
#10 2376.8 libxcb-shm0 set to manually installed.
#10 2376.8 libxcb1 is already the newest version (1.14-3ubuntu3).
#10 2376.8 libxcb1 set to manually installed.
#10 2376.8 libxcursor1 is already the newest version (1:1.2.0-2build4).
#10 2376.8 libxcursor1 set to manually installed.
#10 2376.8 libxext6 is already the newest version (2:1.3.4-1build1).
#10 2376.8 libxext6 set to manually installed.
#10 2376.8 libxfixes3 is already the newest version (1:6.0.0-1).
#10 2376.8 libxfixes3 set to manually installed.
#10 2376.8 libxi6 is already the newest version (2:1.8-1build1).
#10 2376.8 libxi6 set to manually installed.
#10 2376.8 libxkbcommon0 is already the newest version (1.4.0-1).
#10 2376.8 libxkbcommon0 set to manually installed.
#10 2376.8 libxrandr2 is already the newest version (2:1.5.2-1build1).
#10 2376.8 libxrandr2 set to manually installed.
#10 2376.8 libxrender1 is already the newest version (1:0.9.10-1build4).
#10 2376.8 libxrender1 set to manually installed.
#10 2376.8 libavif13 is already the newest version (0.9.3-3).
#10 2376.8 libavif13 set to manually installed.
#10 2376.8 libx264-163 is already the newest version (2:0.163.3060+git5db6aa6-2build1).
#10 2376.8 libx264-163 set to manually installed.
#10 2376.8 libatomic1 is already the newest version (12.3.0-1ubuntu1~22.04.2).
#10 2376.8 libatomic1 set to manually installed.
#10 2376.8 libcups2 is already the newest version (2.4.1op1-1ubuntu4.16).
#10 2376.8 libcups2 set to manually installed.
#10 2376.8 libdbus-1-3 is already the newest version (1.12.20-2ubuntu4.1).
#10 2376.8 libdbus-1-3 set to manually installed.
#10 2376.8 libdrm2 is already the newest version (2.4.113-2~ubuntu0.22.04.1).
#10 2376.8 libdrm2 set to manually installed.
#10 2376.8 libfreetype6 is already the newest version (2.11.1+dfsg-1ubuntu0.3).
#10 2376.8 libfreetype6 set to manually installed.
#10 2376.8 libgbm1 is already the newest version (23.2.1-1ubuntu3.1~22.04.3).
#10 2376.8 libgbm1 set to manually installed.
#10 2376.8 libgdk-pixbuf-2.0-0 is already the newest version (2.42.8+dfsg-1ubuntu0.4).
#10 2376.8 libgdk-pixbuf-2.0-0 set to manually installed.
#10 2376.8 libglib2.0-0 is already the newest version (2.72.4-0ubuntu2.6).
#10 2376.8 libglib2.0-0 set to manually installed.
#10 2376.8 libharfbuzz0b is already the newest version (2.7.4-1ubuntu3.2).
#10 2376.8 libharfbuzz0b set to manually installed.
#10 2376.8 libopenjp2-7 is already the newest version (2.4.0-6ubuntu0.4).
#10 2376.8 libopenjp2-7 set to manually installed.
#10 2376.8 libpango-1.0-0 is already the newest version (1.50.6+ds-2ubuntu1).
#10 2376.8 libpango-1.0-0 set to manually installed.
#10 2376.8 libpangocairo-1.0-0 is already the newest version (1.50.6+ds-2ubuntu1).
#10 2376.8 libpangocairo-1.0-0 set to manually installed.
#10 2376.8 libpng16-16 is already the newest version (1.6.37-3ubuntu0.1).
#10 2376.8 libpng16-16 set to manually installed.
#10 2376.8 libwayland-client0 is already the newest version (1.20.0-1ubuntu0.1).
#10 2376.8 libwayland-client0 set to manually installed.
#10 2376.8 libwayland-egl1 is already the newest version (1.20.0-1ubuntu0.1).
#10 2376.8 libwayland-egl1 set to manually installed.
#10 2376.8 libwayland-server0 is already the newest version (1.20.0-1ubuntu0.1).
#10 2376.8 libwayland-server0 set to manually installed.
#10 2376.8 libwebpdemux2 is already the newest version (1.2.2-2ubuntu0.22.04.2).
#10 2376.8 libwebpdemux2 set to manually installed.
#10 2376.8 libx11-6 is already the newest version (2:1.7.5-1ubuntu0.3).
#10 2376.8 libx11-6 set to manually installed.
#10 2376.8 libx11-xcb1 is already the newest version (2:1.7.5-1ubuntu0.3).
#10 2376.8 libx11-xcb1 set to manually installed.
#10 2376.8 libxslt1.1 is already the newest version (1.1.34-4ubuntu0.22.04.4).
#10 2376.8 libxslt1.1 set to manually installed.
#10 2376.8 ffmpeg is already the newest version (7:4.4.2-0ubuntu0.22.04.1).
#10 2377.0 The following additional packages will be installed:
#10 2377.0   adwaita-icon-theme dbus-user-session dconf-gsettings-backend dconf-service
#10 2377.0   dictionaries-common emacsen-common glib-networking glib-networking-common
#10 2377.0   glib-networking-services gsettings-desktop-schemas gtk-update-icon-cache
#10 2377.0   hicolor-icon-theme humanity-icon-theme hunspell-en-us iso-codes libaa1
#10 2377.0   libaspell15 libatk1.0-data libcairo-script-interpreter2 libcdparanoia0
#10 2377.0   libcolord2 libcryptsetup12 libdca0 libdconf1 libdevmapper1.02.1 libdv4
#10 2377.0   libdvdnav4 libdvdread8 libegl-mesa0 libfaad2 libfluidsynth3 libfontenc1
#10 2377.0   libfreeaptx0 libgpm2 libgraphene-1.0-0 libgssdp-1.2-0
#10 2377.0   libgstreamer-plugins-bad1.0-0 libgstreamer-plugins-good1.0-0 libgtk-3-common
#10 2377.0   libgtk-4-common libgupnp-1.2-1 libgupnp-igd-1.0-4 libhunspell-1.7-0 libice6
#10 2377.0   libilmbase25 libinstpatch-1.0-2 libip4tc2 libjson-glib-1.0-0
#10 2377.0   libjson-glib-1.0-common libkate1 libkmod2 libldacbt-enc2 libltc11 liblzo2-2
#10 2377.0   libmjpegutils-2.1-0 libmodplug1 libmpcdec6 libmpeg2encpp-2.1-0
#10 2377.0   libmplex2-2.1-0 libnice10 libopenexr25 libopenh264-6 libopenni2-0
#10 2377.0   liborc-0.4-0 libpam-systemd libqrencode4 libsbc1 libsecret-common libshout3
#10 2377.0   libsm6 libsoundtouch1 libsoup-3.0-common libsoup2.4-1 libsoup2.4-common
#10 2377.0   libspandsp2 libsrtp2-1 libtag1v5 libtag1v5-vanilla libtext-iconv-perl
#10 2377.0   libunwind8 libv4l-0 libv4lconvert0 libvisual-0.4-0 libvo-aacenc0
#10 2377.0   libvo-amrwbenc0 libwavpack1 libwebrtc-audio-processing1 libwildmidi2 libxaw7
#10 2377.0   libxfont2 libxkbfile1 libxmu6 libxt6 libzbar0 libzxingcore1
#10 2377.0   session-migration systemd systemd-sysv timgm6mb-soundfont ubuntu-mono
#10 2377.0   x11-xkb-utils xfonts-encodings xfonts-utils xserver-common
#10 2377.0 Suggested packages:
#10 2377.0   ispell | aspell | hunspell wordlist frei0r-plugins gvfs hunspell
#10 2377.0   openoffice.org-hunspell | openoffice.org-core isoquery aspell colord
#10 2377.0   libdv-bin oss-compat libdvdcss2 libenchant-2-voikko gpm
#10 2377.0   libvisual-0.4-plugins gstreamer1.0-tools libgtk-4-media-gstreamer
#10 2377.0   | libgtk-4-media-ffmpeg gnome-shell | notification-daemon libwildmidi-config
#10 2377.0   systemd-container libtss2-esys-3.0.2-0 libtss2-mu0 libtss2-rc0 policykit-1
#10 2377.0   fluid-soundfont-gm
#10 2377.0 Recommended packages:
#10 2377.0   fonts-ipafont-mincho fonts-tlwg-loma gstreamer1.0-x aspell-en
#10 2377.0   | aspell-dictionary | aspell6a-dictionary at-spi2-core dmsetup enchant-2
#10 2377.0   gstreamer1.0-gl libgtk-3-bin libgtk-4-bin libmagickcore-6.q16-6-extra
#10 2377.0   networkd-dispatcher systemd-timesyncd | time-daemon libnss-systemd
#10 2377.0   xfonts-base
#10 2377.1 The following NEW packages will be installed:
#10 2377.1   adwaita-icon-theme dbus-user-session dconf-gsettings-backend dconf-service
#10 2377.1   dictionaries-common emacsen-common fonts-freefont-ttf fonts-ipafont-gothic
#10 2377.1   fonts-liberation fonts-noto-color-emoji fonts-tlwg-loma-otf fonts-unifont
#10 2377.1   fonts-wqy-zenhei glib-networking glib-networking-common
#10 2377.1   glib-networking-services gsettings-desktop-schemas gstreamer1.0-libav
#10 2377.1   gstreamer1.0-plugins-bad gstreamer1.0-plugins-base gstreamer1.0-plugins-good
#10 2377.1   gtk-update-icon-cache hicolor-icon-theme humanity-icon-theme hunspell-en-us
#10 2377.1   iso-codes libaa1 libaspell15 libatk-bridge2.0-0 libatk1.0-0 libatk1.0-data
#10 2377.1   libatspi2.0-0 libcairo-script-interpreter2 libcdparanoia0 libcolord2
#10 2377.1   libcryptsetup12 libdbus-glib-1-2 libdca0 libdconf1 libdevmapper1.02.1 libdv4
#10 2377.1   libdvdnav4 libdvdread8 libegl-mesa0 libegl1 libenchant-2-2 libepoxy0
#10 2377.1   libevdev2 libevent-2.1-7 libfaad2 libffi7 libfluidsynth3 libfontenc1
#10 2377.1   libfreeaptx0 libgles2 libgpm2 libgraphene-1.0-0 libgssdp-1.2-0
#10 2377.1   libgstreamer-gl1.0-0 libgstreamer-plugins-bad1.0-0
#10 2377.1   libgstreamer-plugins-base1.0-0 libgstreamer-plugins-good1.0-0
#10 2377.1   libgstreamer1.0-0 libgtk-3-0 libgtk-3-common libgtk-4-1 libgtk-4-common
#10 2377.1   libgudev-1.0-0 libgupnp-1.2-1 libgupnp-igd-1.0-4 libharfbuzz-icu0
#10 2377.1   libhunspell-1.7-0 libhyphen0 libice6 libilmbase25 libinstpatch-1.0-2
#10 2377.1   libip4tc2 libjson-glib-1.0-0 libjson-glib-1.0-common libkate1 libkmod2
#10 2377.1   libldacbt-enc2 libltc11 liblzo2-2 libmanette-0.2-0 libmjpegutils-2.1-0
#10 2377.1   libmodplug1 libmpcdec6 libmpeg2encpp-2.1-0 libmplex2-2.1-0 libnice10
#10 2377.1   libnotify4 libnspr4 libnss3 libopenexr25 libopengl0 libopenh264-6
#10 2377.1   libopenni2-0 liborc-0.4-0 libpam-systemd libproxy1v5 libqrencode4 libsbc1
#10 2377.1   libsecret-1-0 libsecret-common libshout3 libsm6 libsoundtouch1 libsoup-3.0-0
#10 2377.1   libsoup-3.0-common libsoup2.4-1 libsoup2.4-common libspandsp2 libsrtp2-1
#10 2377.1   libtag1v5 libtag1v5-vanilla libtext-iconv-perl libunwind8 libv4l-0
#10 2377.1   libv4lconvert0 libvisual-0.4-0 libvo-aacenc0 libvo-amrwbenc0 libwavpack1
#10 2377.1   libwebrtc-audio-processing1 libwildmidi2 libwoff1 libxaw7 libxcomposite1
#10 2377.1   libxdamage1 libxfont2 libxkbfile1 libxmu6 libxt6 libxtst6 libzbar0
#10 2377.1   libzxingcore1 session-migration systemd systemd-sysv timgm6mb-soundfont
#10 2377.1   ubuntu-mono x11-xkb-utils xfonts-cyrillic xfonts-encodings xfonts-scalable
#10 2377.1   xfonts-utils xserver-common xvfb
#10 2377.1 The following packages will be upgraded:
#10 2377.1   libxml2
#10 2378.1 1 upgraded, 149 newly installed, 0 to remove and 1 not upgraded.
#10 2378.1 Need to get 76.8 MB of archives.
#10 2378.1 After this operation, 241 MB of additional disk space will be used.
#10 2378.1 Get:1 http://archive.ubuntu.com/ubuntu jammy-updates/main amd64 libdevmapper1.02.1 amd64 2:1.02.175-2.1ubuntu5 [139 kB]
#10 2378.8 Get:2 https://ppa.launchpadcontent.net/ondrej/php/ubuntu jammy/main amd64 libxml2 amd64 2.9.14+dfsg-0.1+ubuntu22.04.1+deb.sury.org+1 [839 kB]
#10 2379.2 Get:3 http://archive.ubuntu.com/ubuntu jammy-updates/main amd64 libcryptsetup12 amd64 2:2.4.3-1ubuntu1.3 [211 kB]
#10 2380.1 Get:4 http://archive.ubuntu.com/ubuntu jammy-updates/main amd64 libip4tc2 amd64 1.8.7-1ubuntu5.2 [19.9 kB]
#10 2380.4 Get:5 http://archive.ubuntu.com/ubuntu jammy/main amd64 libkmod2 amd64 29-1ubuntu1 [48.0 kB]
#10 2380.8 Get:6 http://archive.ubuntu.com/ubuntu jammy-updates/main amd64 systemd amd64 249.11-0ubuntu3.17 [4583 kB]
#10 2386.1 Get:7 http://archive.ubuntu.com/ubuntu jammy-updates/main amd64 systemd-sysv amd64 249.11-0ubuntu3.17 [10.5 kB]
#10 2386.4 Get:8 http://archive.ubuntu.com/ubuntu jammy/universe amd64 fonts-ipafont-gothic all 00303-21ubuntu1 [3513 kB]
#10 2390.7 Get:9 http://archive.ubuntu.com/ubuntu jammy/main amd64 iso-codes all 4.9.0-1 [3459 kB]
#10 2396.5 Get:10 http://archive.ubuntu.com/ubuntu jammy-updates/main amd64 libpam-systemd amd64 249.11-0ubuntu3.17 [203 kB]
#10 2397.4 Get:11 http://archive.ubuntu.com/ubuntu jammy/main amd64 libtext-iconv-perl amd64 1.7-7build3 [14.3 kB]
#10 2397.6 Get:12 http://archive.ubuntu.com/ubuntu jammy/main amd64 hicolor-icon-theme all 0.17-2 [9976 B]
#10 2398.0 Get:13 http://archive.ubuntu.com/ubuntu jammy-updates/main amd64 gtk-update-icon-cache amd64 3.24.33-1ubuntu2.2 [31.4 kB]
#10 2398.2 Get:14 http://archive.ubuntu.com/ubuntu jammy/main amd64 humanity-icon-theme all 0.6.16 [1282 kB]
#10 2399.9 Get:15 http://archive.ubuntu.com/ubuntu jammy/main amd64 ubuntu-mono all 20.10-0ubuntu2 [153 kB]
#10 2400.4 Get:16 http://archive.ubuntu.com/ubuntu jammy/main amd64 adwaita-icon-theme all 41.0-1ubuntu1 [3444 kB]
#10 2403.7 Get:17 http://archive.ubuntu.com/ubuntu jammy-updates/main amd64 dbus-user-session amd64 1.12.20-2ubuntu4.1 [9442 B]
#10 2404.0 Get:18 http://archive.ubuntu.com/ubuntu jammy-updates/main amd64 libdconf1 amd64 0.40.0-3ubuntu0.1 [40.5 kB]
#10 2404.3 Get:19 http://archive.ubuntu.com/ubuntu jammy-updates/main amd64 dconf-service amd64 0.40.0-3ubuntu0.1 [28.1 kB]
#10 2404.7 Get:20 http://archive.ubuntu.com/ubuntu jammy-updates/main amd64 dconf-gsettings-backend amd64 0.40.0-3ubuntu0.1 [22.7 kB]
#10 2405.0 Get:21 http://archive.ubuntu.com/ubuntu jammy/main amd64 emacsen-common all 3.0.4 [14.9 kB]
#10 2405.3 Get:22 http://archive.ubuntu.com/ubuntu jammy/main amd64 dictionaries-common all 1.28.14 [185 kB]
#10 2406.1 Get:23 http://archive.ubuntu.com/ubuntu jammy/main amd64 fonts-freefont-ttf all 20120503-10build1 [2388 kB]
#10 2409.3 Get:24 http://archive.ubuntu.com/ubuntu jammy/main amd64 fonts-liberation all 1:1.07.4-11 [822 kB]
#10 2410.4 Get:25 http://archive.ubuntu.com/ubuntu jammy-updates/main amd64 fonts-noto-color-emoji all 2.047-0ubuntu0.22.04.1 [10.0 MB]
#10 2419.2 Get:26 http://archive.ubuntu.com/ubuntu jammy/universe amd64 fonts-tlwg-loma-otf all 1:0.7.3-1 [107 kB]
#10 2419.6 Get:27 http://archive.ubuntu.com/ubuntu jammy/universe amd64 fonts-unifont all 1:14.0.01-1 [3551 kB]
#10 2422.8 Get:28 http://archive.ubuntu.com/ubuntu jammy/universe amd64 fonts-wqy-zenhei all 0.9.45-8 [7472 kB]
#10 2428.6 Get:29 http://archive.ubuntu.com/ubuntu jammy/main amd64 libproxy1v5 amd64 0.4.17-2 [51.9 kB]
#10 2428.9 Get:30 http://archive.ubuntu.com/ubuntu jammy/main amd64 glib-networking-common all 2.72.0-1 [3718 B]
#10 2429.2 Get:31 http://archive.ubuntu.com/ubuntu jammy/main amd64 glib-networking-services amd64 2.72.0-1 [9982 B]
#10 2429.5 Get:32 http://archive.ubuntu.com/ubuntu jammy/main amd64 session-migration amd64 0.3.6 [9774 B]
#10 2429.8 Get:33 http://archive.ubuntu.com/ubuntu jammy/main amd64 gsettings-desktop-schemas all 42.0-1ubuntu1 [31.1 kB]
#10 2430.0 Get:34 http://archive.ubuntu.com/ubuntu jammy/main amd64 glib-networking amd64 2.72.0-1 [69.8 kB]
#10 2430.3 Get:35 http://archive.ubuntu.com/ubuntu jammy-updates/main amd64 libunwind8 amd64 1.3.2-2build2.1 [54.5 kB]
#10 2430.6 Get:36 http://archive.ubuntu.com/ubuntu jammy-updates/main amd64 libgstreamer1.0-0 amd64 1.20.3-0ubuntu1.1 [984 kB]
#10 2431.5 Get:37 http://archive.ubuntu.com/ubuntu jammy-updates/main amd64 liborc-0.4-0 amd64 1:0.4.32-2ubuntu0.1 [228 kB]
#10 2432.6 Get:38 http://archive.ubuntu.com/ubuntu jammy-updates/main amd64 libgstreamer-plugins-base1.0-0 amd64 1.20.1-1ubuntu0.5 [848 kB]
#10 2433.4 Get:39 http://archive.ubuntu.com/ubuntu jammy-updates/universe amd64 gstreamer1.0-libav amd64 1.20.3-0ubuntu1 [103 kB]
#10 2433.8 Get:40 http://archive.ubuntu.com/ubuntu jammy/main amd64 libcdparanoia0 amd64 3.10.2+debian-14build2 [49.3 kB]
#10 2434.2 Get:41 http://archive.ubuntu.com/ubuntu jammy/main amd64 libvisual-0.4-0 amd64 0.4.0-17build2 [108 kB]
#10 2434.5 Get:42 http://archive.ubuntu.com/ubuntu jammy-updates/main amd64 gstreamer1.0-plugins-base amd64 1.20.1-1ubuntu0.5 [712 kB]
#10 2436.6 Get:43 http://archive.ubuntu.com/ubuntu jammy/main amd64 libgpm2 amd64 1.20.7-10build1 [15.3 kB]
#10 2436.9 Get:44 http://archive.ubuntu.com/ubuntu jammy/main amd64 libaa1 amd64 1.4p5-50build1 [51.9 kB]
#10 2437.3 Get:45 http://archive.ubuntu.com/ubuntu jammy/main amd64 libdv4 amd64 1.0.0-14build1 [61.9 kB]
#10 2437.6 Get:46 http://archive.ubuntu.com/ubuntu jammy-updates/main amd64 libgstreamer-plugins-good1.0-0 amd64 1.20.3-0ubuntu1.4 [30.2 kB]
#10 2437.9 Get:47 http://archive.ubuntu.com/ubuntu jammy/main amd64 libgudev-1.0-0 amd64 1:237-2build1 [16.3 kB]
#10 2438.1 Get:48 http://archive.ubuntu.com/ubuntu jammy/main amd64 libshout3 amd64 2.4.5-1build3 [54.5 kB]
#10 2438.5 Get:49 http://archive.ubuntu.com/ubuntu jammy/main amd64 libtag1v5-vanilla amd64 1.11.1+dfsg.1-3ubuntu3 [304 kB]
#10 2439.4 Get:50 http://archive.ubuntu.com/ubuntu jammy/main amd64 libtag1v5 amd64 1.11.1+dfsg.1-3ubuntu3 [11.5 kB]
#10 2439.7 Get:51 http://archive.ubuntu.com/ubuntu jammy/main amd64 libv4lconvert0 amd64 1.22.1-2build1 [82.4 kB]
#10 2440.0 Get:52 http://archive.ubuntu.com/ubuntu jammy/main amd64 libv4l-0 amd64 1.22.1-2build1 [44.9 kB]
#10 2440.3 Get:53 http://archive.ubuntu.com/ubuntu jammy/main amd64 libwavpack1 amd64 5.4.0-1build2 [83.7 kB]
#10 2440.6 Get:54 http://archive.ubuntu.com/ubuntu jammy/main amd64 libxdamage1 amd64 1:1.1.5-2build2 [7154 B]
#10 2440.9 Get:55 http://archive.ubuntu.com/ubuntu jammy-updates/main amd64 libsoup2.4-common all 2.74.2-3ubuntu0.6 [4778 B]
#10 2441.1 Get:56 http://archive.ubuntu.com/ubuntu jammy-updates/main amd64 libsoup2.4-1 amd64 2.74.2-3ubuntu0.6 [288 kB]
#10 2442.8 Get:57 http://archive.ubuntu.com/ubuntu jammy-updates/main amd64 gstreamer1.0-plugins-good amd64 1.20.3-0ubuntu1.4 [2009 kB]
#10 2469.0 Get:58 http://archive.ubuntu.com/ubuntu jammy/main amd64 hunspell-en-us all 1:2020.12.07-2 [280 kB]
#10 2469.9 Get:59 http://archive.ubuntu.com/ubuntu jammy/main amd64 libaspell15 amd64 0.60.8-4build1 [325 kB]
#10 2470.8 Get:60 http://archive.ubuntu.com/ubuntu jammy/main amd64 libatk1.0-data all 2.36.0-3build1 [2824 B]
#10 2471.1 Get:61 http://archive.ubuntu.com/ubuntu jammy/main amd64 libatk1.0-0 amd64 2.36.0-3build1 [51.9 kB]
#10 2471.4 Get:62 http://archive.ubuntu.com/ubuntu jammy/main amd64 libatspi2.0-0 amd64 2.44.0-3 [80.9 kB]
#10 2471.8 Get:63 http://archive.ubuntu.com/ubuntu jammy/main amd64 libatk-bridge2.0-0 amd64 2.38.0-3 [66.6 kB]
#10 2472.2 Get:64 http://archive.ubuntu.com/ubuntu jammy/main amd64 liblzo2-2 amd64 2.10-2build3 [53.7 kB]
#10 2472.6 Get:65 http://archive.ubuntu.com/ubuntu jammy/main amd64 libcairo-script-interpreter2 amd64 1.16.0-5ubuntu2 [62.0 kB]
#10 2472.9 Get:66 http://archive.ubuntu.com/ubuntu jammy/main amd64 libcolord2 amd64 1.4.6-1 [155 kB]
#10 2473.4 Get:67 http://archive.ubuntu.com/ubuntu jammy/main amd64 libdbus-glib-1-2 amd64 0.112-2build1 [65.4 kB]
#10 2473.8 Get:68 http://archive.ubuntu.com/ubuntu jammy/universe amd64 libdvdread8 amd64 6.1.2-1 [55.7 kB]
#10 2474.2 Get:69 http://archive.ubuntu.com/ubuntu jammy/universe amd64 libdvdnav4 amd64 6.1.1-1 [39.3 kB]
#10 2474.5 Get:70 http://archive.ubuntu.com/ubuntu jammy-updates/main amd64 libegl-mesa0 amd64 23.2.1-1ubuntu3.1~22.04.3 [118 kB]
#10 2474.9 Get:71 http://archive.ubuntu.com/ubuntu jammy/main amd64 libhunspell-1.7-0 amd64 1.7.0-4build1 [175 kB]
#10 2475.5 Get:72 http://archive.ubuntu.com/ubuntu jammy/main amd64 libenchant-2-2 amd64 2.3.2-1ubuntu2 [50.9 kB]
#10 2475.8 Get:73 http://archive.ubuntu.com/ubuntu jammy/main amd64 libepoxy0 amd64 1.5.10-1 [237 kB]
#10 2476.5 Get:74 http://archive.ubuntu.com/ubuntu jammy/main amd64 libevent-2.1-7 amd64 2.1.12-stable-1build3 [148 kB]
#10 2477.0 Get:75 http://archive.ubuntu.com/ubuntu jammy/universe amd64 libfaad2 amd64 2.10.0-2 [197 kB]
#10 2477.5 Get:76 http://archive.ubuntu.com/ubuntu jammy/universe amd64 libffi7 amd64 3.3-5ubuntu1 [19.9 kB]
#10 2477.9 Get:77 http://archive.ubuntu.com/ubuntu jammy/universe amd64 libinstpatch-1.0-2 amd64 1.1.6-1 [240 kB]
#10 2478.5 Get:78 http://archive.ubuntu.com/ubuntu jammy/universe amd64 timgm6mb-soundfont all 1.3-5 [5427 kB]
#10 2486.8 Get:79 http://archive.ubuntu.com/ubuntu jammy/universe amd64 libfluidsynth3 amd64 2.2.5-1 [246 kB]
#10 2487.4 Get:80 http://archive.ubuntu.com/ubuntu jammy/main amd64 libfontenc1 amd64 1:1.1.4-1build3 [14.7 kB]
#10 2487.6 Get:81 http://archive.ubuntu.com/ubuntu jammy/universe amd64 libfreeaptx0 amd64 0.1.1-1 [12.9 kB]
#10 2487.9 Get:82 http://archive.ubuntu.com/ubuntu jammy/main amd64 libgraphene-1.0-0 amd64 1.10.8-1 [48.2 kB]
#10 2488.2 Get:83 http://archive.ubuntu.com/ubuntu jammy/main amd64 libgssdp-1.2-0 amd64 1.4.0.1-2build1 [48.9 kB]
#10 2488.5 Get:84 http://archive.ubuntu.com/ubuntu jammy/main amd64 libegl1 amd64 1.4.0-1 [28.6 kB]
#10 2488.9 Get:85 http://archive.ubuntu.com/ubuntu jammy-updates/main amd64 libgstreamer-gl1.0-0 amd64 1.20.1-1ubuntu0.5 [204 kB]
#10 2489.5 Get:86 http://archive.ubuntu.com/ubuntu jammy/main amd64 libxcomposite1 amd64 1:0.4.5-1build2 [7192 B]
#10 2489.8 Get:87 http://archive.ubuntu.com/ubuntu jammy-updates/main amd64 libgtk-3-common all 3.24.33-1ubuntu2.2 [239 kB]
#10 2490.5 Get:88 http://archive.ubuntu.com/ubuntu jammy-updates/main amd64 libgtk-3-0 amd64 3.24.33-1ubuntu2.2 [3053 kB]
#10 2495.3 Get:89 http://archive.ubuntu.com/ubuntu jammy-updates/main amd64 libgtk-4-common all 4.6.9+ds-0ubuntu0.22.04.2 [662 kB]
#10 2496.5 Get:90 http://archive.ubuntu.com/ubuntu jammy-updates/main amd64 libgtk-4-1 amd64 4.6.9+ds-0ubuntu0.22.04.2 [2866 kB]
#10 2499.6 Get:91 http://archive.ubuntu.com/ubuntu jammy/main amd64 libgupnp-1.2-1 amd64 1.4.3-1 [93.3 kB]
#10 2499.9 Get:92 http://archive.ubuntu.com/ubuntu jammy/universe amd64 libgupnp-igd-1.0-4 amd64 1.2.0-1build1 [16.8 kB]
#10 2500.2 Get:93 http://archive.ubuntu.com/ubuntu jammy-updates/main amd64 libharfbuzz-icu0 amd64 2.7.4-1ubuntu3.2 [5890 B]
#10 2500.6 Get:94 http://archive.ubuntu.com/ubuntu jammy/main amd64 libhyphen0 amd64 2.8.8-7build2 [28.2 kB]
#10 2500.9 Get:95 http://archive.ubuntu.com/ubuntu jammy/main amd64 libice6 amd64 2:1.0.10-1build2 [42.6 kB]
#10 2501.2 Get:96 http://archive.ubuntu.com/ubuntu jammy/universe amd64 libilmbase25 amd64 2.5.7-2 [175 kB]
#10 2501.7 Get:97 http://archive.ubuntu.com/ubuntu jammy/main amd64 libjson-glib-1.0-common all 1.6.6-1build1 [4432 B]
#10 2501.9 Get:98 http://archive.ubuntu.com/ubuntu jammy/main amd64 libjson-glib-1.0-0 amd64 1.6.6-1build1 [69.9 kB]
#10 2502.3 Get:99 http://archive.ubuntu.com/ubuntu jammy/universe amd64 libkate1 amd64 0.4.1-11build1 [39.4 kB]
#10 2502.6 Get:100 http://archive.ubuntu.com/ubuntu jammy/universe amd64 libldacbt-enc2 amd64 2.0.2.3+git20200429+ed310a0-4 [24.6 kB]
#10 2502.9 Get:101 http://archive.ubuntu.com/ubuntu jammy/universe amd64 libltc11 amd64 1.3.1-1 [12.3 kB]
#10 2503.2 Get:102 http://archive.ubuntu.com/ubuntu jammy/main amd64 libevdev2 amd64 1.12.1+dfsg-1 [39.5 kB]
#10 2504.1 Get:103 http://archive.ubuntu.com/ubuntu jammy/main amd64 libmanette-0.2-0 amd64 0.2.6-3build1 [30.4 kB]
#10 2504.6 Get:104 http://archive.ubuntu.com/ubuntu jammy/universe amd64 libmjpegutils-2.1-0 amd64 1:2.1.0+debian-6build1 [24.1 kB]
#10 2504.8 Get:105 http://archive.ubuntu.com/ubuntu jammy/universe amd64 libmodplug1 amd64 1:0.8.9.0-3 [153 kB]
#10 2505.9 Get:106 http://archive.ubuntu.com/ubuntu jammy/universe amd64 libmpcdec6 amd64 2:0.1~r495-2 [32.4 kB]
#10 2506.2 Get:107 http://archive.ubuntu.com/ubuntu jammy/universe amd64 libmpeg2encpp-2.1-0 amd64 1:2.1.0+debian-6build1 [69.4 kB]
#10 2506.6 Get:108 http://archive.ubuntu.com/ubuntu jammy/universe amd64 libmplex2-2.1-0 amd64 1:2.1.0+debian-6build1 [44.4 kB]
#10 2507.2 Get:109 http://archive.ubuntu.com/ubuntu jammy/universe amd64 libnice10 amd64 0.1.18-2 [156 kB]
#10 2507.9 Get:110 http://archive.ubuntu.com/ubuntu jammy-updates/main amd64 libnotify4 amd64 0.7.9-3ubuntu5.22.04.1 [20.3 kB]
#10 2508.2 Get:111 http://archive.ubuntu.com/ubuntu jammy-updates/main amd64 libnspr4 amd64 2:4.35-0ubuntu0.22.04.1 [119 kB]
#10 2508.6 Get:112 http://archive.ubuntu.com/ubuntu jammy-updates/main amd64 libnss3 amd64 2:3.98-0ubuntu0.22.04.2 [1347 kB]
#10 2510.2 Get:113 http://archive.ubuntu.com/ubuntu jammy/universe amd64 libopenexr25 amd64 2.5.7-1 [780 kB]
#10 2511.0 Get:114 http://archive.ubuntu.com/ubuntu jammy/universe amd64 libopenh264-6 amd64 2.2.0+dfsg-2 [407 kB]
#10 2511.5 Get:115 http://archive.ubuntu.com/ubuntu jammy/universe amd64 libopenni2-0 amd64 2.2.0.33+dfsg-15 [389 kB]
#10 2512.1 Get:116 http://archive.ubuntu.com/ubuntu jammy/universe amd64 libqrencode4 amd64 4.1.1-1 [24.0 kB]
#10 2512.4 Get:117 http://archive.ubuntu.com/ubuntu jammy/main amd64 libsecret-common all 0.20.5-2 [4278 B]
#10 2512.7 Get:118 http://archive.ubuntu.com/ubuntu jammy/main amd64 libsecret-1-0 amd64 0.20.5-2 [124 kB]
#10 2513.2 Get:119 http://archive.ubuntu.com/ubuntu jammy/main amd64 libsm6 amd64 2:1.2.3-1build2 [16.7 kB]
#10 2513.5 Get:120 http://archive.ubuntu.com/ubuntu jammy/universe amd64 libsoundtouch1 amd64 2.3.1+ds1-1 [38.3 kB]
#10 2513.8 Get:121 http://archive.ubuntu.com/ubuntu jammy-updates/universe amd64 libsoup-3.0-common all 3.0.7-0ubuntu1 [62.1 kB]
#10 2514.1 Get:122 http://archive.ubuntu.com/ubuntu jammy-updates/universe amd64 libsoup-3.0-0 amd64 3.0.7-0ubuntu1 [278 kB]
#10 2514.5 Get:123 http://archive.ubuntu.com/ubuntu jammy/universe amd64 libspandsp2 amd64 0.0.6+dfsg-2 [272 kB]
#10 2516.5 Get:124 http://archive.ubuntu.com/ubuntu jammy/universe amd64 libsrtp2-1 amd64 2.4.2-2 [40.7 kB]
#10 2517.7 Get:125 http://archive.ubuntu.com/ubuntu jammy/main amd64 libwebrtc-audio-processing1 amd64 0.3.1-0ubuntu5 [291 kB]
#10 2521.2 Get:126 http://archive.ubuntu.com/ubuntu jammy/universe amd64 libwildmidi2 amd64 0.4.3-1 [59.9 kB]
#10 2521.9 Get:127 http://archive.ubuntu.com/ubuntu jammy/main amd64 libwoff1 amd64 1.0.2-1build4 [45.2 kB]
#10 2522.4 Get:128 http://archive.ubuntu.com/ubuntu jammy/main amd64 libxt6 amd64 1:1.2.1-1 [177 kB]
#10 2523.6 Get:129 http://archive.ubuntu.com/ubuntu jammy/main amd64 libxmu6 amd64 2:1.1.3-3 [49.6 kB]
#10 2524.2 Get:130 http://archive.ubuntu.com/ubuntu jammy/main amd64 libxaw7 amd64 2:1.0.14-1 [191 kB]
#10 2525.3 Get:131 http://archive.ubuntu.com/ubuntu jammy/main amd64 libxfont2 amd64 1:2.0.5-1build1 [94.5 kB]
#10 2525.9 Get:132 http://archive.ubuntu.com/ubuntu jammy/main amd64 libxkbfile1 amd64 1:1.1.0-1build3 [71.8 kB]
#10 2526.4 Get:133 http://archive.ubuntu.com/ubuntu jammy/main amd64 libxtst6 amd64 2:1.2.3-1build4 [13.4 kB]
#10 2526.8 Get:134 http://archive.ubuntu.com/ubuntu jammy/universe amd64 libzbar0 amd64 0.23.92-4build2 [121 kB]
#10 2527.5 Get:135 http://archive.ubuntu.com/ubuntu jammy/universe amd64 libzxingcore1 amd64 1.2.0-1 [619 kB]
#10 2530.0 Get:136 http://archive.ubuntu.com/ubuntu jammy/main amd64 x11-xkb-utils amd64 7.7+5build4 [172 kB]
#10 2530.8 Get:137 http://archive.ubuntu.com/ubuntu jammy/main amd64 xfonts-encodings all 1:1.0.5-0ubuntu2 [578 kB]
#10 2532.9 Get:138 http://archive.ubuntu.com/ubuntu jammy/main amd64 xfonts-utils amd64 1:7.7+6build2 [94.6 kB]
#10 2533.4 Get:139 http://archive.ubuntu.com/ubuntu jammy/universe amd64 xfonts-cyrillic all 1:1.0.5 [386 kB]
#10 2534.6 Get:140 http://archive.ubuntu.com/ubuntu jammy/main amd64 xfonts-scalable all 1:1.0.3-1.2ubuntu1 [306 kB]
#10 2535.5 Get:141 http://archive.ubuntu.com/ubuntu jammy-updates/main amd64 xserver-common all 2:21.1.4-2ubuntu1.7~22.04.16 [29.5 kB]
#10 2535.8 Get:142 http://archive.ubuntu.com/ubuntu jammy-updates/universe amd64 xvfb amd64 2:21.1.4-2ubuntu1.7~22.04.16 [866 kB]
#10 2537.8 Get:143 http://archive.ubuntu.com/ubuntu jammy/universe amd64 libdca0 amd64 0.0.7-2 [88.2 kB]
#10 2538.5 Get:144 http://archive.ubuntu.com/ubuntu jammy-updates/universe amd64 libgstreamer-plugins-bad1.0-0 amd64 1.20.3-0ubuntu1.1 [489 kB]
#10 2539.8 Get:145 http://archive.ubuntu.com/ubuntu jammy/main amd64 libsbc1 amd64 1.5-3build2 [34.4 kB]
#10 2540.1 Get:146 http://archive.ubuntu.com/ubuntu jammy/universe amd64 libvo-aacenc0 amd64 0.1.3-2 [69.4 kB]
#10 2540.5 Get:147 http://archive.ubuntu.com/ubuntu jammy/universe amd64 libvo-amrwbenc0 amd64 0.1.3-2 [68.2 kB]
#10 2540.8 Get:148 http://archive.ubuntu.com/ubuntu jammy-updates/universe amd64 gstreamer1.0-plugins-bad amd64 1.20.3-0ubuntu1.1 [2602 kB]
#10 2545.0 Get:149 http://archive.ubuntu.com/ubuntu jammy/main amd64 libgles2 amd64 1.4.0-1 [18.0 kB]
#10 2545.3 Get:150 http://archive.ubuntu.com/ubuntu jammy/main amd64 libopengl0 amd64 1.4.0-1 [36.5 kB]
#10 2545.6 debconf: delaying package configuration, since apt-utils is not installed
#10 2545.6 Fetched 76.8 MB in 2min 48s (456 kB/s)
#10 2545.7 Selecting previously unselected package libdevmapper1.02.1:amd64.
#10 2545.7 (Reading database ... 
(Reading database ... 5%
(Reading database ... 10%
(Reading database ... 15%
(Reading database ... 20%
(Reading database ... 25%
(Reading database ... 30%
(Reading database ... 35%
(Reading database ... 40%
(Reading database ... 45%
(Reading database ... 50%
(Reading database ... 55%
(Reading database ... 60%
(Reading database ... 65%
(Reading database ... 70%
(Reading database ... 75%
(Reading database ... 80%
(Reading database ... 85%
(Reading database ... 90%
(Reading database ... 95%
(Reading database ... 100%
(Reading database ... 31575 files and directories currently installed.)
#10 2545.8 Preparing to unpack .../libdevmapper1.02.1_2%3a1.02.175-2.1ubuntu5_amd64.deb ...
#10 2545.8 Unpacking libdevmapper1.02.1:amd64 (2:1.02.175-2.1ubuntu5) ...
#10 2545.8 Selecting previously unselected package libcryptsetup12:amd64.
#10 2545.8 Preparing to unpack .../libcryptsetup12_2%3a2.4.3-1ubuntu1.3_amd64.deb ...
#10 2545.8 Unpacking libcryptsetup12:amd64 (2:2.4.3-1ubuntu1.3) ...
#10 2545.9 Selecting previously unselected package libip4tc2:amd64.
#10 2545.9 Preparing to unpack .../libip4tc2_1.8.7-1ubuntu5.2_amd64.deb ...
#10 2545.9 Unpacking libip4tc2:amd64 (1.8.7-1ubuntu5.2) ...
#10 2545.9 Selecting previously unselected package libkmod2:amd64.
#10 2545.9 Preparing to unpack .../libkmod2_29-1ubuntu1_amd64.deb ...
#10 2545.9 Unpacking libkmod2:amd64 (29-1ubuntu1) ...
#10 2546.0 Selecting previously unselected package systemd.
#10 2546.0 Preparing to unpack .../systemd_249.11-0ubuntu3.17_amd64.deb ...
#10 2546.0 Unpacking systemd (249.11-0ubuntu3.17) ...
#10 2546.2 Setting up libdevmapper1.02.1:amd64 (2:1.02.175-2.1ubuntu5) ...
#10 2546.2 Setting up libcryptsetup12:amd64 (2:2.4.3-1ubuntu1.3) ...
#10 2546.2 Setting up libip4tc2:amd64 (1.8.7-1ubuntu5.2) ...
#10 2546.2 Setting up libkmod2:amd64 (29-1ubuntu1) ...
#10 2546.2 Setting up systemd (249.11-0ubuntu3.17) ...
#10 2546.2 Created symlink /etc/systemd/system/getty.target.wants/getty@tty1.service ΓåÆ /lib/systemd/system/getty@.service.
#10 2546.2 Created symlink /etc/systemd/system/multi-user.target.wants/remote-fs.target ΓåÆ /lib/systemd/system/remote-fs.target.
#10 2546.3 Created symlink /etc/systemd/system/dbus-org.freedesktop.resolve1.service ΓåÆ /lib/systemd/system/systemd-resolved.service.
#10 2546.3 Created symlink /etc/systemd/system/multi-user.target.wants/systemd-resolved.service ΓåÆ /lib/systemd/system/systemd-resolved.service.
#10 2546.3 ln: failed to create symbolic link '/etc/resolv.conf': Device or resource busy
#10 2546.3 Created symlink /etc/systemd/system/sysinit.target.wants/systemd-pstore.service ΓåÆ /lib/systemd/system/systemd-pstore.service.
#10 2546.3 Initializing machine ID from D-Bus machine ID.
#10 2546.6 Selecting previously unselected package systemd-sysv.
#10 2546.6 (Reading database ... 
(Reading database ... 5%
(Reading database ... 10%
(Reading database ... 15%
(Reading database ... 20%
(Reading database ... 25%
(Reading database ... 30%
(Reading database ... 35%
(Reading database ... 40%
(Reading database ... 45%
(Reading database ... 50%
(Reading database ... 55%
(Reading database ... 60%
(Reading database ... 65%
(Reading database ... 70%
(Reading database ... 75%
(Reading database ... 80%
(Reading database ... 85%
(Reading database ... 90%
(Reading database ... 95%
(Reading database ... 100%
(Reading database ... 32364 files and directories currently installed.)
#10 2546.6 Preparing to unpack .../000-systemd-sysv_249.11-0ubuntu3.17_amd64.deb ...
#10 2546.6 Unpacking systemd-sysv (249.11-0ubuntu3.17) ...
#10 2546.6 Selecting previously unselected package fonts-ipafont-gothic.
#10 2546.6 Preparing to unpack .../001-fonts-ipafont-gothic_00303-21ubuntu1_all.deb ...
#10 2546.6 Unpacking fonts-ipafont-gothic (00303-21ubuntu1) ...
#10 2546.9 Selecting previously unselected package iso-codes.
#10 2546.9 Preparing to unpack .../002-iso-codes_4.9.0-1_all.deb ...
#10 2546.9 Unpacking iso-codes (4.9.0-1) ...
#10 2547.1 Selecting previously unselected package libpam-systemd:amd64.
#10 2547.1 Preparing to unpack .../003-libpam-systemd_249.11-0ubuntu3.17_amd64.deb ...
#10 2547.1 Unpacking libpam-systemd:amd64 (249.11-0ubuntu3.17) ...
#10 2547.1 Selecting previously unselected package libtext-iconv-perl.
#10 2547.1 Preparing to unpack .../004-libtext-iconv-perl_1.7-7build3_amd64.deb ...
#10 2547.1 Unpacking libtext-iconv-perl (1.7-7build3) ...
#10 2547.1 Selecting previously unselected package hicolor-icon-theme.
#10 2547.1 Preparing to unpack .../005-hicolor-icon-theme_0.17-2_all.deb ...
#10 2547.2 Unpacking hicolor-icon-theme (0.17-2) ...
#10 2547.3 Selecting previously unselected package gtk-update-icon-cache.
#10 2547.3 Preparing to unpack .../006-gtk-update-icon-cache_3.24.33-1ubuntu2.2_amd64.deb ...
#10 2547.3 Unpacking gtk-update-icon-cache (3.24.33-1ubuntu2.2) ...
#10 2547.3 Selecting previously unselected package humanity-icon-theme.
#10 2547.3 Preparing to unpack .../007-humanity-icon-theme_0.6.16_all.deb ...
#10 2547.3 Unpacking humanity-icon-theme (0.6.16) ...
#10 2548.0 Selecting previously unselected package ubuntu-mono.
#10 2548.0 Preparing to unpack .../008-ubuntu-mono_20.10-0ubuntu2_all.deb ...
#10 2548.0 Unpacking ubuntu-mono (20.10-0ubuntu2) ...
#10 2548.4 Selecting previously unselected package adwaita-icon-theme.
#10 2548.4 Preparing to unpack .../009-adwaita-icon-theme_41.0-1ubuntu1_all.deb ...
#10 2548.4 Unpacking adwaita-icon-theme (41.0-1ubuntu1) ...
#10 2548.7 Selecting previously unselected package dbus-user-session.
#10 2548.7 Preparing to unpack .../010-dbus-user-session_1.12.20-2ubuntu4.1_amd64.deb ...
#10 2548.7 Unpacking dbus-user-session (1.12.20-2ubuntu4.1) ...
#10 2548.7 Selecting previously unselected package libdconf1:amd64.
#10 2548.7 Preparing to unpack .../011-libdconf1_0.40.0-3ubuntu0.1_amd64.deb ...
#10 2548.7 Unpacking libdconf1:amd64 (0.40.0-3ubuntu0.1) ...
#10 2548.8 Selecting previously unselected package dconf-service.
#10 2548.8 Preparing to unpack .../012-dconf-service_0.40.0-3ubuntu0.1_amd64.deb ...
#10 2548.8 Unpacking dconf-service (0.40.0-3ubuntu0.1) ...
#10 2548.8 Selecting previously unselected package dconf-gsettings-backend:amd64.
#10 2548.8 Preparing to unpack .../013-dconf-gsettings-backend_0.40.0-3ubuntu0.1_amd64.deb ...
#10 2548.8 Unpacking dconf-gsettings-backend:amd64 (0.40.0-3ubuntu0.1) ...
#10 2548.9 Selecting previously unselected package emacsen-common.
#10 2548.9 Preparing to unpack .../014-emacsen-common_3.0.4_all.deb ...
#10 2548.9 Unpacking emacsen-common (3.0.4) ...
#10 2548.9 Selecting previously unselected package dictionaries-common.
#10 2548.9 Preparing to unpack .../015-dictionaries-common_1.28.14_all.deb ...
#10 2548.9 Adding 'diversion of /usr/share/dict/words to /usr/share/dict/words.pre-dictionaries-common by dictionaries-common'
#10 2548.9 Unpacking dictionaries-common (1.28.14) ...
#10 2549.0 Selecting previously unselected package fonts-freefont-ttf.
#10 2549.0 Preparing to unpack .../016-fonts-freefont-ttf_20120503-10build1_all.deb ...
#10 2549.0 Unpacking fonts-freefont-ttf (20120503-10build1) ...
#10 2549.2 Selecting previously unselected package fonts-liberation.
#10 2549.2 Preparing to unpack .../017-fonts-liberation_1%3a1.07.4-11_all.deb ...
#10 2549.2 Unpacking fonts-liberation (1:1.07.4-11) ...
#10 2549.3 Selecting previously unselected package fonts-noto-color-emoji.
#10 2549.3 Preparing to unpack .../018-fonts-noto-color-emoji_2.047-0ubuntu0.22.04.1_all.deb ...
#10 2549.3 Unpacking fonts-noto-color-emoji (2.047-0ubuntu0.22.04.1) ...
#10 2549.4 Selecting previously unselected package fonts-tlwg-loma-otf.
#10 2549.4 Preparing to unpack .../019-fonts-tlwg-loma-otf_1%3a0.7.3-1_all.deb ...
#10 2549.4 Unpacking fonts-tlwg-loma-otf (1:0.7.3-1) ...
#10 2549.4 Selecting previously unselected package fonts-unifont.
#10 2549.4 Preparing to unpack .../020-fonts-unifont_1%3a14.0.01-1_all.deb ...
#10 2549.4 Unpacking fonts-unifont (1:14.0.01-1) ...
#10 2549.5 Selecting previously unselected package fonts-wqy-zenhei.
#10 2549.5 Preparing to unpack .../021-fonts-wqy-zenhei_0.9.45-8_all.deb ...
#10 2549.5 Unpacking fonts-wqy-zenhei (0.9.45-8) ...
#10 2550.0 Selecting previously unselected package libproxy1v5:amd64.
#10 2550.0 Preparing to unpack .../022-libproxy1v5_0.4.17-2_amd64.deb ...
#10 2550.0 Unpacking libproxy1v5:amd64 (0.4.17-2) ...
#10 2550.1 Selecting previously unselected package glib-networking-common.
#10 2550.1 Preparing to unpack .../023-glib-networking-common_2.72.0-1_all.deb ...
#10 2550.1 Unpacking glib-networking-common (2.72.0-1) ...
#10 2550.1 Selecting previously unselected package glib-networking-services.
#10 2550.1 Preparing to unpack .../024-glib-networking-services_2.72.0-1_amd64.deb ...
#10 2550.1 Unpacking glib-networking-services (2.72.0-1) ...
#10 2550.1 Selecting previously unselected package session-migration.
#10 2550.1 Preparing to unpack .../025-session-migration_0.3.6_amd64.deb ...
#10 2550.1 Unpacking session-migration (0.3.6) ...
#10 2550.2 Selecting previously unselected package gsettings-desktop-schemas.
#10 2550.2 Preparing to unpack .../026-gsettings-desktop-schemas_42.0-1ubuntu1_all.deb ...
#10 2550.2 Unpacking gsettings-desktop-schemas (42.0-1ubuntu1) ...
#10 2550.2 Selecting previously unselected package glib-networking:amd64.
#10 2550.2 Preparing to unpack .../027-glib-networking_2.72.0-1_amd64.deb ...
#10 2550.2 Unpacking glib-networking:amd64 (2.72.0-1) ...
#10 2550.3 Selecting previously unselected package libunwind8:amd64.
#10 2550.3 Preparing to unpack .../028-libunwind8_1.3.2-2build2.1_amd64.deb ...
#10 2550.3 Unpacking libunwind8:amd64 (1.3.2-2build2.1) ...
#10 2550.3 Selecting previously unselected package libgstreamer1.0-0:amd64.
#10 2550.3 Preparing to unpack .../029-libgstreamer1.0-0_1.20.3-0ubuntu1.1_amd64.deb ...
#10 2550.3 Unpacking libgstreamer1.0-0:amd64 (1.20.3-0ubuntu1.1) ...
#10 2550.4 Selecting previously unselected package liborc-0.4-0:amd64.
#10 2550.4 Preparing to unpack .../030-liborc-0.4-0_1%3a0.4.32-2ubuntu0.1_amd64.deb ...
#10 2550.4 Unpacking liborc-0.4-0:amd64 (1:0.4.32-2ubuntu0.1) ...
#10 2550.4 Selecting previously unselected package libgstreamer-plugins-base1.0-0:amd64.
#10 2550.4 Preparing to unpack .../031-libgstreamer-plugins-base1.0-0_1.20.1-1ubuntu0.5_amd64.deb ...
#10 2550.4 Unpacking libgstreamer-plugins-base1.0-0:amd64 (1.20.1-1ubuntu0.5) ...
#10 2550.4 Selecting previously unselected package gstreamer1.0-libav:amd64.
#10 2550.4 Preparing to unpack .../032-gstreamer1.0-libav_1.20.3-0ubuntu1_amd64.deb ...
#10 2550.5 Unpacking gstreamer1.0-libav:amd64 (1.20.3-0ubuntu1) ...
#10 2550.5 Selecting previously unselected package libcdparanoia0:amd64.
#10 2550.5 Preparing to unpack .../033-libcdparanoia0_3.10.2+debian-14build2_amd64.deb ...
#10 2550.5 Unpacking libcdparanoia0:amd64 (3.10.2+debian-14build2) ...
#10 2550.5 Selecting previously unselected package libvisual-0.4-0:amd64.
#10 2550.5 Preparing to unpack .../034-libvisual-0.4-0_0.4.0-17build2_amd64.deb ...
#10 2550.5 Unpacking libvisual-0.4-0:amd64 (0.4.0-17build2) ...
#10 2550.6 Selecting previously unselected package gstreamer1.0-plugins-base:amd64.
#10 2550.6 Preparing to unpack .../035-gstreamer1.0-plugins-base_1.20.1-1ubuntu0.5_amd64.deb ...
#10 2550.6 Unpacking gstreamer1.0-plugins-base:amd64 (1.20.1-1ubuntu0.5) ...
#10 2550.6 Selecting previously unselected package libgpm2:amd64.
#10 2550.6 Preparing to unpack .../036-libgpm2_1.20.7-10build1_amd64.deb ...
#10 2550.6 Unpacking libgpm2:amd64 (1.20.7-10build1) ...
#10 2550.6 Selecting previously unselected package libaa1:amd64.
#10 2550.7 Preparing to unpack .../037-libaa1_1.4p5-50build1_amd64.deb ...
#10 2550.7 Unpacking libaa1:amd64 (1.4p5-50build1) ...
#10 2550.7 Selecting previously unselected package libdv4:amd64.
#10 2550.7 Preparing to unpack .../038-libdv4_1.0.0-14build1_amd64.deb ...
#10 2550.7 Unpacking libdv4:amd64 (1.0.0-14build1) ...
#10 2550.7 Selecting previously unselected package libgstreamer-plugins-good1.0-0:amd64.
#10 2550.7 Preparing to unpack .../039-libgstreamer-plugins-good1.0-0_1.20.3-0ubuntu1.4_amd64.deb ...
#10 2550.7 Unpacking libgstreamer-plugins-good1.0-0:amd64 (1.20.3-0ubuntu1.4) ...
#10 2550.8 Selecting previously unselected package libgudev-1.0-0:amd64.
#10 2550.8 Preparing to unpack .../040-libgudev-1.0-0_1%3a237-2build1_amd64.deb ...
#10 2550.8 Unpacking libgudev-1.0-0:amd64 (1:237-2build1) ...
#10 2550.8 Selecting previously unselected package libshout3:amd64.
#10 2550.8 Preparing to unpack .../041-libshout3_2.4.5-1build3_amd64.deb ...
#10 2550.8 Unpacking libshout3:amd64 (2.4.5-1build3) ...
#10 2550.8 Selecting previously unselected package libtag1v5-vanilla:amd64.
#10 2550.9 Preparing to unpack .../042-libtag1v5-vanilla_1.11.1+dfsg.1-3ubuntu3_amd64.deb ...
#10 2550.9 Unpacking libtag1v5-vanilla:amd64 (1.11.1+dfsg.1-3ubuntu3) ...
#10 2550.9 Selecting previously unselected package libtag1v5:amd64.
#10 2550.9 Preparing to unpack .../043-libtag1v5_1.11.1+dfsg.1-3ubuntu3_amd64.deb ...
#10 2550.9 Unpacking libtag1v5:amd64 (1.11.1+dfsg.1-3ubuntu3) ...
#10 2550.9 Selecting previously unselected package libv4lconvert0:amd64.
#10 2550.9 Preparing to unpack .../044-libv4lconvert0_1.22.1-2build1_amd64.deb ...
#10 2550.9 Unpacking libv4lconvert0:amd64 (1.22.1-2build1) ...
#10 2551.0 Selecting previously unselected package libv4l-0:amd64.
#10 2551.0 Preparing to unpack .../045-libv4l-0_1.22.1-2build1_amd64.deb ...
#10 2551.0 Unpacking libv4l-0:amd64 (1.22.1-2build1) ...
#10 2551.0 Selecting previously unselected package libwavpack1:amd64.
#10 2551.0 Preparing to unpack .../046-libwavpack1_5.4.0-1build2_amd64.deb ...
#10 2551.0 Unpacking libwavpack1:amd64 (5.4.0-1build2) ...
#10 2551.0 Selecting previously unselected package libxdamage1:amd64.
#10 2551.0 Preparing to unpack .../047-libxdamage1_1%3a1.1.5-2build2_amd64.deb ...
#10 2551.0 Unpacking libxdamage1:amd64 (1:1.1.5-2build2) ...
#10 2551.1 Selecting previously unselected package libsoup2.4-common.
#10 2551.1 Preparing to unpack .../048-libsoup2.4-common_2.74.2-3ubuntu0.6_all.deb ...
#10 2551.1 Unpacking libsoup2.4-common (2.74.2-3ubuntu0.6) ...
#10 2551.1 Preparing to unpack .../049-libxml2_2.9.14+dfsg-0.1+ubuntu22.04.1+deb.sury.org+1_amd64.deb ...
#10 2551.1 Unpacking libxml2:amd64 (2.9.14+dfsg-0.1+ubuntu22.04.1+deb.sury.org+1) over (2.9.13+dfsg-1ubuntu0.10) ...
#10 2551.2 Selecting previously unselected package libsoup2.4-1:amd64.
#10 2551.2 Preparing to unpack .../050-libsoup2.4-1_2.74.2-3ubuntu0.6_amd64.deb ...
#10 2551.2 Unpacking libsoup2.4-1:amd64 (2.74.2-3ubuntu0.6) ...
#10 2551.2 Selecting previously unselected package gstreamer1.0-plugins-good:amd64.
#10 2551.2 Preparing to unpack .../051-gstreamer1.0-plugins-good_1.20.3-0ubuntu1.4_amd64.deb ...
#10 2551.2 Unpacking gstreamer1.0-plugins-good:amd64 (1.20.3-0ubuntu1.4) ...
#10 2551.3 Selecting previously unselected package hunspell-en-us.
#10 2551.3 Preparing to unpack .../052-hunspell-en-us_1%3a2020.12.07-2_all.deb ...
#10 2551.3 Unpacking hunspell-en-us (1:2020.12.07-2) ...
#10 2551.3 Selecting previously unselected package libaspell15:amd64.
#10 2551.3 Preparing to unpack .../053-libaspell15_0.60.8-4build1_amd64.deb ...
#10 2551.3 Unpacking libaspell15:amd64 (0.60.8-4build1) ...
#10 2551.4 Selecting previously unselected package libatk1.0-data.
#10 2551.4 Preparing to unpack .../054-libatk1.0-data_2.36.0-3build1_all.deb ...
#10 2551.4 Unpacking libatk1.0-data (2.36.0-3build1) ...
#10 2551.4 Selecting previously unselected package libatk1.0-0:amd64.
#10 2551.4 Preparing to unpack .../055-libatk1.0-0_2.36.0-3build1_amd64.deb ...
#10 2551.4 Unpacking libatk1.0-0:amd64 (2.36.0-3build1) ...
#10 2551.5 Selecting previously unselected package libatspi2.0-0:amd64.
#10 2551.5 Preparing to unpack .../056-libatspi2.0-0_2.44.0-3_amd64.deb ...
#10 2551.5 Unpacking libatspi2.0-0:amd64 (2.44.0-3) ...
#10 2551.5 Selecting previously unselected package libatk-bridge2.0-0:amd64.
#10 2551.5 Preparing to unpack .../057-libatk-bridge2.0-0_2.38.0-3_amd64.deb ...
#10 2551.5 Unpacking libatk-bridge2.0-0:amd64 (2.38.0-3) ...
#10 2551.6 Selecting previously unselected package liblzo2-2:amd64.
#10 2551.6 Preparing to unpack .../058-liblzo2-2_2.10-2build3_amd64.deb ...
#10 2551.6 Unpacking liblzo2-2:amd64 (2.10-2build3) ...
#10 2551.6 Selecting previously unselected package libcairo-script-interpreter2:amd64.
#10 2551.6 Preparing to unpack .../059-libcairo-script-interpreter2_1.16.0-5ubuntu2_amd64.deb ...
#10 2551.6 Unpacking libcairo-script-interpreter2:amd64 (1.16.0-5ubuntu2) ...
#10 2551.6 Selecting previously unselected package libcolord2:amd64.
#10 2551.6 Preparing to unpack .../060-libcolord2_1.4.6-1_amd64.deb ...
#10 2551.6 Unpacking libcolord2:amd64 (1.4.6-1) ...
#10 2551.7 Selecting previously unselected package libdbus-glib-1-2:amd64.
#10 2551.7 Preparing to unpack .../061-libdbus-glib-1-2_0.112-2build1_amd64.deb ...
#10 2551.7 Unpacking libdbus-glib-1-2:amd64 (0.112-2build1) ...
#10 2551.7 Selecting previously unselected package libdvdread8:amd64.
#10 2551.7 Preparing to unpack .../062-libdvdread8_6.1.2-1_amd64.deb ...
#10 2551.7 Unpacking libdvdread8:amd64 (6.1.2-1) ...
#10 2551.8 Selecting previously unselected package libdvdnav4:amd64.
#10 2551.8 Preparing to unpack .../063-libdvdnav4_6.1.1-1_amd64.deb ...
#10 2551.8 Unpacking libdvdnav4:amd64 (6.1.1-1) ...
#10 2551.8 Selecting previously unselected package libegl-mesa0:amd64.
#10 2551.8 Preparing to unpack .../064-libegl-mesa0_23.2.1-1ubuntu3.1~22.04.3_amd64.deb ...
#10 2551.8 Unpacking libegl-mesa0:amd64 (23.2.1-1ubuntu3.1~22.04.3) ...
#10 2551.8 Selecting previously unselected package libhunspell-1.7-0:amd64.
#10 2551.8 Preparing to unpack .../065-libhunspell-1.7-0_1.7.0-4build1_amd64.deb ...
#10 2551.8 Unpacking libhunspell-1.7-0:amd64 (1.7.0-4build1) ...
#10 2551.9 Selecting previously unselected package libenchant-2-2:amd64.
#10 2551.9 Preparing to unpack .../066-libenchant-2-2_2.3.2-1ubuntu2_amd64.deb ...
#10 2551.9 Unpacking libenchant-2-2:amd64 (2.3.2-1ubuntu2) ...
#10 2551.9 Selecting previously unselected package libepoxy0:amd64.
#10 2551.9 Preparing to unpack .../067-libepoxy0_1.5.10-1_amd64.deb ...
#10 2551.9 Unpacking libepoxy0:amd64 (1.5.10-1) ...
#10 2552.0 Selecting previously unselected package libevent-2.1-7:amd64.
#10 2552.0 Preparing to unpack .../068-libevent-2.1-7_2.1.12-stable-1build3_amd64.deb ...
#10 2552.0 Unpacking libevent-2.1-7:amd64 (2.1.12-stable-1build3) ...
#10 2552.0 Selecting previously unselected package libfaad2:amd64.
#10 2552.0 Preparing to unpack .../069-libfaad2_2.10.0-2_amd64.deb ...
#10 2552.0 Unpacking libfaad2:amd64 (2.10.0-2) ...
#10 2552.0 Selecting previously unselected package libffi7:amd64.
#10 2552.0 Preparing to unpack .../070-libffi7_3.3-5ubuntu1_amd64.deb ...
#10 2552.1 Unpacking libffi7:amd64 (3.3-5ubuntu1) ...
#10 2552.1 Selecting previously unselected package libinstpatch-1.0-2:amd64.
#10 2552.1 Preparing to unpack .../071-libinstpatch-1.0-2_1.1.6-1_amd64.deb ...
#10 2552.1 Unpacking libinstpatch-1.0-2:amd64 (1.1.6-1) ...
#10 2552.1 Selecting previously unselected package timgm6mb-soundfont.
#10 2552.1 Preparing to unpack .../072-timgm6mb-soundfont_1.3-5_all.deb ...
#10 2552.1 Unpacking timgm6mb-soundfont (1.3-5) ...
#10 2552.5 Selecting previously unselected package libfluidsynth3:amd64.
#10 2552.5 Preparing to unpack .../073-libfluidsynth3_2.2.5-1_amd64.deb ...
#10 2552.5 Unpacking libfluidsynth3:amd64 (2.2.5-1) ...
#10 2552.5 Selecting previously unselected package libfontenc1:amd64.
#10 2552.5 Preparing to unpack .../074-libfontenc1_1%3a1.1.4-1build3_amd64.deb ...
#10 2552.5 Unpacking libfontenc1:amd64 (1:1.1.4-1build3) ...
#10 2552.6 Selecting previously unselected package libfreeaptx0:amd64.
#10 2552.6 Preparing to unpack .../075-libfreeaptx0_0.1.1-1_amd64.deb ...
#10 2552.6 Unpacking libfreeaptx0:amd64 (0.1.1-1) ...
#10 2552.6 Selecting previously unselected package libgraphene-1.0-0:amd64.
#10 2552.6 Preparing to unpack .../076-libgraphene-1.0-0_1.10.8-1_amd64.deb ...
#10 2552.6 Unpacking libgraphene-1.0-0:amd64 (1.10.8-1) ...
#10 2552.7 Selecting previously unselected package libgssdp-1.2-0:amd64.
#10 2552.7 Preparing to unpack .../077-libgssdp-1.2-0_1.4.0.1-2build1_amd64.deb ...
#10 2552.7 Unpacking libgssdp-1.2-0:amd64 (1.4.0.1-2build1) ...
#10 2552.7 Selecting previously unselected package libegl1:amd64.
#10 2552.7 Preparing to unpack .../078-libegl1_1.4.0-1_amd64.deb ...
#10 2552.7 Unpacking libegl1:amd64 (1.4.0-1) ...
#10 2552.7 Selecting previously unselected package libgstreamer-gl1.0-0:amd64.
#10 2552.7 Preparing to unpack .../079-libgstreamer-gl1.0-0_1.20.1-1ubuntu0.5_amd64.deb ...
#10 2552.8 Unpacking libgstreamer-gl1.0-0:amd64 (1.20.1-1ubuntu0.5) ...
#10 2552.8 Selecting previously unselected package libxcomposite1:amd64.
#10 2552.8 Preparing to unpack .../080-libxcomposite1_1%3a0.4.5-1build2_amd64.deb ...
#10 2552.8 Unpacking libxcomposite1:amd64 (1:0.4.5-1build2) ...
#10 2552.8 Selecting previously unselected package libgtk-3-common.
#10 2552.8 Preparing to unpack .../081-libgtk-3-common_3.24.33-1ubuntu2.2_all.deb ...
#10 2552.8 Unpacking libgtk-3-common (3.24.33-1ubuntu2.2) ...
#10 2552.9 Selecting previously unselected package libgtk-3-0:amd64.
#10 2552.9 Preparing to unpack .../082-libgtk-3-0_3.24.33-1ubuntu2.2_amd64.deb ...
#10 2552.9 Unpacking libgtk-3-0:amd64 (3.24.33-1ubuntu2.2) ...
#10 2553.0 Selecting previously unselected package libgtk-4-common.
#10 2553.0 Preparing to unpack .../083-libgtk-4-common_4.6.9+ds-0ubuntu0.22.04.2_all.deb ...
#10 2553.0 Unpacking libgtk-4-common (4.6.9+ds-0ubuntu0.22.04.2) ...
#10 2553.0 Selecting previously unselected package libgtk-4-1:amd64.
#10 2553.0 Preparing to unpack .../084-libgtk-4-1_4.6.9+ds-0ubuntu0.22.04.2_amd64.deb ...
#10 2553.1 Unpacking libgtk-4-1:amd64 (4.6.9+ds-0ubuntu0.22.04.2) ...
#10 2553.1 Selecting previously unselected package libgupnp-1.2-1:amd64.
#10 2553.1 Preparing to unpack .../085-libgupnp-1.2-1_1.4.3-1_amd64.deb ...
#10 2553.1 Unpacking libgupnp-1.2-1:amd64 (1.4.3-1) ...
#10 2553.2 Selecting previously unselected package libgupnp-igd-1.0-4:amd64.
#10 2553.2 Preparing to unpack .../086-libgupnp-igd-1.0-4_1.2.0-1build1_amd64.deb ...
#10 2553.2 Unpacking libgupnp-igd-1.0-4:amd64 (1.2.0-1build1) ...
#10 2553.2 Selecting previously unselected package libharfbuzz-icu0:amd64.
#10 2553.2 Preparing to unpack .../087-libharfbuzz-icu0_2.7.4-1ubuntu3.2_amd64.deb ...
#10 2553.2 Unpacking libharfbuzz-icu0:amd64 (2.7.4-1ubuntu3.2) ...
#10 2553.2 Selecting previously unselected package libhyphen0:amd64.
#10 2553.2 Preparing to unpack .../088-libhyphen0_2.8.8-7build2_amd64.deb ...
#10 2553.3 Unpacking libhyphen0:amd64 (2.8.8-7build2) ...
#10 2553.3 Selecting previously unselected package libice6:amd64.
#10 2553.3 Preparing to unpack .../089-libice6_2%3a1.0.10-1build2_amd64.deb ...
#10 2553.3 Unpacking libice6:amd64 (2:1.0.10-1build2) ...
#10 2553.3 Selecting previously unselected package libilmbase25:amd64.
#10 2553.3 Preparing to unpack .../090-libilmbase25_2.5.7-2_amd64.deb ...
#10 2553.3 Unpacking libilmbase25:amd64 (2.5.7-2) ...
#10 2553.4 Selecting previously unselected package libjson-glib-1.0-common.
#10 2553.4 Preparing to unpack .../091-libjson-glib-1.0-common_1.6.6-1build1_all.deb ...
#10 2553.4 Unpacking libjson-glib-1.0-common (1.6.6-1build1) ...
#10 2553.4 Selecting previously unselected package libjson-glib-1.0-0:amd64.
#10 2553.4 Preparing to unpack .../092-libjson-glib-1.0-0_1.6.6-1build1_amd64.deb ...
#10 2553.4 Unpacking libjson-glib-1.0-0:amd64 (1.6.6-1build1) ...
#10 2553.4 Selecting previously unselected package libkate1:amd64.
#10 2553.4 Preparing to unpack .../093-libkate1_0.4.1-11build1_amd64.deb ...
#10 2553.4 Unpacking libkate1:amd64 (0.4.1-11build1) ...
#10 2553.5 Selecting previously unselected package libldacbt-enc2:amd64.
#10 2553.5 Preparing to unpack .../094-libldacbt-enc2_2.0.2.3+git20200429+ed310a0-4_amd64.deb ...
#10 2553.5 Unpacking libldacbt-enc2:amd64 (2.0.2.3+git20200429+ed310a0-4) ...
#10 2553.5 Selecting previously unselected package libltc11:amd64.
#10 2553.5 Preparing to unpack .../095-libltc11_1.3.1-1_amd64.deb ...
#10 2553.5 Unpacking libltc11:amd64 (1.3.1-1) ...
#10 2553.6 Selecting previously unselected package libevdev2:amd64.
#10 2553.6 Preparing to unpack .../096-libevdev2_1.12.1+dfsg-1_amd64.deb ...
#10 2553.6 Unpacking libevdev2:amd64 (1.12.1+dfsg-1) ...
#10 2553.6 Selecting previously unselected package libmanette-0.2-0:amd64.
#10 2553.6 Preparing to unpack .../097-libmanette-0.2-0_0.2.6-3build1_amd64.deb ...
#10 2553.6 Unpacking libmanette-0.2-0:amd64 (0.2.6-3build1) ...
#10 2553.6 Selecting previously unselected package libmjpegutils-2.1-0:amd64.
#10 2553.6 Preparing to unpack .../098-libmjpegutils-2.1-0_1%3a2.1.0+debian-6build1_amd64.deb ...
#10 2553.6 Unpacking libmjpegutils-2.1-0:amd64 (1:2.1.0+debian-6build1) ...
#10 2553.7 Selecting previously unselected package libmodplug1:amd64.
#10 2553.7 Preparing to unpack .../099-libmodplug1_1%3a0.8.9.0-3_amd64.deb ...
#10 2553.7 Unpacking libmodplug1:amd64 (1:0.8.9.0-3) ...
#10 2553.7 Selecting previously unselected package libmpcdec6:amd64.
#10 2553.7 Preparing to unpack .../100-libmpcdec6_2%3a0.1~r495-2_amd64.deb ...
#10 2553.7 Unpacking libmpcdec6:amd64 (2:0.1~r495-2) ...
#10 2553.8 Selecting previously unselected package libmpeg2encpp-2.1-0:amd64.
#10 2553.8 Preparing to unpack .../101-libmpeg2encpp-2.1-0_1%3a2.1.0+debian-6build1_amd64.deb ...
#10 2553.8 Unpacking libmpeg2encpp-2.1-0:amd64 (1:2.1.0+debian-6build1) ...
#10 2553.8 Selecting previously unselected package libmplex2-2.1-0:amd64.
#10 2553.8 Preparing to unpack .../102-libmplex2-2.1-0_1%3a2.1.0+debian-6build1_amd64.deb ...
#10 2553.8 Unpacking libmplex2-2.1-0:amd64 (1:2.1.0+debian-6build1) ...
#10 2553.9 Selecting previously unselected package libnice10:amd64.
#10 2553.9 Preparing to unpack .../103-libnice10_0.1.18-2_amd64.deb ...
#10 2553.9 Unpacking libnice10:amd64 (0.1.18-2) ...
#10 2553.9 Selecting previously unselected package libnotify4:amd64.
#10 2553.9 Preparing to unpack .../104-libnotify4_0.7.9-3ubuntu5.22.04.1_amd64.deb ...
#10 2553.9 Unpacking libnotify4:amd64 (0.7.9-3ubuntu5.22.04.1) ...
#10 2553.9 Selecting previously unselected package libnspr4:amd64.
#10 2553.9 Preparing to unpack .../105-libnspr4_2%3a4.35-0ubuntu0.22.04.1_amd64.deb ...
#10 2554.0 Unpacking libnspr4:amd64 (2:4.35-0ubuntu0.22.04.1) ...
#10 2554.0 Selecting previously unselected package libnss3:amd64.
#10 2554.0 Preparing to unpack .../106-libnss3_2%3a3.98-0ubuntu0.22.04.2_amd64.deb ...
#10 2554.0 Unpacking libnss3:amd64 (2:3.98-0ubuntu0.22.04.2) ...
#10 2554.1 Selecting previously unselected package libopenexr25:amd64.
#10 2554.1 Preparing to unpack .../107-libopenexr25_2.5.7-1_amd64.deb ...
#10 2554.1 Unpacking libopenexr25:amd64 (2.5.7-1) ...
#10 2554.2 Selecting previously unselected package libopenh264-6:amd64.
#10 2554.2 Preparing to unpack .../108-libopenh264-6_2.2.0+dfsg-2_amd64.deb ...
#10 2554.2 Unpacking libopenh264-6:amd64 (2.2.0+dfsg-2) ...
#10 2554.2 Selecting previously unselected package libopenni2-0:amd64.
#10 2554.2 Preparing to unpack .../109-libopenni2-0_2.2.0.33+dfsg-15_amd64.deb ...
#10 2554.2 Unpacking libopenni2-0:amd64 (2.2.0.33+dfsg-15) ...
#10 2554.3 Selecting previously unselected package libqrencode4:amd64.
#10 2554.3 Preparing to unpack .../110-libqrencode4_4.1.1-1_amd64.deb ...
#10 2554.3 Unpacking libqrencode4:amd64 (4.1.1-1) ...
#10 2554.3 Selecting previously unselected package libsecret-common.
#10 2554.3 Preparing to unpack .../111-libsecret-common_0.20.5-2_all.deb ...
#10 2554.3 Unpacking libsecret-common (0.20.5-2) ...
#10 2554.4 Selecting previously unselected package libsecret-1-0:amd64.
#10 2554.4 Preparing to unpack .../112-libsecret-1-0_0.20.5-2_amd64.deb ...
#10 2554.4 Unpacking libsecret-1-0:amd64 (0.20.5-2) ...
#10 2554.4 Selecting previously unselected package libsm6:amd64.
#10 2554.4 Preparing to unpack .../113-libsm6_2%3a1.2.3-1build2_amd64.deb ...
#10 2554.4 Unpacking libsm6:amd64 (2:1.2.3-1build2) ...
#10 2554.4 Selecting previously unselected package libsoundtouch1:amd64.
#10 2554.4 Preparing to unpack .../114-libsoundtouch1_2.3.1+ds1-1_amd64.deb ...
#10 2554.5 Unpacking libsoundtouch1:amd64 (2.3.1+ds1-1) ...
#10 2554.5 Selecting previously unselected package libsoup-3.0-common.
#10 2554.5 Preparing to unpack .../115-libsoup-3.0-common_3.0.7-0ubuntu1_all.deb ...
#10 2554.5 Unpacking libsoup-3.0-common (3.0.7-0ubuntu1) ...
#10 2554.5 Selecting previously unselected package libsoup-3.0-0:amd64.
#10 2554.5 Preparing to unpack .../116-libsoup-3.0-0_3.0.7-0ubuntu1_amd64.deb ...
#10 2554.5 Unpacking libsoup-3.0-0:amd64 (3.0.7-0ubuntu1) ...
#10 2554.6 Selecting previously unselected package libspandsp2:amd64.
#10 2554.6 Preparing to unpack .../117-libspandsp2_0.0.6+dfsg-2_amd64.deb ...
#10 2554.6 Unpacking libspandsp2:amd64 (0.0.6+dfsg-2) ...
#10 2554.6 Selecting previously unselected package libsrtp2-1:amd64.
#10 2554.6 Preparing to unpack .../118-libsrtp2-1_2.4.2-2_amd64.deb ...
#10 2554.6 Unpacking libsrtp2-1:amd64 (2.4.2-2) ...
#10 2554.7 Selecting previously unselected package libwebrtc-audio-processing1:amd64.
#10 2554.7 Preparing to unpack .../119-libwebrtc-audio-processing1_0.3.1-0ubuntu5_amd64.deb ...
#10 2554.7 Unpacking libwebrtc-audio-processing1:amd64 (0.3.1-0ubuntu5) ...
#10 2554.7 Selecting previously unselected package libwildmidi2:amd64.
#10 2554.7 Preparing to unpack .../120-libwildmidi2_0.4.3-1_amd64.deb ...
#10 2554.7 Unpacking libwildmidi2:amd64 (0.4.3-1) ...
#10 2554.8 Selecting previously unselected package libwoff1:amd64.
#10 2554.8 Preparing to unpack .../121-libwoff1_1.0.2-1build4_amd64.deb ...
#10 2554.8 Unpacking libwoff1:amd64 (1.0.2-1build4) ...
#10 2554.8 Selecting previously unselected package libxt6:amd64.
#10 2554.8 Preparing to unpack .../122-libxt6_1%3a1.2.1-1_amd64.deb ...
#10 2554.8 Unpacking libxt6:amd64 (1:1.2.1-1) ...
#10 2554.8 Selecting previously unselected package libxmu6:amd64.
#10 2554.8 Preparing to unpack .../123-libxmu6_2%3a1.1.3-3_amd64.deb ...
#10 2554.8 Unpacking libxmu6:amd64 (2:1.1.3-3) ...
#10 2554.9 Selecting previously unselected package libxaw7:amd64.
#10 2554.9 Preparing to unpack .../124-libxaw7_2%3a1.0.14-1_amd64.deb ...
#10 2554.9 Unpacking libxaw7:amd64 (2:1.0.14-1) ...
#10 2554.9 Selecting previously unselected package libxfont2:amd64.
#10 2554.9 Preparing to unpack .../125-libxfont2_1%3a2.0.5-1build1_amd64.deb ...
#10 2554.9 Unpacking libxfont2:amd64 (1:2.0.5-1build1) ...
#10 2555.0 Selecting previously unselected package libxkbfile1:amd64.
#10 2555.0 Preparing to unpack .../126-libxkbfile1_1%3a1.1.0-1build3_amd64.deb ...
#10 2555.0 Unpacking libxkbfile1:amd64 (1:1.1.0-1build3) ...
#10 2555.0 Selecting previously unselected package libxtst6:amd64.
#10 2555.0 Preparing to unpack .../127-libxtst6_2%3a1.2.3-1build4_amd64.deb ...
#10 2555.0 Unpacking libxtst6:amd64 (2:1.2.3-1build4) ...
#10 2555.0 Selecting previously unselected package libzbar0:amd64.
#10 2555.0 Preparing to unpack .../128-libzbar0_0.23.92-4build2_amd64.deb ...
#10 2555.0 Unpacking libzbar0:amd64 (0.23.92-4build2) ...
#10 2555.1 Selecting previously unselected package libzxingcore1:amd64.
#10 2555.1 Preparing to unpack .../129-libzxingcore1_1.2.0-1_amd64.deb ...
#10 2555.1 Unpacking libzxingcore1:amd64 (1.2.0-1) ...
#10 2555.1 Selecting previously unselected package x11-xkb-utils.
#10 2555.1 Preparing to unpack .../130-x11-xkb-utils_7.7+5build4_amd64.deb ...
#10 2555.1 Unpacking x11-xkb-utils (7.7+5build4) ...
#10 2555.2 Selecting previously unselected package xfonts-encodings.
#10 2555.2 Preparing to unpack .../131-xfonts-encodings_1%3a1.0.5-0ubuntu2_all.deb ...
#10 2555.2 Unpacking xfonts-encodings (1:1.0.5-0ubuntu2) ...
#10 2555.2 Selecting previously unselected package xfonts-utils.
#10 2555.2 Preparing to unpack .../132-xfonts-utils_1%3a7.7+6build2_amd64.deb ...
#10 2555.2 Unpacking xfonts-utils (1:7.7+6build2) ...
#10 2555.2 Selecting previously unselected package xfonts-cyrillic.
#10 2555.3 Preparing to unpack .../133-xfonts-cyrillic_1%3a1.0.5_all.deb ...
#10 2555.3 Unpacking xfonts-cyrillic (1:1.0.5) ...
#10 2555.3 Selecting previously unselected package xfonts-scalable.
#10 2555.3 Preparing to unpack .../134-xfonts-scalable_1%3a1.0.3-1.2ubuntu1_all.deb ...
#10 2555.3 Unpacking xfonts-scalable (1:1.0.3-1.2ubuntu1) ...
#10 2555.4 Selecting previously unselected package xserver-common.
#10 2555.4 Preparing to unpack .../135-xserver-common_2%3a21.1.4-2ubuntu1.7~22.04.16_all.deb ...
#10 2555.4 Unpacking xserver-common (2:21.1.4-2ubuntu1.7~22.04.16) ...
#10 2555.4 Selecting previously unselected package xvfb.
#10 2555.4 Preparing to unpack .../136-xvfb_2%3a21.1.4-2ubuntu1.7~22.04.16_amd64.deb ...
#10 2555.4 Unpacking xvfb (2:21.1.4-2ubuntu1.7~22.04.16) ...
#10 2555.4 Selecting previously unselected package libdca0:amd64.
#10 2555.4 Preparing to unpack .../137-libdca0_0.0.7-2_amd64.deb ...
#10 2555.5 Unpacking libdca0:amd64 (0.0.7-2) ...
#10 2555.5 Selecting previously unselected package libgstreamer-plugins-bad1.0-0:amd64.
#10 2555.5 Preparing to unpack .../138-libgstreamer-plugins-bad1.0-0_1.20.3-0ubuntu1.1_amd64.deb ...
#10 2555.5 Unpacking libgstreamer-plugins-bad1.0-0:amd64 (1.20.3-0ubuntu1.1) ...
#10 2555.5 Selecting previously unselected package libsbc1:amd64.
#10 2555.5 Preparing to unpack .../139-libsbc1_1.5-3build2_amd64.deb ...
#10 2555.6 Unpacking libsbc1:amd64 (1.5-3build2) ...
#10 2555.6 Selecting previously unselected package libvo-aacenc0:amd64.
#10 2555.6 Preparing to unpack .../140-libvo-aacenc0_0.1.3-2_amd64.deb ...
#10 2555.6 Unpacking libvo-aacenc0:amd64 (0.1.3-2) ...
#10 2555.6 Selecting previously unselected package libvo-amrwbenc0:amd64.
#10 2555.6 Preparing to unpack .../141-libvo-amrwbenc0_0.1.3-2_amd64.deb ...
#10 2555.6 Unpacking libvo-amrwbenc0:amd64 (0.1.3-2) ...
#10 2555.7 Selecting previously unselected package gstreamer1.0-plugins-bad:amd64.
#10 2555.7 Preparing to unpack .../142-gstreamer1.0-plugins-bad_1.20.3-0ubuntu1.1_amd64.deb ...
#10 2555.7 Unpacking gstreamer1.0-plugins-bad:amd64 (1.20.3-0ubuntu1.1) ...
#10 2555.8 Selecting previously unselected package libgles2:amd64.
#10 2555.8 Preparing to unpack .../143-libgles2_1.4.0-1_amd64.deb ...
#10 2555.8 Unpacking libgles2:amd64 (1.4.0-1) ...
#10 2555.8 Selecting previously unselected package libopengl0:amd64.
#10 2555.8 Preparing to unpack .../144-libopengl0_1.4.0-1_amd64.deb ...
#10 2555.8 Unpacking libopengl0:amd64 (1.4.0-1) ...
#10 2555.9 Setting up libtext-iconv-perl (1.7-7build3) ...
#10 2555.9 Setting up libfreeaptx0:amd64 (0.1.1-1) ...
#10 2555.9 Setting up libmodplug1:amd64 (1:0.8.9.0-3) ...
#10 2555.9 Setting up libcdparanoia0:amd64 (3.10.2+debian-14build2) ...
#10 2555.9 Setting up gtk-update-icon-cache (3.24.33-1ubuntu2.2) ...
#10 2556.0 Setting up libice6:amd64 (2:1.0.10-1build2) ...
#10 2556.0 Setting up libvo-amrwbenc0:amd64 (0.1.3-2) ...
#10 2556.0 Setting up session-migration (0.3.6) ...
#10 2556.1 Created symlink /etc/systemd/user/graphical-session-pre.target.wants/session-migration.service ΓåÆ /usr/lib/systemd/user/session-migration.service.
#10 2556.1 Setting up systemd-sysv (249.11-0ubuntu3.17) ...
#10 2556.1 Setting up libsbc1:amd64 (1.5-3build2) ...
#10 2556.1 Setting up libproxy1v5:amd64 (0.4.17-2) ...
#10 2556.1 Setting up libtag1v5-vanilla:amd64 (1.11.1+dfsg.1-3ubuntu3) ...
#10 2556.1 Setting up libkate1:amd64 (0.4.1-11build1) ...
#10 2556.2 Setting up libharfbuzz-icu0:amd64 (2.7.4-1ubuntu3.2) ...
#10 2556.2 Setting up libgpm2:amd64 (1.20.7-10build1) ...
#10 2556.2 Setting up libxdamage1:amd64 (1:1.1.5-2build2) ...
#10 2556.2 Setting up libopenni2-0:amd64 (2.2.0.33+dfsg-15) ...
#10 2556.2 Setting up hicolor-icon-theme (0.17-2) ...
#10 2556.2 Setting up libwoff1:amd64 (1.0.2-1build4) ...
#10 2556.2 Setting up libqrencode4:amd64 (4.1.1-1) ...
#10 2556.3 Setting up libhyphen0:amd64 (2.8.8-7build2) ...
#10 2556.3 Setting up fonts-noto-color-emoji (2.047-0ubuntu0.22.04.1) ...
#10 2556.3 Setting up libvisual-0.4-0:amd64 (0.4.0-17build2) ...
#10 2556.3 Setting up libaspell15:amd64 (0.60.8-4build1) ...
#10 2556.3 Setting up libxtst6:amd64 (2:1.2.3-1build4) ...
#10 2556.3 Setting up libffi7:amd64 (3.3-5ubuntu1) ...
#10 2556.3 Setting up libldacbt-enc2:amd64 (2.0.2.3+git20200429+ed310a0-4) ...
#10 2556.3 Setting up fonts-wqy-zenhei (0.9.45-8) ...
#10 2556.4 Setting up libwebrtc-audio-processing1:amd64 (0.3.1-0ubuntu5) ...
#10 2556.4 Setting up fonts-freefont-ttf (20120503-10build1) ...
#10 2556.4 Setting up liblzo2-2:amd64 (2.10-2build3) ...
#10 2556.4 Setting up libilmbase25:amd64 (2.5.7-2) ...
#10 2556.4 Setting up libatspi2.0-0:amd64 (2.44.0-3) ...
#10 2556.4 Setting up libsoup-3.0-common (3.0.7-0ubuntu1) ...
#10 2556.4 Setting up libunwind8:amd64 (1.3.2-2build2.1) ...
#10 2556.4 Setting up libmpcdec6:amd64 (2:0.1~r495-2) ...
#10 2556.5 Setting up libcolord2:amd64 (1.4.6-1) ...
#10 2556.5 Setting up libopengl0:amd64 (1.4.0-1) ...
#10 2556.5 Setting up libspandsp2:amd64 (0.0.6+dfsg-2) ...
#10 2556.5 Setting up libvo-aacenc0:amd64 (0.1.3-2) ...
#10 2556.5 Setting up libopenexr25:amd64 (2.5.7-1) ...
#10 2556.5 Setting up libdconf1:amd64 (0.40.0-3ubuntu0.1) ...
#10 2556.5 Setting up libfontenc1:amd64 (1:1.1.4-1build3) ...
#10 2556.5 Setting up libegl-mesa0:amd64 (23.2.1-1ubuntu3.1~22.04.3) ...
#10 2556.5 Setting up libsoundtouch1:amd64 (2.3.1+ds1-1) ...
#10 2556.6 Setting up libgles2:amd64 (1.4.0-1) ...
#10 2556.6 Setting up fonts-tlwg-loma-otf (1:0.7.3-1) ...
#10 2556.6 Setting up libdvdread8:amd64 (6.1.2-1) ...
#10 2556.6 Setting up emacsen-common (3.0.4) ...
#10 2556.6 Setting up libepoxy0:amd64 (1.5.10-1) ...
#10 2556.6 Setting up libnspr4:amd64 (2:4.35-0ubuntu0.22.04.1) ...
#10 2556.7 Setting up libdbus-glib-1-2:amd64 (0.112-2build1) ...
#10 2556.7 Setting up libnotify4:amd64 (0.7.9-3ubuntu5.22.04.1) ...
#10 2556.7 Setting up xfonts-encodings (1:1.0.5-0ubuntu2) ...
#10 2556.7 Setting up libfaad2:amd64 (2.10.0-2) ...
#10 2556.7 Setting up libshout3:amd64 (2.4.5-1build3) ...
#10 2556.7 Setting up libevent-2.1-7:amd64 (2.1.12-stable-1build3) ...
#10 2556.7 Setting up liborc-0.4-0:amd64 (1:0.4.32-2ubuntu0.1) ...
#10 2556.7 Setting up libltc11:amd64 (1.3.1-1) ...
#10 2556.7 Setting up libsoup2.4-common (2.74.2-3ubuntu0.6) ...
#10 2556.8 Setting up libatk1.0-data (2.36.0-3build1) ...
#10 2556.8 Setting up libtag1v5:amd64 (1.11.1+dfsg.1-3ubuntu3) ...
#10 2556.8 Setting up libdv4:amd64 (1.0.0-14build1) ...
#10 2556.8 Setting up fonts-ipafont-gothic (00303-21ubuntu1) ...
#10 2556.8 update-alternatives: using /usr/share/fonts/opentype/ipafont-gothic/ipag.ttf to provide /usr/share/fonts/truetype/fonts-japanese-gothic.ttf (fonts-japanese-gothic.ttf) in auto mode
#10 2556.8 Setting up libwildmidi2:amd64 (0.4.3-1) ...
#10 2556.8 Setting up libopenh264-6:amd64 (2.2.0+dfsg-2) ...
#10 2556.8 Setting up libwavpack1:amd64 (5.4.0-1build2) ...
#10 2556.8 Setting up libzxingcore1:amd64 (1.2.0-1) ...
#10 2556.9 Setting up libv4lconvert0:amd64 (1.22.1-2build1) ...
#10 2556.9 Setting up fonts-liberation (1:1.07.4-11) ...
#10 2556.9 Setting up libegl1:amd64 (1.4.0-1) ...
#10 2556.9 Setting up libpam-systemd:amd64 (249.11-0ubuntu3.17) ...
#10 2557.0 Setting up libdca0:amd64 (0.0.7-2) ...
#10 2557.0 Setting up libjson-glib-1.0-common (1.6.6-1build1) ...
#10 2557.0 Setting up libatk1.0-0:amd64 (2.36.0-3build1) ...
#10 2557.1 Setting up libxkbfile1:amd64 (1:1.1.0-1build3) ...
#10 2557.1 Setting up libhunspell-1.7-0:amd64 (1.7.0-4build1) ...
#10 2557.1 Setting up glib-networking-common (2.72.0-1) ...
#10 2557.1 Setting up timgm6mb-soundfont (1.3-5) ...
#10 2557.1 update-alternatives: using /usr/share/sounds/sf2/TimGM6mb.sf2 to provide /usr/share/sounds/sf2/default-GM.sf2 (default-GM.sf2) in auto mode
#10 2557.1 update-alternatives: using /usr/share/sounds/sf2/TimGM6mb.sf2 to provide /usr/share/sounds/sf3/default-GM.sf3 (default-GM.sf3) in auto mode
#10 2557.1 Setting up libxcomposite1:amd64 (1:0.4.5-1build2) ...
#10 2557.1 Setting up libsm6:amd64 (2:1.2.3-1build2) ...
#10 2557.1 Setting up libxfont2:amd64 (1:2.0.5-1build1) ...
#10 2557.2 Setting up libevdev2:amd64 (1.12.1+dfsg-1) ...
#10 2557.2 Setting up libxml2:amd64 (2.9.14+dfsg-0.1+ubuntu22.04.1+deb.sury.org+1) ...
#10 2557.2 Setting up libinstpatch-1.0-2:amd64 (1.1.6-1) ...
#10 2557.2 Setting up libmjpegutils-2.1-0:amd64 (1:2.1.0+debian-6build1) ...
#10 2557.2 Setting up iso-codes (4.9.0-1) ...
#10 2557.2 Setting up libgudev-1.0-0:amd64 (1:237-2build1) ...
#10 2557.2 Setting up libsecret-common (0.20.5-2) ...
#10 2557.2 Setting up libgstreamer1.0-0:amd64 (1.20.3-0ubuntu1.1) ...
#10 2557.2 Setcap worked! gst-ptp-helper is not suid!
#10 2557.3 Setting up libgraphene-1.0-0:amd64 (1.10.8-1) ...
#10 2557.3 Setting up libfluidsynth3:amd64 (2.2.5-1) ...
#10 2557.3 Setting up libdvdnav4:amd64 (6.1.1-1) ...
#10 2557.3 Setting up fonts-unifont (1:14.0.01-1) ...
#10 2557.3 Setting up libaa1:amd64 (1.4p5-50build1) ...
#10 2557.3 Setting up libcairo-script-interpreter2:amd64 (1.16.0-5ubuntu2) ...
#10 2557.3 Setting up glib-networking-services (2.72.0-1) ...
#10 2557.3 Setting up dictionaries-common (1.28.14) ...
#10 2557.5 Setting up libmanette-0.2-0:amd64 (0.2.6-3build1) ...
#10 2557.6 Setting up libgstreamer-plugins-base1.0-0:amd64 (1.20.1-1ubuntu0.5) ...
#10 2557.6 Setting up libnss3:amd64 (2:3.98-0ubuntu0.22.04.2) ...
#10 2557.6 Setting up xfonts-utils (1:7.7+6build2) ...
#10 2557.6 Setting up libjson-glib-1.0-0:amd64 (1.6.6-1build1) ...
#10 2557.6 Setting up libv4l-0:amd64 (1.22.1-2build1) ...
#10 2557.6 Setting up libatk-bridge2.0-0:amd64 (2.38.0-3) ...
#10 2557.6 Setting up libgstreamer-plugins-bad1.0-0:amd64 (1.20.3-0ubuntu1.1) ...
#10 2557.6 Setting up dbus-user-session (1.12.20-2ubuntu4.1) ...
#10 2557.7 Setting up libsecret-1-0:amd64 (0.20.5-2) ...
#10 2557.7 Setting up libgstreamer-plugins-good1.0-0:amd64 (1.20.3-0ubuntu1.4) ...
#10 2557.7 Setting up libgstreamer-gl1.0-0:amd64 (1.20.1-1ubuntu0.5) ...
#10 2557.7 Setting up gstreamer1.0-plugins-base:amd64 (1.20.1-1ubuntu0.5) ...
#10 2557.7 Setting up libmpeg2encpp-2.1-0:amd64 (1:2.1.0+debian-6build1) ...
#10 2557.7 Setting up libxt6:amd64 (1:1.2.1-1) ...
#10 2557.7 Setting up xfonts-cyrillic (1:1.0.5) ...
#10 2557.8 Setting up hunspell-en-us (1:2020.12.07-2) ...
#10 2557.8 Setting up libmplex2-2.1-0:amd64 (1:2.1.0+debian-6build1) ...
#10 2557.8 Setting up gstreamer1.0-libav:amd64 (1.20.3-0ubuntu1) ...
#10 2557.8 Setting up xfonts-scalable (1:1.0.3-1.2ubuntu1) ...
#10 2557.9 Setting up libxmu6:amd64 (2:1.1.3-3) ...
#10 2557.9 Setting up libenchant-2-2:amd64 (2.3.2-1ubuntu2) ...
#10 2557.9 Setting up libzbar0:amd64 (0.23.92-4build2) ...
#10 2557.9 Setting up libsrtp2-1:amd64 (2.4.2-2) ...
#10 2557.9 Setting up dconf-service (0.40.0-3ubuntu0.1) ...
#10 2557.9 Setting up libxaw7:amd64 (2:1.0.14-1) ...
#10 2557.9 Setting up dconf-gsettings-backend:amd64 (0.40.0-3ubuntu0.1) ...
#10 2557.9 Setting up x11-xkb-utils (7.7+5build4) ...
#10 2557.9 Setting up xserver-common (2:21.1.4-2ubuntu1.7~22.04.16) ...
#10 2558.0 Setting up libgtk-4-common (4.6.9+ds-0ubuntu0.22.04.2) ...
#10 2558.0 Setting up libgtk-3-common (3.24.33-1ubuntu2.2) ...
#10 2558.0 Setting up gsettings-desktop-schemas (42.0-1ubuntu1) ...
#10 2558.0 Setting up xvfb (2:21.1.4-2ubuntu1.7~22.04.16) ...
#10 2558.0 Setting up adwaita-icon-theme (41.0-1ubuntu1) ...
#10 2558.0 update-alternatives: using /usr/share/icons/Adwaita/cursor.theme to provide /usr/share/icons/default/index.theme (x-cursor-theme) in auto mode
#10 2558.0 Setting up humanity-icon-theme (0.6.16) ...
#10 2558.2 Setting up ubuntu-mono (20.10-0ubuntu2) ...
#10 2558.2 Processing triggers for man-db (2.10.2-1) ...
#10 2558.4 Processing triggers for dbus (1.12.20-2ubuntu4.1) ...
#10 2558.4 Processing triggers for fontconfig (2.13.1-4.2ubuntu5) ...
#10 2558.5 Processing triggers for libglib2.0-0:amd64 (2.72.4-0ubuntu2.6) ...
#10 2558.6 Setting up libgtk-3-0:amd64 (3.24.33-1ubuntu2.2) ...
#10 2558.6 Processing triggers for libc-bin (2.35-0ubuntu3.11) ...
#10 2558.6 Setting up libgtk-4-1:amd64 (4.6.9+ds-0ubuntu0.22.04.2) ...
#10 2558.7 Setting up glib-networking:amd64 (2.72.0-1) ...
#10 2558.7 Setting up libsoup2.4-1:amd64 (2.74.2-3ubuntu0.6) ...
#10 2558.7 Setting up gstreamer1.0-plugins-good:amd64 (1.20.3-0ubuntu1.4) ...
#10 2558.7 Setting up libsoup-3.0-0:amd64 (3.0.7-0ubuntu1) ...
#10 2558.7 Setting up libgssdp-1.2-0:amd64 (1.4.0.1-2build1) ...
#10 2558.8 Setting up libgupnp-1.2-1:amd64 (1.4.3-1) ...
#10 2558.8 Setting up libgupnp-igd-1.0-4:amd64 (1.2.0-1build1) ...
#10 2558.8 Setting up libnice10:amd64 (0.1.18-2) ...
#10 2558.8 Setting up gstreamer1.0-plugins-bad:amd64 (1.20.3-0ubuntu1.1) ...
#10 2558.8 Processing triggers for dictionaries-common (1.28.14) ...
#10 2559.0 Processing triggers for libc-bin (2.35-0ubuntu3.11) ...
#10 2560.6 Hit:1 https://deb.nodesource.com/node_24.x nodistro InRelease
#10 2560.7 Get:2 http://apt.postgresql.org/pub/repos/apt jammy-pgdg InRelease [107 kB]
#10 2560.8 Get:3 https://dl.yarnpkg.com/debian stable InRelease
#10 2560.9 Get:4 https://dl.yarnpkg.com/debian stable/main all Packages [11.8 kB]
#10 2560.9 Get:5 https://dl.yarnpkg.com/debian stable/main amd64 Packages [11.8 kB]
#10 2561.0 Get:6 http://apt.postgresql.org/pub/repos/apt jammy-pgdg/main amd64 Packages [644 kB]
#10 2561.1 Hit:7 http://security.ubuntu.com/ubuntu jammy-security InRelease
#10 2561.3 Hit:8 http://archive.ubuntu.com/ubuntu jammy InRelease
#10 2561.5 Hit:9 https://ppa.launchpadcontent.net/ondrej/php/ubuntu jammy InRelease
#10 2561.6 Hit:10 http://archive.ubuntu.com/ubuntu jammy-updates InRelease
#10 2561.8 Hit:11 http://archive.ubuntu.com/ubuntu jammy-backports InRelease
#10 2561.9 Fetched 792 kB in 1s (550 kB/s)
#10 2561.9 Reading package lists...
#10 2563.0 Reading package lists...
#10 2563.9 Building dependency tree...
#10 2564.1 Reading state information...
#10 2564.5 The following NEW packages will be installed:
#10 2564.5   yarn
#10 2564.7 0 upgraded, 1 newly installed, 0 to remove and 2 not upgraded.
#10 2564.7 Need to get 896 kB of archives.
#10 2564.7 After this operation, 5431 kB of additional disk space will be used.
#10 2564.7 Get:1 https://dl.yarnpkg.com/debian stable/main amd64 yarn all 1.22.22-1 [896 kB]
#10 2565.8 debconf: delaying package configuration, since apt-utils is not installed
#10 2565.8 Fetched 896 kB in 1s (759 kB/s)
#10 2565.9 Selecting previously unselected package yarn.
#10 2565.9 (Reading database ... 
(Reading database ... 5%
(Reading database ... 10%
(Reading database ... 15%
(Reading database ... 20%
(Reading database ... 25%
(Reading database ... 30%
(Reading database ... 35%
(Reading database ... 40%
(Reading database ... 45%
(Reading database ... 50%
(Reading database ... 55%
(Reading database ... 60%
(Reading database ... 65%
(Reading database ... 70%
(Reading database ... 75%
(Reading database ... 80%
(Reading database ... 85%
(Reading database ... 90%
(Reading database ... 95%
(Reading database ... 100%
(Reading database ... 49238 files and directories currently installed.)
#10 2565.9 Preparing to unpack .../yarn_1.22.22-1_all.deb ...
#10 2565.9 Unpacking yarn (1.22.22-1) ...
#10 2566.0 Setting up yarn (1.22.22-1) ...
#10 2566.1 Reading package lists...
#10 2567.1 Building dependency tree...
#10 2567.3 Reading state information...
#10 2567.5 The following additional packages will be installed:
#10 2567.5   mysql-client-8.0 mysql-client-core-8.0 mysql-common
#10 2567.5 The following NEW packages will be installed:
#10 2567.5   mysql-client mysql-client-8.0 mysql-client-core-8.0 mysql-common
#10 2568.5 0 upgraded, 4 newly installed, 0 to remove and 2 not upgraded.
#10 2568.5 Need to get 2746 kB of archives.
#10 2568.5 After this operation, 62.2 MB of additional disk space will be used.
#10 2568.5 Get:1 http://archive.ubuntu.com/ubuntu jammy-updates/main amd64 mysql-client-core-8.0 amd64 8.0.44-0ubuntu0.22.04.2 [2707 kB]
#10 2572.6 Get:2 http://archive.ubuntu.com/ubuntu jammy/main amd64 mysql-common all 5.8+1.0.8 [7212 B]
#10 2572.8 Get:3 http://archive.ubuntu.com/ubuntu jammy-updates/main amd64 mysql-client-8.0 amd64 8.0.44-0ubuntu0.22.04.2 [22.6 kB]
#10 2573.2 Get:4 http://archive.ubuntu.com/ubuntu jammy-updates/main amd64 mysql-client all 8.0.44-0ubuntu0.22.04.2 [9354 B]
#10 2573.4 debconf: delaying package configuration, since apt-utils is not installed
#10 2573.5 Fetched 2746 kB in 6s (485 kB/s)
#10 2573.5 Selecting previously unselected package mysql-client-core-8.0.
#10 2573.5 (Reading database ... 
(Reading database ... 5%
(Reading database ... 10%
(Reading database ... 15%
(Reading database ... 20%
(Reading database ... 25%
(Reading database ... 30%
(Reading database ... 35%
(Reading database ... 40%
(Reading database ... 45%
(Reading database ... 50%
(Reading database ... 55%
(Reading database ... 60%
(Reading database ... 65%
(Reading database ... 70%
(Reading database ... 75%
(Reading database ... 80%
(Reading database ... 85%
(Reading database ... 90%
(Reading database ... 95%
(Reading database ... 100%
(Reading database ... 49257 files and directories currently installed.)
#10 2573.5 Preparing to unpack .../mysql-client-core-8.0_8.0.44-0ubuntu0.22.04.2_amd64.deb ...
#10 2573.5 Unpacking mysql-client-core-8.0 (8.0.44-0ubuntu0.22.04.2) ...
#10 2573.8 Selecting previously unselected package mysql-common.
#10 2573.8 Preparing to unpack .../mysql-common_5.8+1.0.8_all.deb ...
#10 2573.8 Unpacking mysql-common (5.8+1.0.8) ...
#10 2573.8 Selecting previously unselected package mysql-client-8.0.
#10 2573.8 Preparing to unpack .../mysql-client-8.0_8.0.44-0ubuntu0.22.04.2_amd64.deb ...
#10 2573.8 Unpacking mysql-client-8.0 (8.0.44-0ubuntu0.22.04.2) ...
#10 2573.8 Selecting previously unselected package mysql-client.
#10 2573.9 Preparing to unpack .../mysql-client_8.0.44-0ubuntu0.22.04.2_all.deb ...
#10 2573.9 Unpacking mysql-client (8.0.44-0ubuntu0.22.04.2) ...
#10 2573.9 Setting up mysql-common (5.8+1.0.8) ...
#10 2573.9 update-alternatives: using /etc/mysql/my.cnf.fallback to provide /etc/mysql/my.cnf (my.cnf) in auto mode
#10 2573.9 Setting up mysql-client-core-8.0 (8.0.44-0ubuntu0.22.04.2) ...
#10 2573.9 Setting up mysql-client-8.0 (8.0.44-0ubuntu0.22.04.2) ...
#10 2574.0 Setting up mysql-client (8.0.44-0ubuntu0.22.04.2) ...
#10 2574.0 Processing triggers for man-db (2.10.2-1) ...
#10 2574.1 Reading package lists...
#10 2575.1 Building dependency tree...
#10 2575.4 Reading state information...
#10 2575.6 The following additional packages will be installed:
#10 2575.6   libpq5 postgresql-client-common
#10 2575.6 Suggested packages:
#10 2575.6   libpq-oauth postgresql-18 postgresql-doc-18
#10 2575.6 The following NEW packages will be installed:
#10 2575.6   postgresql-client-18 postgresql-client-common
#10 2575.6 The following packages will be upgraded:
#10 2575.6   libpq5
#10 2575.8 1 upgraded, 2 newly installed, 0 to remove and 1 not upgraded.
#10 2575.8 Need to get 2434 kB of archives.
#10 2575.8 After this operation, 11.4 MB of additional disk space will be used.
#10 2575.8 Get:1 http://apt.postgresql.org/pub/repos/apt jammy-pgdg/main amd64 libpq5 amd64 18.1-1.pgdg22.04+2 [246 kB]
#10 2576.1 Get:2 http://apt.postgresql.org/pub/repos/apt jammy-pgdg/main amd64 postgresql-client-common all 287.pgdg22.04+1 [106 kB]
#10 2576.2 Get:3 http://apt.postgresql.org/pub/repos/apt jammy-pgdg/main amd64 postgresql-client-18 amd64 18.1-1.pgdg22.04+2 [2082 kB]
#10 2577.7 debconf: delaying package configuration, since apt-utils is not installed
#10 2577.7 Fetched 2434 kB in 2s (1235 kB/s)
#10 2577.8 (Reading database ... 
(Reading database ... 5%
(Reading database ... 10%
(Reading database ... 15%
(Reading database ... 20%
(Reading database ... 25%
(Reading database ... 30%
(Reading database ... 35%
(Reading database ... 40%
(Reading database ... 45%
(Reading database ... 50%
(Reading database ... 55%
(Reading database ... 60%
(Reading database ... 65%
(Reading database ... 70%
(Reading database ... 75%
(Reading database ... 80%
(Reading database ... 85%
(Reading database ... 90%
(Reading database ... 95%
(Reading database ... 100%
(Reading database ... 49311 files and directories currently installed.)
#10 2577.8 Preparing to unpack .../libpq5_18.1-1.pgdg22.04+2_amd64.deb ...
#10 2577.8 Unpacking libpq5:amd64 (18.1-1.pgdg22.04+2) over (14.20-0ubuntu0.22.04.1) ...
#10 2577.9 Selecting previously unselected package postgresql-client-common.
#10 2577.9 Preparing to unpack .../postgresql-client-common_287.pgdg22.04+1_all.deb ...
#10 2577.9 Unpacking postgresql-client-common (287.pgdg22.04+1) ...
#10 2577.9 Selecting previously unselected package postgresql-client-18.
#10 2577.9 Preparing to unpack .../postgresql-client-18_18.1-1.pgdg22.04+2_amd64.deb ...
#10 2577.9 Unpacking postgresql-client-18 (18.1-1.pgdg22.04+2) ...
#10 2578.1 Setting up postgresql-client-common (287.pgdg22.04+1) ...
#10 2578.1 Setting up libpq5:amd64 (18.1-1.pgdg22.04+2) ...
#10 2578.2 Setting up postgresql-client-18 (18.1-1.pgdg22.04+2) ...
#10 2578.5 update-alternatives: using /usr/share/postgresql/18/man/man1/psql.1.gz to provide /usr/share/man/man1/psql.1.gz (psql.1.gz) in auto mode
#10 2578.5 Processing triggers for man-db (2.10.2-1) ...
#10 2578.6 Processing triggers for libc-bin (2.35-0ubuntu3.11) ...
#10 2578.7 Reading package lists...
#10 2579.6 Building dependency tree...
#10 2579.9 Reading state information...
#10 2580.1 0 upgraded, 0 newly installed, 0 to remove and 1 not upgraded.
#10 DONE 2580.5s

#11 [ 6/14] RUN setcap "cap_net_bind_service=+ep" /usr/bin/php8.5
#11 DONE 1.3s

#12 [ 7/14] RUN userdel -r ubuntu
#12 0.262 userdel: user 'ubuntu' does not exist
#12 ERROR: process "/bin/sh -c userdel -r ubuntu" did not complete successfully: exit code: 6
------
 > [ 7/14] RUN userdel -r ubuntu:
0.262 userdel: user 'ubuntu' does not exist
------
docker : Dockerfile:80
At line:1 char:1
+ docker compose build --no-cache > 
build_output.txt 2>&1
+ ~~~~~~~~~~~~~~~~~~~~~~~~~~~~~~~~~~~~~~~~
~~~~~~~~~~~~~~~
    + CategoryInfo          : NotSpecifie 
   d: (Dockerfile:80:String) [], RemoteE  
  xception
    + FullyQualifiedErrorId : NativeComma 
   ndError
 

--------------------

  78 |     RUN setcap 
"cap_net_bind_service=+ep" /usr/bin/php8.5

  79 |     

  80 | >>> RUN userdel -r ubuntu

  81 |     RUN groupadd --force -g 
$WWWGROUP sail

  82 |     RUN useradd -ms /bin/bash 
--no-user-group -g $WWWGROUP -u 1337 sail

--------------------

failed to solve: process "/bin/sh -c 
userdel -r ubuntu" did not complete 
successfully: exit code: 6

